#-----------------------------------------------------------
# Vivado v2024.2 (64-bit)
# SW Build 5239630 on Fri Nov 08 22:35:27 MST 2024
# IP Build 5239520 on Sun Nov 10 16:12:51 MST 2024
# SharedData Build 5239561 on Fri Nov 08 14:39:27 MST 2024
# Start of session at: Tue Jan 27 20:33:42 2026
# Process ID         : 27276
# Current directory  : C:/Users/C27John.Alves/ECE383/ece383_wksp/lab1/Lab1_Cadet_Code_2026/Lab1_Cadet_Code_2026/lab1_code/lab1_code.runs/clk_wiz_0_synth_1
# Command line       : vivado.exe -log clk_wiz_0.vds -product Vivado -mode batch -messageDb vivado.pb -notrace -source clk_wiz_0.tcl
# Log file           : C:/Users/C27John.Alves/ECE383/ece383_wksp/lab1/Lab1_Cadet_Code_2026/Lab1_Cadet_Code_2026/lab1_code/lab1_code.runs/clk_wiz_0_synth_1/clk_wiz_0.vds
# Journal file       : C:/Users/C27John.Alves/ECE383/ece383_wksp/lab1/Lab1_Cadet_Code_2026/Lab1_Cadet_Code_2026/lab1_code/lab1_code.runs/clk_wiz_0_synth_1\vivado.jou
# Running On         : C27-5CG3121G2J
# Platform           : Windows Server 2016 or Windows 10
# Operating System   : 22631
# Processor Detail   : AMD Ryzen 7 PRO 6850U with Radeon Graphics     
# CPU Frequency      : 2695 MHz
# CPU Physical cores : 8
# CPU Logical cores  : 16
# Host memory        : 16442 MB
# Swap memory        : 14230 MB
# Total Virtual      : 30673 MB
# Available Virtual  : 5531 MB
#-----------------------------------------------------------
source clk_wiz_0.tcl -notrace
