INFO: [VRFC 10-2263] Analyzing Verilog file "C:/383/ece383-lab4/Lab4.srcs/sources_1/imports/lab2_code_for_cadets/audio_init.v" into library xil_defaultlib
INFO: [VRFC 10-311] analyzing module audio_init
INFO: [VRFC 10-2263] Analyzing Verilog file "C:/383/ece383-lab4/Lab4.sim/Amplify/behav/xsim/glbl.v" into library xil_defaultlib
INFO: [VRFC 10-311] analyzing module glbl
INFO: [VRFC 10-163] Analyzing VHDL file "C:/383/ece383-lab4/Lab4.gen/sources_1/ip/clk_wiz_0/clk_wiz_0_sim_netlist.vhdl" into library xil_defaultlib
INFO: [VRFC 10-3107] analyzing entity 'clk_wiz_0_clk_wiz'
INFO: [VRFC 10-3107] analyzing entity 'clk_wiz_0'
INFO: [VRFC 10-163] Analyzing VHDL file "C:/383/ece383-lab4/Lab4.srcs/sources_1/imports/ece383-lab4/Amplify.vhd" into library xil_defaultlib
INFO: [VRFC 10-3107] analyzing entity 'Amplify'
INFO: [VRFC 10-163] Analyzing VHDL file "C:/383/ece383-lab4/Lab4.srcs/sources_1/imports/ece383-lab4/BaseAndNextReg.vhd" into library xil_defaultlib
INFO: [VRFC 10-3107] analyzing entity 'BaseAndNextReg'
INFO: [VRFC 10-163] Analyzing VHDL file "C:/383/ece383-lab4/Lab4.srcs/sources_1/imports/ece383-lab4/IndexOffsetReg.vhd" into library xil_defaultlib
INFO: [VRFC 10-3107] analyzing entity 'IndexOffsetReg'
INFO: [VRFC 10-163] Analyzing VHDL file "C:/383/ece383-lab4/Lab4.srcs/sources_1/imports/ece383-lab4/Interpolate.vhd" into library xil_defaultlib
INFO: [VRFC 10-3107] analyzing entity 'Interpolate'
INFO: [VRFC 10-163] Analyzing VHDL file "C:/383/ece383-lab4/Lab4.srcs/sources_1/imports/ece383-lab4/Lab4_cu.vhd" into library xil_defaultlib
INFO: [VRFC 10-3107] analyzing entity 'Lab4_cu'
INFO: [VRFC 10-163] Analyzing VHDL file "C:/383/ece383-lab4/Lab4.srcs/sources_1/imports/ece383-lab4/Lab4_dp.vhd" into library xil_defaultlib
INFO: [VRFC 10-3107] analyzing entity 'Lab4_dp'
INFO: [VRFC 10-163] Analyzing VHDL file "C:/383/ece383-lab4/Lab4.srcs/sources_1/imports/ece383-lab4/LookupTable.vhd" into library xil_defaultlib
INFO: [VRFC 10-3107] analyzing entity 'LookupTable'
INFO: [VRFC 10-163] Analyzing VHDL file "C:/383/ece383-lab4/Lab4.srcs/sources_1/imports/ece383-lab4/ResultReg.vhd" into library xil_defaultlib
INFO: [VRFC 10-3107] analyzing entity 'ResultReg'
INFO: [VRFC 10-163] Analyzing VHDL file "C:/383/ece383-lab4/Lab4.srcs/sources_1/imports/ece383-lab4/Lab4.vhd" into library xil_defaultlib
INFO: [VRFC 10-3107] analyzing entity 'Lab4'
INFO: [VRFC 10-163] Analyzing VHDL file "C:/383/ece383-lab4/Lab4.srcs/sources_1/imports/lab2_code_for_cadets/Audio_Codec_Wrapper.vhd" into library xil_defaultlib
INFO: [VRFC 10-3107] analyzing entity 'Audio_Codec_Wrapper'
INFO: [VRFC 10-163] Analyzing VHDL file "C:/383/ece383-lab4/Lab4.srcs/sources_1/imports/lab2_code_for_cadets/i2s_ctl.vhd" into library xil_defaultlib
INFO: [VRFC 10-3107] analyzing entity 'i2s_ctl'
INFO: [VRFC 10-163] Analyzing VHDL file "C:/383/ece383-lab4/Lab4.srcs/sources_1/imports/lab2_code_for_cadets/TWICtl.vhd" into library xil_defaultlib
INFO: [VRFC 10-3107] analyzing entity 'TWICtl'
INFO: [VRFC 10-163] Analyzing VHDL file "C:/383/ece383-lab4/Lab4.srcs/sim_1/new/Amplify_tb.vhd" into library xil_defaultlib
INFO: [VRFC 10-3107] analyzing entity 'Amplify_tb'
