Copyright 1986-2022 Xilinx, Inc. All Rights Reserved. Copyright 2022-2024 Advanced Micro Devices, Inc. All Rights Reserved.
---------------------------------------------------------------------------------------------------------------------------------------------
| Tool Version : Vivado v.2024.2 (win64) Build 5239630 Fri Nov 08 22:35:27 MST 2024
| Date         : Thu May  7 07:02:18 2026
| Host         : C27-5CG3121G2J running 64-bit major release  (build 9200)
| Command      : report_control_sets -verbose -file top_control_sets_placed.rpt
| Design       : top
| Device       : xc7a200t
---------------------------------------------------------------------------------------------------------------------------------------------

Control Set Information

Table of Contents
-----------------
1. Summary
2. Histogram
3. Flip-Flop Distribution
4. Detailed Control Set Information

1. Summary
----------

+----------------------------------------------------------+-------+
|                          Status                          | Count |
+----------------------------------------------------------+-------+
| Total control sets                                       |    19 |
|    Minimum number of control sets                        |    19 |
|    Addition due to synthesis replication                 |     0 |
|    Addition due to physical synthesis replication        |     0 |
| Unused register locations in slices containing registers |    83 |
+----------------------------------------------------------+-------+
* Control sets can be merged at opt_design using control_set_merge or merge_equivalent_drivers
** Run report_qor_suggestions for automated merging and remapping suggestions


2. Histogram
------------

+--------------------+-------+
|       Fanout       | Count |
+--------------------+-------+
| Total control sets |    19 |
| >= 0 to < 4        |     1 |
| >= 4 to < 6        |     2 |
| >= 6 to < 8        |     2 |
| >= 8 to < 10       |     2 |
| >= 10 to < 12      |     1 |
| >= 12 to < 14      |     0 |
| >= 14 to < 16      |     0 |
| >= 16              |    11 |
+--------------------+-------+
* Control sets can be remapped at either synth_design or opt_design


3. Flip-Flop Distribution
-------------------------

+--------------+-----------------------+------------------------+-----------------+--------------+
| Clock Enable | Synchronous Set/Reset | Asynchronous Set/Reset | Total Registers | Total Slices |
+--------------+-----------------------+------------------------+-----------------+--------------+
| No           | No                    | No                     |               1 |            1 |
| No           | No                    | Yes                    |               0 |            0 |
| No           | Yes                   | No                     |              59 |           19 |
| Yes          | No                    | No                     |               0 |            0 |
| Yes          | No                    | Yes                    |               0 |            0 |
| Yes          | Yes                   | No                     |             193 |           81 |
+--------------+-----------------------+------------------------+-----------------+--------------+


4. Detailed Control Set Information
-----------------------------------

+----------------+---------------------------------+-------------------------+------------------+----------------+--------------+
|  Clock Signal  |          Enable Signal          |     Set/Reset Signal    | Slice Load Count | Bel Load Count | Bels / Slice |
+----------------+---------------------------------+-------------------------+------------------+----------------+--------------+
|  clk_IBUF_BUFG |                                 |                         |                1 |              1 |         1.00 |
|  clk_IBUF_BUFG | nes/bit_cnt                     | regfile/SR[0]           |                1 |              4 |         4.00 |
|  clk_IBUF_BUFG | fsm/cooldown[4]_i_1_n_0         | regfile/SR[0]           |                2 |              5 |         2.50 |
|  clk_IBUF_BUFG | nes/FSM_onehot_state[6]_i_2_n_0 | regfile/SR[0]           |                2 |              7 |         3.50 |
|  clk_IBUF_BUFG | nes/latched_buttons             | regfile/SR[0]           |                2 |              7 |         3.50 |
|  clk_IBUF_BUFG | fsm/hold_cnt[7]_i_1_n_0         | regfile/SR[0]           |                4 |              8 |         2.00 |
|  clk_IBUF_BUFG | nes/shift_reg                   | regfile/SR[0]           |                1 |              8 |         8.00 |
|  clk_IBUF_BUFG | nes/clk_cnt                     | regfile/SR[0]           |                3 |             11 |         3.67 |
|  clk_IBUF_BUFG |                                 | regfile/SR[0]           |                7 |             17 |         2.43 |
|  clk_IBUF_BUFG | fsm/E[0]                        | regfile/SR[0]           |                8 |             17 |         2.12 |
|  clk_IBUF_BUFG | fsm/i_wr_en_reg_2[0]            | regfile/SR[0]           |                8 |             17 |         2.12 |
|  clk_IBUF_BUFG | fsm/i_wr_en_reg_1[0]            | regfile/SR[0]           |                7 |             17 |         2.43 |
|  clk_IBUF_BUFG | fsm/i_wr_en_reg_3[0]            | regfile/SR[0]           |                5 |             17 |         3.40 |
|  clk_IBUF_BUFG | fsm/i_wr_en_reg_0[0]            | regfile/SR[0]           |               10 |             17 |         1.70 |
|  clk_IBUF_BUFG | fsm/i_wr_en_reg_4[0]            | regfile/SR[0]           |                9 |             17 |         1.89 |
|  clk_IBUF_BUFG | fsm/i_sel[2]_i_1_n_0            | regfile/SR[0]           |               13 |             20 |         1.54 |
|  clk_IBUF_BUFG |                                 | fsm/tick_cnt[0]_i_1_n_0 |                6 |             21 |         3.50 |
|  clk_IBUF_BUFG |                                 | pwm/counter[0]_i_1_n_0  |                6 |             21 |         3.50 |
|  clk_IBUF_BUFG | nes/frame_cnt                   | regfile/SR[0]           |                6 |             21 |         3.50 |
+----------------+---------------------------------+-------------------------+------------------+----------------+--------------+


