Copyright 1986-2022 Xilinx, Inc. All Rights Reserved. Copyright 2022-2024 Advanced Micro Devices, Inc. All Rights Reserved.
---------------------------------------------------------------------------------------------------------------------------------------------
| Tool Version : Vivado v.2024.2 (win64) Build 5239630 Fri Nov 08 22:35:27 MST 2024
| Date         : Tue Feb 17 21:04:39 2026
| Host         : C27-5CG3121G2J running 64-bit major release  (build 9200)
| Command      : report_control_sets -verbose -file lab2_control_sets_placed.rpt
| Design       : lab2
| Device       : xc7a200t
---------------------------------------------------------------------------------------------------------------------------------------------

Control Set Information

Table of Contents
-----------------
1. Summary
2. Histogram
3. Flip-Flop Distribution
4. Detailed Control Set Information

1. Summary
----------

+----------------------------------------------------------+-------+
|                          Status                          | Count |
+----------------------------------------------------------+-------+
| Total control sets                                       |    32 |
|    Minimum number of control sets                        |    32 |
|    Addition due to synthesis replication                 |     0 |
|    Addition due to physical synthesis replication        |     0 |
| Unused register locations in slices containing registers |   102 |
+----------------------------------------------------------+-------+
* Control sets can be merged at opt_design using control_set_merge or merge_equivalent_drivers
** Run report_qor_suggestions for automated merging and remapping suggestions


2. Histogram
------------

+--------------------+-------+
|       Fanout       | Count |
+--------------------+-------+
| Total control sets |    32 |
| >= 0 to < 4        |     0 |
| >= 4 to < 6        |     7 |
| >= 6 to < 8        |     6 |
| >= 8 to < 10       |     1 |
| >= 10 to < 12      |     6 |
| >= 12 to < 14      |     0 |
| >= 14 to < 16      |     3 |
| >= 16              |     9 |
+--------------------+-------+
* Control sets can be remapped at either synth_design or opt_design


3. Flip-Flop Distribution
-------------------------

+--------------+-----------------------+------------------------+-----------------+--------------+
| Clock Enable | Synchronous Set/Reset | Asynchronous Set/Reset | Total Registers | Total Slices |
+--------------+-----------------------+------------------------+-----------------+--------------+
| No           | No                    | No                     |             108 |           35 |
| No           | No                    | Yes                    |               0 |            0 |
| No           | Yes                   | No                     |              85 |           27 |
| Yes          | No                    | No                     |              89 |           31 |
| Yes          | No                    | Yes                    |               0 |            0 |
| Yes          | Yes                   | No                     |             184 |           64 |
+--------------+-----------------------+------------------------+-----------------+--------------+


4. Detailed Control Set Information
-----------------------------------

+-----------------------------------------------------------------+---------------------------------------------------------------------------------+---------------------------------------------------------------------------------------------------+------------------+----------------+--------------+
|                           Clock Signal                          |                                  Enable Signal                                  |                                          Set/Reset Signal                                         | Slice Load Count | Bel Load Count | Bels / Slice |
+-----------------------------------------------------------------+---------------------------------------------------------------------------------+---------------------------------------------------------------------------------------------------+------------------+----------------+--------------+
|  clk_IBUF_BUFG                                                  |                                                                                 | datapath/Audio_Codec/initialize_audio/SR[0]                                                       |                3 |              4 |         1.33 |
|  datapath/Audio_Codec/audiocodec_master_clock/inst/clk_out2     | datapath/Audio_Codec/initialize_audio/twi_controller/FSM_gray_state[3]_i_1_n_0  |                                                                                                   |                3 |              4 |         1.33 |
|  datapath/Audio_Codec/audiocodec_master_clock/inst/clk_out2     | datapath/Audio_Codec/initialize_audio/twi_controller/state_reg[1][0]            | datapath/Audio_Codec/initialize_audio/SR[0]                                                       |                2 |              4 |         2.00 |
|  datapath/video_inst/mmcm_adv_inst_display_clocks/inst/clk_out2 |                                                                                 | datapath/video_inst/inst_dvid/shift_red[7]_i_1_n_0                                                |                1 |              5 |         5.00 |
|  clk_IBUF_BUFG                                                  |                                                                                 | datapath/Audio_Codec/audio_inout/Cnt_Bclk[4]_i_1_n_0                                              |                1 |              5 |         5.00 |
|  clk_IBUF_BUFG                                                  | datapath/Audio_Codec/audio_inout/BCLK_Fall_int                                  | datapath/Audio_Codec/initialize_audio/SR[0]                                                       |                2 |              5 |         2.50 |
|  clk_IBUF_BUFG                                                  | control/FSM_onehot_state[4]_i_1_n_0                                             | datapath/Audio_Codec/initialize_audio/SR[0]                                                       |                2 |              5 |         2.50 |
|  datapath/video_inst/mmcm_adv_inst_display_clocks/inst/clk_out2 |                                                                                 | datapath/video_inst/inst_dvid/shift_red[9]_i_1_n_0                                                |                4 |              6 |         1.50 |
|  clk_IBUF_BUFG                                                  | datapath/t_trigger_stepper/db_cnt[20]_i_1__0_n_0                                | datapath/Audio_Codec/initialize_audio/SR[0]                                                       |                4 |              7 |         1.75 |
|  clk_IBUF_BUFG                                                  | datapath/v_trigger_stepper/db_cnt[20]_i_1_n_0                                   | datapath/Audio_Codec/initialize_audio/SR[0]                                                       |                3 |              7 |         2.33 |
|  datapath/Audio_Codec/audiocodec_master_clock/inst/clk_out2     |                                                                                 | datapath/Audio_Codec/initialize_audio/twi_controller/busFreeCnt0_1                                |                2 |              7 |         3.50 |
|  datapath/Audio_Codec/audiocodec_master_clock/inst/clk_out2     | datapath/Audio_Codec/initialize_audio/twi_controller/E[0]                       | datapath/Audio_Codec/initialize_audio/SR[0]                                                       |                2 |              7 |         3.50 |
|  datapath/Audio_Codec/audiocodec_master_clock/inst/clk_out2     | datapath/Audio_Codec/initialize_audio/twi_controller/sclCnt[6]_i_2_n_0          | datapath/Audio_Codec/initialize_audio/twi_controller/sclCnt0_0                                    |                3 |              7 |         2.33 |
|  datapath/Audio_Codec/audiocodec_master_clock/inst/clk_out2     | datapath/Audio_Codec/initialize_audio/twi_controller/dataByte[7]_i_1_n_0        |                                                                                                   |                2 |              8 |         4.00 |
|  datapath/video_inst/mmcm_adv_inst_display_clocks/inst/clk_out1 |                                                                                 | datapath/video_inst/Inst_vga/vga_signal_generator_Final/horizontal_counter/processQ[9]_i_1__0_n_0 |                3 |             10 |         3.33 |
|  datapath/video_inst/mmcm_adv_inst_display_clocks/inst/clk_out1 | datapath/video_inst/Inst_vga/vga_signal_generator_Final/horizontal_counter/E[0] | datapath/Audio_Codec/initialize_audio/SR[0]                                                       |                4 |             10 |         2.50 |
|  clk_IBUF_BUFG                                                  | datapath/t_trigger_stepper/process_q[10]_i_1__0_n_0                             | datapath/Audio_Codec/initialize_audio/SR[0]                                                       |                3 |             10 |         3.33 |
|  clk_IBUF_BUFG                                                  | datapath/v_trigger_stepper/process_q[10]_i_1_n_0                                | datapath/Audio_Codec/initialize_audio/SR[0]                                                       |                3 |             10 |         3.33 |
|  clk_IBUF_BUFG                                                  | control/E[0]                                                                    | datapath/Audio_Codec/initialize_audio/SR[0]                                                       |                3 |             10 |         3.33 |
|  datapath/Audio_Codec/audiocodec_master_clock/inst/clk_out2     | reset_n_IBUF                                                                    |                                                                                                   |                3 |             10 |         3.33 |
|  clk_IBUF_BUFG                                                  |                                                                                 |                                                                                                   |                5 |             14 |         2.80 |
|  clk_IBUF_BUFG                                                  | datapath/t_trigger_stepper/p_1_in                                               | datapath/t_trigger_stepper/db_cnt[16]_i_1__0_n_0                                                  |                4 |             14 |         3.50 |
|  clk_IBUF_BUFG                                                  | datapath/v_trigger_stepper/p_1_in                                               | datapath/v_trigger_stepper/db_cnt[16]_i_1_n_0                                                     |                4 |             14 |         3.50 |
|  datapath/video_inst/mmcm_adv_inst_display_clocks/inst/clk_out1 |                                                                                 | datapath/video_inst/Inst_vga/vga_signal_generator_Final/vga_reg[blank]_0                          |                4 |             16 |         4.00 |
|  clk_IBUF_BUFG                                                  | datapath/Audio_Codec/audio_inout/Data_Out_int[31]_i_1_n_0                       |                                                                                                   |                5 |             17 |         3.40 |
|  datapath/Audio_Codec/audiocodec_master_clock/inst/clk_out2     |                                                                                 |                                                                                                   |               10 |             18 |         1.80 |
|  datapath/Audio_Codec/audiocodec_master_clock/inst/clk_out2     | datapath/Audio_Codec/initialize_audio/initWord[30]_i_1_n_0                      |                                                                                                   |                7 |             18 |         2.57 |
|  datapath/video_inst/mmcm_adv_inst_display_clocks/inst/clk_out2 |                                                                                 |                                                                                                   |                5 |             29 |         5.80 |
|  clk_IBUF_BUFG                                                  | datapath/Audio_Codec/ready_sig_reg_0[0]                                         |                                                                                                   |               11 |             32 |         2.91 |
|  datapath/Audio_Codec/audiocodec_master_clock/inst/clk_out2     |                                                                                 | datapath/Audio_Codec/initialize_audio/delaycnt0                                                   |                9 |             32 |         3.56 |
|  datapath/video_inst/mmcm_adv_inst_display_clocks/inst/clk_out1 |                                                                                 |                                                                                                   |               15 |             47 |         3.13 |
|  clk_IBUF_BUFG                                                  | datapath/Audio_Codec/E[0]                                                       | datapath/Audio_Codec/initialize_audio/SR[0]                                                       |               25 |             74 |         2.96 |
+-----------------------------------------------------------------+---------------------------------------------------------------------------------+---------------------------------------------------------------------------------------------------+------------------+----------------+--------------+


