
*** Running vivado
    with args -log design_1_My_Counter_IP_0_0.vds -m64 -product Vivado -mode batch -messageDb vivado.pb -notrace -source design_1_My_Counter_IP_0_0.tcl



****** Vivado v2024.2 (64-bit)
  **** SW Build 5239630 on Fri Nov 08 22:35:27 MST 2024
  **** IP Build 5239520 on Sun Nov 10 16:12:51 MST 2024
  **** SharedData Build 5239561 on Fri Nov 08 14:39:27 MST 2024
  **** Start of session at: Wed Mar  4 21:37:47 2026
    ** Copyright 1986-2022 Xilinx, Inc. All Rights Reserved.
    ** Copyright 2022-2024 Advanced Micro Devices, Inc. All Rights Reserved.

source design_1_My_Counter_IP_0_0.tcl -notrace
INFO: [IP_Flow 19-234] Refreshing IP repositories
INFO: [IP_Flow 19-1700] Loaded user IP repository 'c:/Users/C27John.Alves/ECE383/ece383_wksp/ice2/ip_repo/My_Counter_IP_1_0'.
INFO: [IP_Flow 19-2313] Loaded Vivado IP repository 'C:/Xilinx_383/Vivado/2024.2/data/ip'.
INFO: [IP_Flow 19-6924] IPCACHE: Running cache check for IP inst: design_1_My_Counter_IP_0_0
Command: synth_design -top design_1_My_Counter_IP_0_0 -part xc7a200tsbg484-1 -incremental_mode off -mode out_of_context
Starting synth_design
Attempting to get a license for feature 'Synthesis' and/or device 'xc7a200t'
INFO: [Common 17-349] Got license for feature 'Synthesis' and/or device 'xc7a200t'
INFO: [Device 21-403] Loading part xc7a200tsbg484-1
INFO: [Synth 8-7079] Multithreading enabled for synth_design using a maximum of 2 processes.
INFO: [Synth 8-7078] Launching helper process for spawning children vivado processes
INFO: [Synth 8-7075] Helper process launched with PID 34072
---------------------------------------------------------------------------------
Starting RTL Elaboration : Time (s): cpu = 00:00:05 ; elapsed = 00:00:09 . Memory (MB): peak = 1012.168 ; gain = 467.914
---------------------------------------------------------------------------------
INFO: [Synth 8-638] synthesizing module 'design_1_My_Counter_IP_0_0' [c:/Users/C27John.Alves/ECE383/ece383_wksp/ice2/ublaze2/ublaze2.gen/sources_1/bd/design_1/ip/design_1_My_Counter_IP_0_0/synth/design_1_My_Counter_IP_0_0.vhd:83]
	Parameter C_S00_AXI_DATA_WIDTH bound to: 32 - type: integer 
	Parameter C_S00_AXI_ADDR_WIDTH bound to: 7 - type: integer 
INFO: [Synth 8-3491] module 'My_Counter_IP' declared at 'c:/Users/C27John.Alves/ECE383/ece383_wksp/ice2/ublaze2/ublaze2.gen/sources_1/bd/design_1/ipshared/e7be/hdl/My_Counter_IP.vhd:5' bound to instance 'U0' of component 'My_Counter_IP' [c:/Users/C27John.Alves/ECE383/ece383_wksp/ice2/ublaze2/ublaze2.gen/sources_1/bd/design_1/ip/design_1_My_Counter_IP_0_0/synth/design_1_My_Counter_IP_0_0.vhd:154]
INFO: [Synth 8-638] synthesizing module 'My_Counter_IP' [c:/Users/C27John.Alves/ECE383/ece383_wksp/ice2/ublaze2/ublaze2.gen/sources_1/bd/design_1/ipshared/e7be/hdl/My_Counter_IP.vhd:49]
	Parameter C_S_AXI_DATA_WIDTH bound to: 32 - type: integer 
	Parameter C_S_AXI_ADDR_WIDTH bound to: 7 - type: integer 
INFO: [Synth 8-3491] module 'My_Counter_IP_slave_lite_v1_0_S00_AXI' declared at 'c:/Users/C27John.Alves/ECE383/ece383_wksp/ice2/ublaze2/ublaze2.gen/sources_1/bd/design_1/ipshared/e7be/hdl/My_Counter_IP_slave_lite_v1_0_S00_AXI.vhd:5' bound to instance 'My_Counter_IP_slave_lite_v1_0_S00_AXI_inst' of component 'My_Counter_IP_slave_lite_v1_0_S00_AXI' [c:/Users/C27John.Alves/ECE383/ece383_wksp/ice2/ublaze2/ublaze2.gen/sources_1/bd/design_1/ipshared/e7be/hdl/My_Counter_IP.vhd:86]
INFO: [Synth 8-638] synthesizing module 'My_Counter_IP_slave_lite_v1_0_S00_AXI' [c:/Users/C27John.Alves/ECE383/ece383_wksp/ice2/ublaze2/ublaze2.gen/sources_1/bd/design_1/ipshared/e7be/hdl/My_Counter_IP_slave_lite_v1_0_S00_AXI.vhd:86]
INFO: [Synth 8-226] default block is never used [c:/Users/C27John.Alves/ECE383/ece383_wksp/ice2/ublaze2/ublaze2.gen/sources_1/bd/design_1/ipshared/e7be/hdl/My_Counter_IP_slave_lite_v1_0_S00_AXI.vhd:286]
	Parameter N bound to: 8 - type: integer 
INFO: [Synth 8-3491] module 'lec10' declared at 'c:/Users/C27John.Alves/ECE383/ece383_wksp/ice2/ublaze2/ublaze2.gen/sources_1/bd/design_1/ipshared/e7be/src/ice2.vhdl:25' bound to instance 'counter' of component 'lec10' [c:/Users/C27John.Alves/ECE383/ece383_wksp/ice2/ublaze2/ublaze2.gen/sources_1/bd/design_1/ipshared/e7be/hdl/My_Counter_IP_slave_lite_v1_0_S00_AXI.vhd:660]
INFO: [Synth 8-638] synthesizing module 'lec10' [c:/Users/C27John.Alves/ECE383/ece383_wksp/ice2/ublaze2/ublaze2.gen/sources_1/bd/design_1/ipshared/e7be/src/ice2.vhdl:34]
INFO: [Synth 8-256] done synthesizing module 'lec10' (0#1) [c:/Users/C27John.Alves/ECE383/ece383_wksp/ice2/ublaze2/ublaze2.gen/sources_1/bd/design_1/ipshared/e7be/src/ice2.vhdl:34]
INFO: [Synth 8-256] done synthesizing module 'My_Counter_IP_slave_lite_v1_0_S00_AXI' (0#1) [c:/Users/C27John.Alves/ECE383/ece383_wksp/ice2/ublaze2/ublaze2.gen/sources_1/bd/design_1/ipshared/e7be/hdl/My_Counter_IP_slave_lite_v1_0_S00_AXI.vhd:86]
INFO: [Synth 8-256] done synthesizing module 'My_Counter_IP' (0#1) [c:/Users/C27John.Alves/ECE383/ece383_wksp/ice2/ublaze2/ublaze2.gen/sources_1/bd/design_1/ipshared/e7be/hdl/My_Counter_IP.vhd:49]
INFO: [Synth 8-256] done synthesizing module 'design_1_My_Counter_IP_0_0' (0#1) [c:/Users/C27John.Alves/ECE383/ece383_wksp/ice2/ublaze2/ublaze2.gen/sources_1/bd/design_1/ip/design_1_My_Counter_IP_0_0/synth/design_1_My_Counter_IP_0_0.vhd:83]
WARNING: [Synth 8-7129] Port S_AXI_AWPROT[2] in module My_Counter_IP_slave_lite_v1_0_S00_AXI is either unconnected or has no load
WARNING: [Synth 8-7129] Port S_AXI_AWPROT[1] in module My_Counter_IP_slave_lite_v1_0_S00_AXI is either unconnected or has no load
WARNING: [Synth 8-7129] Port S_AXI_AWPROT[0] in module My_Counter_IP_slave_lite_v1_0_S00_AXI is either unconnected or has no load
WARNING: [Synth 8-7129] Port S_AXI_ARPROT[2] in module My_Counter_IP_slave_lite_v1_0_S00_AXI is either unconnected or has no load
WARNING: [Synth 8-7129] Port S_AXI_ARPROT[1] in module My_Counter_IP_slave_lite_v1_0_S00_AXI is either unconnected or has no load
WARNING: [Synth 8-7129] Port S_AXI_ARPROT[0] in module My_Counter_IP_slave_lite_v1_0_S00_AXI is either unconnected or has no load
---------------------------------------------------------------------------------
Finished RTL Elaboration : Time (s): cpu = 00:00:07 ; elapsed = 00:00:13 . Memory (MB): peak = 1150.848 ; gain = 606.594
---------------------------------------------------------------------------------
---------------------------------------------------------------------------------
Start Handling Custom Attributes
---------------------------------------------------------------------------------
---------------------------------------------------------------------------------
Finished Handling Custom Attributes : Time (s): cpu = 00:00:07 ; elapsed = 00:00:13 . Memory (MB): peak = 1150.848 ; gain = 606.594
---------------------------------------------------------------------------------
---------------------------------------------------------------------------------
Finished RTL Optimization Phase 1 : Time (s): cpu = 00:00:07 ; elapsed = 00:00:13 . Memory (MB): peak = 1150.848 ; gain = 606.594
---------------------------------------------------------------------------------
Netlist sorting complete. Time (s): cpu = 00:00:00 ; elapsed = 00:00:00.083 . Memory (MB): peak = 1150.848 ; gain = 0.000
INFO: [Project 1-570] Preparing netlist for logic optimization

Processing XDC Constraints
Initializing timing engine
Completed Processing XDC Constraints

Netlist sorting complete. Time (s): cpu = 00:00:00 ; elapsed = 00:00:00.001 . Memory (MB): peak = 1242.430 ; gain = 0.000
INFO: [Project 1-111] Unisim Transformation Summary:
No Unisim elements were transformed.

Constraint Validation Runtime : Time (s): cpu = 00:00:00 ; elapsed = 00:00:00.122 . Memory (MB): peak = 1242.914 ; gain = 0.484
INFO: [Designutils 20-5008] Incremental synthesis strategy off
---------------------------------------------------------------------------------
Finished Constraint Validation : Time (s): cpu = 00:00:14 ; elapsed = 00:00:25 . Memory (MB): peak = 1242.914 ; gain = 698.660
---------------------------------------------------------------------------------
---------------------------------------------------------------------------------
Start Loading Part and Timing Information
---------------------------------------------------------------------------------
Loading part: xc7a200tsbg484-1
---------------------------------------------------------------------------------
Finished Loading Part and Timing Information : Time (s): cpu = 00:00:14 ; elapsed = 00:00:25 . Memory (MB): peak = 1242.914 ; gain = 698.660
---------------------------------------------------------------------------------
---------------------------------------------------------------------------------
Start Applying 'set_property' XDC Constraints
---------------------------------------------------------------------------------
---------------------------------------------------------------------------------
Finished applying 'set_property' XDC Constraints : Time (s): cpu = 00:00:14 ; elapsed = 00:00:25 . Memory (MB): peak = 1242.914 ; gain = 698.660
---------------------------------------------------------------------------------
INFO: [Synth 8-802] inferred FSM for state register 'state_write_reg' in module 'My_Counter_IP_slave_lite_v1_0_S00_AXI'
INFO: [Synth 8-802] inferred FSM for state register 'state_read_reg' in module 'My_Counter_IP_slave_lite_v1_0_S00_AXI'
---------------------------------------------------------------------------------------------------
                   State |                     New Encoding |                Previous Encoding 
---------------------------------------------------------------------------------------------------
                    idle |                              001 |                               00
                   waddr |                              010 |                               10
                   wdata |                              100 |                               11
---------------------------------------------------------------------------------------------------
INFO: [Synth 8-3354] encoded FSM with state register 'state_write_reg' using encoding 'one-hot' in module 'My_Counter_IP_slave_lite_v1_0_S00_AXI'
---------------------------------------------------------------------------------------------------
                   State |                     New Encoding |                Previous Encoding 
---------------------------------------------------------------------------------------------------
                    idle |                               00 |                               00
                   raddr |                               01 |                               10
                   rdata |                               10 |                               11
---------------------------------------------------------------------------------------------------
INFO: [Synth 8-3354] encoded FSM with state register 'state_read_reg' using encoding 'sequential' in module 'My_Counter_IP_slave_lite_v1_0_S00_AXI'
---------------------------------------------------------------------------------
Finished RTL Optimization Phase 2 : Time (s): cpu = 00:00:15 ; elapsed = 00:00:26 . Memory (MB): peak = 1242.914 ; gain = 698.660
---------------------------------------------------------------------------------
---------------------------------------------------------------------------------
Start RTL Component Statistics 
---------------------------------------------------------------------------------
Detailed RTL Component Info : 
+---Adders : 
	   2 Input    8 Bit       Adders := 1     
+---Registers : 
	               32 Bit    Registers := 32    
	                8 Bit    Registers := 1     
	                7 Bit    Registers := 2     
	                2 Bit    Registers := 1     
	                1 Bit    Registers := 5     
+---Muxes : 
	   2 Input   32 Bit        Muxes := 32    
	  32 Input   32 Bit        Muxes := 32    
	   3 Input    8 Bit        Muxes := 1     
	   2 Input    5 Bit        Muxes := 1     
	   3 Input    3 Bit        Muxes := 1     
	   2 Input    3 Bit        Muxes := 3     
	   3 Input    2 Bit        Muxes := 1     
	   2 Input    2 Bit        Muxes := 2     
	   4 Input    1 Bit        Muxes := 1     
	   2 Input    1 Bit        Muxes := 2     
	   3 Input    1 Bit        Muxes := 12    
---------------------------------------------------------------------------------
Finished RTL Component Statistics 
---------------------------------------------------------------------------------
---------------------------------------------------------------------------------
Start Part Resource Summary
---------------------------------------------------------------------------------
Part Resources:
DSPs: 740 (col length:100)
BRAMs: 730 (col length: RAMB18 100 RAMB36 50)
---------------------------------------------------------------------------------
Finished Part Resource Summary
---------------------------------------------------------------------------------
---------------------------------------------------------------------------------
Start Cross Boundary and Area Optimization
---------------------------------------------------------------------------------
WARNING: [Synth 8-7080] Parallel synthesis criteria is not met
WARNING: [Synth 8-7129] Port S_AXI_AWPROT[2] in module My_Counter_IP_slave_lite_v1_0_S00_AXI is either unconnected or has no load
WARNING: [Synth 8-7129] Port S_AXI_AWPROT[1] in module My_Counter_IP_slave_lite_v1_0_S00_AXI is either unconnected or has no load
WARNING: [Synth 8-7129] Port S_AXI_AWPROT[0] in module My_Counter_IP_slave_lite_v1_0_S00_AXI is either unconnected or has no load
WARNING: [Synth 8-7129] Port S_AXI_ARPROT[2] in module My_Counter_IP_slave_lite_v1_0_S00_AXI is either unconnected or has no load
WARNING: [Synth 8-7129] Port S_AXI_ARPROT[1] in module My_Counter_IP_slave_lite_v1_0_S00_AXI is either unconnected or has no load
WARNING: [Synth 8-7129] Port S_AXI_ARPROT[0] in module My_Counter_IP_slave_lite_v1_0_S00_AXI is either unconnected or has no load
---------------------------------------------------------------------------------
Finished Cross Boundary and Area Optimization : Time (s): cpu = 00:00:18 ; elapsed = 00:00:31 . Memory (MB): peak = 1242.914 ; gain = 698.660
---------------------------------------------------------------------------------
---------------------------------------------------------------------------------
Start Applying XDC Timing Constraints
---------------------------------------------------------------------------------
---------------------------------------------------------------------------------
Finished Applying XDC Timing Constraints : Time (s): cpu = 00:00:23 ; elapsed = 00:00:39 . Memory (MB): peak = 1318.883 ; gain = 774.629
---------------------------------------------------------------------------------
---------------------------------------------------------------------------------
Start Timing Optimization
---------------------------------------------------------------------------------
---------------------------------------------------------------------------------
Finished Timing Optimization : Time (s): cpu = 00:00:23 ; elapsed = 00:00:40 . Memory (MB): peak = 1319.852 ; gain = 775.598
---------------------------------------------------------------------------------
---------------------------------------------------------------------------------
Start Technology Mapping
---------------------------------------------------------------------------------
---------------------------------------------------------------------------------
Finished Technology Mapping : Time (s): cpu = 00:00:23 ; elapsed = 00:00:40 . Memory (MB): peak = 1331.012 ; gain = 786.758
---------------------------------------------------------------------------------
---------------------------------------------------------------------------------
Start IO Insertion
---------------------------------------------------------------------------------
---------------------------------------------------------------------------------
Start Flattening Before IO Insertion
---------------------------------------------------------------------------------
---------------------------------------------------------------------------------
Finished Flattening Before IO Insertion
---------------------------------------------------------------------------------
---------------------------------------------------------------------------------
Start Final Netlist Cleanup
---------------------------------------------------------------------------------
---------------------------------------------------------------------------------
Finished Final Netlist Cleanup
---------------------------------------------------------------------------------
---------------------------------------------------------------------------------
Finished IO Insertion : Time (s): cpu = 00:00:27 ; elapsed = 00:00:46 . Memory (MB): peak = 1544.086 ; gain = 999.832
---------------------------------------------------------------------------------
---------------------------------------------------------------------------------
Start Renaming Generated Instances
---------------------------------------------------------------------------------
---------------------------------------------------------------------------------
Finished Renaming Generated Instances : Time (s): cpu = 00:00:27 ; elapsed = 00:00:46 . Memory (MB): peak = 1544.086 ; gain = 999.832
---------------------------------------------------------------------------------
---------------------------------------------------------------------------------
Start Rebuilding User Hierarchy
---------------------------------------------------------------------------------
---------------------------------------------------------------------------------
Finished Rebuilding User Hierarchy : Time (s): cpu = 00:00:27 ; elapsed = 00:00:46 . Memory (MB): peak = 1544.086 ; gain = 999.832
---------------------------------------------------------------------------------
---------------------------------------------------------------------------------
Start Renaming Generated Ports
---------------------------------------------------------------------------------
---------------------------------------------------------------------------------
Finished Renaming Generated Ports : Time (s): cpu = 00:00:27 ; elapsed = 00:00:46 . Memory (MB): peak = 1544.086 ; gain = 999.832
---------------------------------------------------------------------------------
---------------------------------------------------------------------------------
Start Handling Custom Attributes
---------------------------------------------------------------------------------
---------------------------------------------------------------------------------
Finished Handling Custom Attributes : Time (s): cpu = 00:00:27 ; elapsed = 00:00:46 . Memory (MB): peak = 1544.086 ; gain = 999.832
---------------------------------------------------------------------------------
---------------------------------------------------------------------------------
Start Renaming Generated Nets
---------------------------------------------------------------------------------
---------------------------------------------------------------------------------
Finished Renaming Generated Nets : Time (s): cpu = 00:00:27 ; elapsed = 00:00:46 . Memory (MB): peak = 1544.086 ; gain = 999.832
---------------------------------------------------------------------------------
---------------------------------------------------------------------------------
Start Writing Synthesis Report
---------------------------------------------------------------------------------

Report BlackBoxes: 
+-+--------------+----------+
| |BlackBox name |Instances |
+-+--------------+----------+
+-+--------------+----------+

Report Cell Usage: 
+------+------+------+
|      |Cell  |Count |
+------+------+------+
|1     |LUT1  |     1|
|2     |LUT2  |     2|
|3     |LUT3  |     5|
|4     |LUT4  |     5|
|5     |LUT5  |   107|
|6     |LUT6  |   332|
|7     |MUXF7 |   128|
|8     |FDRE  |  1029|
|9     |FDSE  |     1|
+------+------+------+
---------------------------------------------------------------------------------
Finished Writing Synthesis Report : Time (s): cpu = 00:00:27 ; elapsed = 00:00:46 . Memory (MB): peak = 1544.086 ; gain = 999.832
---------------------------------------------------------------------------------
Synthesis finished with 0 errors, 0 critical warnings and 7 warnings.
Synthesis Optimization Runtime : Time (s): cpu = 00:00:19 ; elapsed = 00:00:42 . Memory (MB): peak = 1544.086 ; gain = 907.766
Synthesis Optimization Complete : Time (s): cpu = 00:00:28 ; elapsed = 00:00:46 . Memory (MB): peak = 1544.086 ; gain = 999.832
INFO: [Project 1-571] Translating synthesized netlist
Netlist sorting complete. Time (s): cpu = 00:00:00 ; elapsed = 00:00:00.021 . Memory (MB): peak = 1553.242 ; gain = 0.000
INFO: [Netlist 29-17] Analyzing 128 Unisim elements for replacement
INFO: [Netlist 29-28] Unisim Transformation completed in 0 CPU seconds
WARNING: [Netlist 29-101] Netlist 'design_1_My_Counter_IP_0_0' is not ideal for floorplanning, since the cellview 'My_Counter_IP_slave_lite_v1_0_S00_AXI' contains a large number of primitives.  Please consider enabling hierarchy in synthesis if you want to do floorplanning.
INFO: [Project 1-570] Preparing netlist for logic optimization
INFO: [Opt 31-138] Pushed 0 inverter(s) to 0 load pin(s).
Netlist sorting complete. Time (s): cpu = 00:00:00 ; elapsed = 00:00:00 . Memory (MB): peak = 1559.508 ; gain = 0.000
INFO: [Project 1-111] Unisim Transformation Summary:
No Unisim elements were transformed.

Synth Design complete | Checksum: f608ee1e
INFO: [Common 17-83] Releasing license: Synthesis
35 Infos, 14 Warnings, 0 Critical Warnings and 0 Errors encountered.
synth_design completed successfully
synth_design: Time (s): cpu = 00:00:31 ; elapsed = 00:00:55 . Memory (MB): peak = 1559.508 ; gain = 1250.715
Write ShapeDB Complete: Time (s): cpu = 00:00:00 ; elapsed = 00:00:00.007 . Memory (MB): peak = 1559.508 ; gain = 0.000
INFO: [Common 17-1381] The checkpoint 'C:/Users/C27John.Alves/ECE383/ece383_wksp/ice2/ublaze2/ublaze2.runs/design_1_My_Counter_IP_0_0_synth_1/design_1_My_Counter_IP_0_0.dcp' has been generated.
INFO: [Coretcl 2-1648] Added synthesis output to IP cache for IP design_1_My_Counter_IP_0_0, cache-ID = 83e815aac97e696e
INFO: [Coretcl 2-1174] Renamed 3 cell refs.
Write ShapeDB Complete: Time (s): cpu = 00:00:00 ; elapsed = 00:00:00.004 . Memory (MB): peak = 1559.508 ; gain = 0.000
INFO: [Common 17-1381] The checkpoint 'C:/Users/C27John.Alves/ECE383/ece383_wksp/ice2/ublaze2/ublaze2.runs/design_1_My_Counter_IP_0_0_synth_1/design_1_My_Counter_IP_0_0.dcp' has been generated.
INFO: [Vivado 12-24828] Executing command : report_utilization -file design_1_My_Counter_IP_0_0_utilization_synth.rpt -pb design_1_My_Counter_IP_0_0_utilization_synth.pb
INFO: [Common 17-206] Exiting Vivado at Wed Mar  4 21:38:58 2026...
