Copyright 1986-2022 Xilinx, Inc. All Rights Reserved. Copyright 2022-2024 Advanced Micro Devices, Inc. All Rights Reserved.
---------------------------------------------------------------------------------------------------------------------------------------------
| Tool Version : Vivado v.2024.2 (win64) Build 5239630 Fri Nov 08 22:35:27 MST 2024
| Date         : Tue Apr  7 08:58:32 2026
| Host         : C27-5CG3121G2J running 64-bit major release  (build 9200)
| Command      : report_control_sets -verbose -file Lab4_control_sets_placed.rpt
| Design       : Lab4
| Device       : xc7a200t
---------------------------------------------------------------------------------------------------------------------------------------------

Control Set Information

Table of Contents
-----------------
1. Summary
2. Histogram
3. Flip-Flop Distribution
4. Detailed Control Set Information

1. Summary
----------

+----------------------------------------------------------+-------+
|                          Status                          | Count |
+----------------------------------------------------------+-------+
| Total control sets                                       |    21 |
|    Minimum number of control sets                        |    21 |
|    Addition due to synthesis replication                 |     0 |
|    Addition due to physical synthesis replication        |     0 |
| Unused register locations in slices containing registers |    69 |
+----------------------------------------------------------+-------+
* Control sets can be merged at opt_design using control_set_merge or merge_equivalent_drivers
** Run report_qor_suggestions for automated merging and remapping suggestions


2. Histogram
------------

+--------------------+-------+
|       Fanout       | Count |
+--------------------+-------+
| Total control sets |    21 |
| >= 0 to < 4        |     3 |
| >= 4 to < 6        |     6 |
| >= 6 to < 8        |     2 |
| >= 8 to < 10       |     1 |
| >= 10 to < 12      |     1 |
| >= 12 to < 14      |     0 |
| >= 14 to < 16      |     0 |
| >= 16              |     8 |
+--------------------+-------+
* Control sets can be remapped at either synth_design or opt_design


3. Flip-Flop Distribution
-------------------------

+--------------+-----------------------+------------------------+-----------------+--------------+
| Clock Enable | Synchronous Set/Reset | Asynchronous Set/Reset | Total Registers | Total Slices |
+--------------+-----------------------+------------------------+-----------------+--------------+
| No           | No                    | No                     |              30 |           14 |
| No           | No                    | Yes                    |               0 |            0 |
| No           | Yes                   | No                     |              52 |           18 |
| Yes          | No                    | No                     |             121 |           39 |
| Yes          | No                    | Yes                    |               0 |            0 |
| Yes          | Yes                   | No                     |              16 |            6 |
+--------------+-----------------------+------------------------+-----------------+--------------+


4. Detailed Control Set Information
-----------------------------------

+----------------------------------------------------+-----------------------------------------------------------------------+-----------------------------------------------------------+------------------+----------------+--------------+
|                    Clock Signal                    |                             Enable Signal                             |                      Set/Reset Signal                     | Slice Load Count | Bel Load Count | Bels / Slice |
+----------------------------------------------------+-----------------------------------------------------------------------+-----------------------------------------------------------+------------------+----------------+--------------+
|  CU/next_state_reg[1]_i_2_n_0                      |                                                                       | CU/next_state_reg[1]_i_3_n_0                              |                1 |              1 |         1.00 |
|  CU/next_state_reg[0]_i_2_n_0                      |                                                                       | CU/next_state1                                            |                1 |              1 |         1.00 |
|  CU/next_state_reg[2]_i_2_n_0                      |                                                                       | CU/next_state_reg[2]_i_3_n_0                              |                1 |              1 |         1.00 |
|  Audio_Codec/audiocodec_master_clock/inst/clk_out2 | Audio_Codec/initialize_audio/twi_controller/FSM_gray_state[3]_i_1_n_0 |                                                           |                3 |              4 |         1.33 |
|  Audio_Codec/audiocodec_master_clock/inst/clk_out2 | Audio_Codec/initialize_audio/twi_controller/E[0]                      | Audio_Codec/audio_inout/SR[0]                             |                2 |              4 |         2.00 |
|  clk_IBUF_BUFG                                     |                                                                       |                                                           |                2 |              5 |         2.50 |
|  clk_IBUF_BUFG                                     |                                                                       | Audio_Codec/audio_inout/Cnt_Bclk[4]_i_1_n_0               |                1 |              5 |         5.00 |
|  clk_IBUF_BUFG                                     |                                                                       | Audio_Codec/audio_inout/SR[0]                             |                2 |              5 |         2.50 |
|  clk_IBUF_BUFG                                     | Audio_Codec/audio_inout/BCLK_Fall_int                                 | Audio_Codec/audio_inout/SR[0]                             |                2 |              5 |         2.50 |
|  Audio_Codec/audiocodec_master_clock/inst/clk_out2 |                                                                       | Audio_Codec/initialize_audio/twi_controller/busFreeCnt0_1 |                3 |              7 |         2.33 |
|  Audio_Codec/audiocodec_master_clock/inst/clk_out2 | Audio_Codec/initialize_audio/twi_controller/sclCnt[6]_i_2_n_0         | Audio_Codec/initialize_audio/twi_controller/sclCnt0_0     |                2 |              7 |         3.50 |
|  Audio_Codec/audiocodec_master_clock/inst/clk_out2 | Audio_Codec/initialize_audio/twi_controller/dataByte[7]_i_1_n_0       |                                                           |                3 |              8 |         2.67 |
|  Audio_Codec/audiocodec_master_clock/inst/clk_out2 | reset_n_IBUF                                                          |                                                           |                5 |             10 |         2.00 |
|  clk_IBUF_BUFG                                     | CU/cw[1]                                                              |                                                           |                5 |             16 |         3.20 |
|  clk_IBUF_BUFG                                     | CU/cw[0]                                                              |                                                           |                4 |             16 |         4.00 |
|  clk_IBUF_BUFG                                     | CU/cw[3]                                                              |                                                           |                4 |             16 |         4.00 |
|  clk_IBUF_BUFG                                     | CU/cw[2]                                                              |                                                           |                5 |             16 |         3.20 |
|  clk_IBUF_BUFG                                     | Audio_Codec/audio_inout/Data_Out_int[31]_i_1_n_0                      |                                                           |                5 |             17 |         3.40 |
|  Audio_Codec/audiocodec_master_clock/inst/clk_out2 | Audio_Codec/initialize_audio/initWord[30]_i_1_n_0                     |                                                           |                5 |             18 |         3.60 |
|  Audio_Codec/audiocodec_master_clock/inst/clk_out2 |                                                                       |                                                           |               12 |             25 |         2.08 |
|  Audio_Codec/audiocodec_master_clock/inst/clk_out2 |                                                                       | Audio_Codec/initialize_audio/delaycnt0                    |                9 |             32 |         3.56 |
+----------------------------------------------------+-----------------------------------------------------------------------+-----------------------------------------------------------+------------------+----------------+--------------+


