
*** Running vivado
    with args -log design_1_wrapper.vds -m64 -product Vivado -mode batch -messageDb vivado.pb -notrace -source design_1_wrapper.tcl



****** Vivado v2024.2 (64-bit)
  **** SW Build 5239630 on Fri Nov 08 22:35:27 MST 2024
  **** IP Build 5239520 on Sun Nov 10 16:12:51 MST 2024
  **** SharedData Build 5239561 on Fri Nov 08 14:39:27 MST 2024
  **** Start of session at: Fri Feb 27 08:24:59 2026
    ** Copyright 1986-2022 Xilinx, Inc. All Rights Reserved.
    ** Copyright 2022-2024 Advanced Micro Devices, Inc. All Rights Reserved.

source design_1_wrapper.tcl -notrace
INFO: [IP_Flow 19-234] Refreshing IP repositories
INFO: [IP_Flow 19-1704] No user IP repositories specified
INFO: [IP_Flow 19-2313] Loaded Vivado IP repository 'C:/Xilinx_383/Vivado/2024.2/data/ip'.
add_files: Time (s): cpu = 00:00:03 ; elapsed = 00:00:07 . Memory (MB): peak = 360.367 ; gain = 73.406
Command: synth_design -top design_1_wrapper -part xc7a200tsbg484-1
Starting synth_design
Attempting to get a license for feature 'Synthesis' and/or device 'xc7a200t'
INFO: [Common 17-349] Got license for feature 'Synthesis' and/or device 'xc7a200t'
INFO: [Device 21-403] Loading part xc7a200tsbg484-1
INFO: [Synth 8-7079] Multithreading enabled for synth_design using a maximum of 2 processes.
INFO: [Synth 8-7078] Launching helper process for spawning children vivado processes
INFO: [Synth 8-7075] Helper process launched with PID 34948
---------------------------------------------------------------------------------
Starting RTL Elaboration : Time (s): cpu = 00:00:04 ; elapsed = 00:00:09 . Memory (MB): peak = 1086.023 ; gain = 468.086
---------------------------------------------------------------------------------
INFO: [Synth 8-638] synthesizing module 'design_1_wrapper' [c:/Users/C27John.Alves/ECE383/ece383_wksp/ice1/ublaze1/ublaze1.gen/sources_1/bd/design_1/hdl/design_1_wrapper.vhd:38]
INFO: [Synth 8-3491] module 'design_1' declared at 'c:/Users/C27John.Alves/ECE383/ece383_wksp/ice1/ublaze1/ublaze1.gen/sources_1/bd/design_1/synth/design_1.vhd:531' bound to instance 'design_1_i' of component 'design_1' [c:/Users/C27John.Alves/ECE383/ece383_wksp/ice1/ublaze1/ublaze1.gen/sources_1/bd/design_1/hdl/design_1_wrapper.vhd:62]
INFO: [Synth 8-638] synthesizing module 'design_1' [c:/Users/C27John.Alves/ECE383/ece383_wksp/ice1/ublaze1/ublaze1.gen/sources_1/bd/design_1/synth/design_1.vhd:558]
INFO: [Synth 8-3491] module 'design_1_axi_smc_0' declared at 'C:/Users/C27John.Alves/ECE383/ece383_wksp/ice1/ublaze1/ublaze1.runs/synth_1/.Xil/Vivado-23064-C27-5CG3121G2J/realtime/design_1_axi_smc_0_stub.vhdl:6' bound to instance 'axi_smc' of component 'design_1_axi_smc_0' [c:/Users/C27John.Alves/ECE383/ece383_wksp/ice1/ublaze1/ublaze1.gen/sources_1/bd/design_1/synth/design_1.vhd:1188]
INFO: [Synth 8-638] synthesizing module 'design_1_axi_smc_0' [C:/Users/C27John.Alves/ECE383/ece383_wksp/ice1/ublaze1/ublaze1.runs/synth_1/.Xil/Vivado-23064-C27-5CG3121G2J/realtime/design_1_axi_smc_0_stub.vhdl:58]
INFO: [Synth 8-3491] module 'design_1_axi_smc_1_0' declared at 'C:/Users/C27John.Alves/ECE383/ece383_wksp/ice1/ublaze1/ublaze1.runs/synth_1/.Xil/Vivado-23064-C27-5CG3121G2J/realtime/design_1_axi_smc_1_0_stub.vhdl:6' bound to instance 'axi_smc_1' of component 'design_1_axi_smc_1_0' [c:/Users/C27John.Alves/ECE383/ece383_wksp/ice1/ublaze1/ublaze1.gen/sources_1/bd/design_1/synth/design_1.vhd:1231]
INFO: [Synth 8-638] synthesizing module 'design_1_axi_smc_1_0' [C:/Users/C27John.Alves/ECE383/ece383_wksp/ice1/ublaze1/ublaze1.runs/synth_1/.Xil/Vivado-23064-C27-5CG3121G2J/realtime/design_1_axi_smc_1_0_stub.vhdl:102]
INFO: [Synth 8-3491] module 'design_1_axi_uartlite_0_0' declared at 'C:/Users/C27John.Alves/ECE383/ece383_wksp/ice1/ublaze1/ublaze1.runs/synth_1/.Xil/Vivado-23064-C27-5CG3121G2J/realtime/design_1_axi_uartlite_0_0_stub.vhdl:6' bound to instance 'axi_uartlite_0' of component 'design_1_axi_uartlite_0_0' [c:/Users/C27John.Alves/ECE383/ece383_wksp/ice1/ublaze1/ublaze1.gen/sources_1/bd/design_1/synth/design_1.vhd:1318]
INFO: [Synth 8-638] synthesizing module 'design_1_axi_uartlite_0_0' [C:/Users/C27John.Alves/ECE383/ece383_wksp/ice1/ublaze1/ublaze1.runs/synth_1/.Xil/Vivado-23064-C27-5CG3121G2J/realtime/design_1_axi_uartlite_0_0_stub.vhdl:40]
INFO: [Synth 8-3491] module 'design_1_clk_wiz_1_0' declared at 'C:/Users/C27John.Alves/ECE383/ece383_wksp/ice1/ublaze1/ublaze1.runs/synth_1/.Xil/Vivado-23064-C27-5CG3121G2J/realtime/design_1_clk_wiz_1_0_stub.vhdl:6' bound to instance 'clk_wiz_1' of component 'design_1_clk_wiz_1_0' [c:/Users/C27John.Alves/ECE383/ece383_wksp/ice1/ublaze1/ublaze1.gen/sources_1/bd/design_1/synth/design_1.vhd:1343]
INFO: [Synth 8-638] synthesizing module 'design_1_clk_wiz_1_0' [C:/Users/C27John.Alves/ECE383/ece383_wksp/ice1/ublaze1/ublaze1.runs/synth_1/.Xil/Vivado-23064-C27-5CG3121G2J/realtime/design_1_clk_wiz_1_0_stub.vhdl:19]
INFO: [Synth 8-3491] module 'design_1_mdm_1_0' declared at 'C:/Users/C27John.Alves/ECE383/ece383_wksp/ice1/ublaze1/ublaze1.runs/synth_1/.Xil/Vivado-23064-C27-5CG3121G2J/realtime/design_1_mdm_1_0_stub.vhdl:6' bound to instance 'mdm_1' of component 'design_1_mdm_1_0' [c:/Users/C27John.Alves/ECE383/ece383_wksp/ice1/ublaze1/ublaze1.gen/sources_1/bd/design_1/synth/design_1.vhd:1351]
INFO: [Synth 8-638] synthesizing module 'design_1_mdm_1_0' [C:/Users/C27John.Alves/ECE383/ece383_wksp/ice1/ublaze1/ublaze1.runs/synth_1/.Xil/Vivado-23064-C27-5CG3121G2J/realtime/design_1_mdm_1_0_stub.vhdl:28]
INFO: [Synth 8-3491] module 'design_1_microblaze_0_0' declared at 'C:/Users/C27John.Alves/ECE383/ece383_wksp/ice1/ublaze1/ublaze1.runs/synth_1/.Xil/Vivado-23064-C27-5CG3121G2J/realtime/design_1_microblaze_0_0_stub.vhdl:6' bound to instance 'microblaze_0' of component 'design_1_microblaze_0_0' [c:/Users/C27John.Alves/ECE383/ece383_wksp/ice1/ublaze1/ublaze1.gen/sources_1/bd/design_1/synth/design_1.vhd:1364]
INFO: [Synth 8-638] synthesizing module 'design_1_microblaze_0_0' [C:/Users/C27John.Alves/ECE383/ece383_wksp/ice1/ublaze1/ublaze1.runs/synth_1/.Xil/Vivado-23064-C27-5CG3121G2J/realtime/design_1_microblaze_0_0_stub.vhdl:144]
INFO: [Synth 8-638] synthesizing module 'microblaze_0_local_memory_imp_1K0VQXK' [c:/Users/C27John.Alves/ECE383/ece383_wksp/ice1/ublaze1/ublaze1.gen/sources_1/bd/design_1/synth/design_1.vhd:41]
INFO: [Synth 8-3491] module 'design_1_dlmb_bram_if_cntlr_0' declared at 'C:/Users/C27John.Alves/ECE383/ece383_wksp/ice1/ublaze1/ublaze1.runs/synth_1/.Xil/Vivado-23064-C27-5CG3121G2J/realtime/design_1_dlmb_bram_if_cntlr_0_stub.vhdl:6' bound to instance 'dlmb_bram_if_cntlr' of component 'design_1_dlmb_bram_if_cntlr_0' [c:/Users/C27John.Alves/ECE383/ece383_wksp/ice1/ublaze1/ublaze1.gen/sources_1/bd/design_1/synth/design_1.vhd:213]
INFO: [Synth 8-638] synthesizing module 'design_1_dlmb_bram_if_cntlr_0' [C:/Users/C27John.Alves/ECE383/ece383_wksp/ice1/ublaze1/ublaze1.runs/synth_1/.Xil/Vivado-23064-C27-5CG3121G2J/realtime/design_1_dlmb_bram_if_cntlr_0_stub.vhdl:38]
INFO: [Synth 8-3491] module 'design_1_dlmb_v10_0' declared at 'C:/Users/C27John.Alves/ECE383/ece383_wksp/ice1/ublaze1/ublaze1.runs/synth_1/.Xil/Vivado-23064-C27-5CG3121G2J/realtime/design_1_dlmb_v10_0_stub.vhdl:6' bound to instance 'dlmb_v10' of component 'design_1_dlmb_v10_0' [c:/Users/C27John.Alves/ECE383/ece383_wksp/ice1/ublaze1/ublaze1.gen/sources_1/bd/design_1/synth/design_1.vhd:267]
INFO: [Synth 8-638] synthesizing module 'design_1_dlmb_v10_0' [C:/Users/C27John.Alves/ECE383/ece383_wksp/ice1/ublaze1/ublaze1.runs/synth_1/.Xil/Vivado-23064-C27-5CG3121G2J/realtime/design_1_dlmb_v10_0_stub.vhdl:43]
INFO: [Synth 8-3491] module 'design_1_ilmb_bram_if_cntlr_0' declared at 'C:/Users/C27John.Alves/ECE383/ece383_wksp/ice1/ublaze1/ublaze1.runs/synth_1/.Xil/Vivado-23064-C27-5CG3121G2J/realtime/design_1_ilmb_bram_if_cntlr_0_stub.vhdl:6' bound to instance 'ilmb_bram_if_cntlr' of component 'design_1_ilmb_bram_if_cntlr_0' [c:/Users/C27John.Alves/ECE383/ece383_wksp/ice1/ublaze1/ublaze1.gen/sources_1/bd/design_1/synth/design_1.vhd:295]
INFO: [Synth 8-638] synthesizing module 'design_1_ilmb_bram_if_cntlr_0' [C:/Users/C27John.Alves/ECE383/ece383_wksp/ice1/ublaze1/ublaze1.runs/synth_1/.Xil/Vivado-23064-C27-5CG3121G2J/realtime/design_1_ilmb_bram_if_cntlr_0_stub.vhdl:38]
INFO: [Synth 8-3491] module 'design_1_ilmb_v10_0' declared at 'C:/Users/C27John.Alves/ECE383/ece383_wksp/ice1/ublaze1/ublaze1.runs/synth_1/.Xil/Vivado-23064-C27-5CG3121G2J/realtime/design_1_ilmb_v10_0_stub.vhdl:6' bound to instance 'ilmb_v10' of component 'design_1_ilmb_v10_0' [c:/Users/C27John.Alves/ECE383/ece383_wksp/ice1/ublaze1/ublaze1.gen/sources_1/bd/design_1/synth/design_1.vhd:349]
INFO: [Synth 8-638] synthesizing module 'design_1_ilmb_v10_0' [C:/Users/C27John.Alves/ECE383/ece383_wksp/ice1/ublaze1/ublaze1.runs/synth_1/.Xil/Vivado-23064-C27-5CG3121G2J/realtime/design_1_ilmb_v10_0_stub.vhdl:43]
INFO: [Synth 8-3491] module 'design_1_lmb_bram_0' declared at 'C:/Users/C27John.Alves/ECE383/ece383_wksp/ice1/ublaze1/ublaze1.runs/synth_1/.Xil/Vivado-23064-C27-5CG3121G2J/realtime/design_1_lmb_bram_0_stub.vhdl:6' bound to instance 'lmb_bram' of component 'design_1_lmb_bram_0' [c:/Users/C27John.Alves/ECE383/ece383_wksp/ice1/ublaze1/ublaze1.gen/sources_1/bd/design_1/synth/design_1.vhd:377]
INFO: [Synth 8-638] synthesizing module 'design_1_lmb_bram_0' [C:/Users/C27John.Alves/ECE383/ece383_wksp/ice1/ublaze1/ublaze1.runs/synth_1/.Xil/Vivado-23064-C27-5CG3121G2J/realtime/design_1_lmb_bram_0_stub.vhdl:34]
INFO: [Synth 8-256] done synthesizing module 'microblaze_0_local_memory_imp_1K0VQXK' (0#1) [c:/Users/C27John.Alves/ECE383/ece383_wksp/ice1/ublaze1/ublaze1.gen/sources_1/bd/design_1/synth/design_1.vhd:41]
WARNING: [Synth 8-5640] Port 'ui_addn_clk_1' is missing in component declaration [c:/Users/C27John.Alves/ECE383/ece383_wksp/ice1/ublaze1/ublaze1.gen/sources_1/bd/design_1/synth/design_1.vhd:802]
WARNING: [Synth 8-5640] Port 'ui_addn_clk_2' is missing in component declaration [c:/Users/C27John.Alves/ECE383/ece383_wksp/ice1/ublaze1/ublaze1.gen/sources_1/bd/design_1/synth/design_1.vhd:802]
WARNING: [Synth 8-5640] Port 'ui_addn_clk_3' is missing in component declaration [c:/Users/C27John.Alves/ECE383/ece383_wksp/ice1/ublaze1/ublaze1.gen/sources_1/bd/design_1/synth/design_1.vhd:802]
WARNING: [Synth 8-5640] Port 'ui_addn_clk_4' is missing in component declaration [c:/Users/C27John.Alves/ECE383/ece383_wksp/ice1/ublaze1/ublaze1.gen/sources_1/bd/design_1/synth/design_1.vhd:802]
WARNING: [Synth 8-5640] Port 'app_sr_active' is missing in component declaration [c:/Users/C27John.Alves/ECE383/ece383_wksp/ice1/ublaze1/ublaze1.gen/sources_1/bd/design_1/synth/design_1.vhd:802]
WARNING: [Synth 8-5640] Port 'app_ref_ack' is missing in component declaration [c:/Users/C27John.Alves/ECE383/ece383_wksp/ice1/ublaze1/ublaze1.gen/sources_1/bd/design_1/synth/design_1.vhd:802]
WARNING: [Synth 8-5640] Port 'app_zq_ack' is missing in component declaration [c:/Users/C27John.Alves/ECE383/ece383_wksp/ice1/ublaze1/ublaze1.gen/sources_1/bd/design_1/synth/design_1.vhd:802]
WARNING: [Synth 8-5640] Port 'device_temp' is missing in component declaration [c:/Users/C27John.Alves/ECE383/ece383_wksp/ice1/ublaze1/ublaze1.gen/sources_1/bd/design_1/synth/design_1.vhd:802]
INFO: [Synth 8-3491] module 'design_1_mig_7series_0_2' declared at 'C:/Users/C27John.Alves/ECE383/ece383_wksp/ice1/ublaze1/ublaze1.runs/synth_1/.Xil/Vivado-23064-C27-5CG3121G2J/realtime/design_1_mig_7series_0_2_stub.vhdl:6' bound to instance 'mig_7series_0' of component 'design_1_mig_7series_0_2' [c:/Users/C27John.Alves/ECE383/ece383_wksp/ice1/ublaze1/ublaze1.gen/sources_1/bd/design_1/synth/design_1.vhd:1517]
INFO: [Synth 8-638] synthesizing module 'design_1_mig_7series_0_2' [C:/Users/C27John.Alves/ECE383/ece383_wksp/ice1/ublaze1/ublaze1.runs/synth_1/.Xil/Vivado-23064-C27-5CG3121G2J/realtime/design_1_mig_7series_0_2_stub.vhdl:80]
INFO: [Synth 8-3491] module 'design_1_rst_clk_wiz_1_100M_0' declared at 'C:/Users/C27John.Alves/ECE383/ece383_wksp/ice1/ublaze1/ublaze1.runs/synth_1/.Xil/Vivado-23064-C27-5CG3121G2J/realtime/design_1_rst_clk_wiz_1_100M_0_stub.vhdl:6' bound to instance 'rst_clk_wiz_1_100M' of component 'design_1_rst_clk_wiz_1_100M_0' [c:/Users/C27John.Alves/ECE383/ece383_wksp/ice1/ublaze1/ublaze1.gen/sources_1/bd/design_1/synth/design_1.vhd:1580]
INFO: [Synth 8-638] synthesizing module 'design_1_rst_clk_wiz_1_100M_0' [C:/Users/C27John.Alves/ECE383/ece383_wksp/ice1/ublaze1/ublaze1.runs/synth_1/.Xil/Vivado-23064-C27-5CG3121G2J/realtime/design_1_rst_clk_wiz_1_100M_0_stub.vhdl:28]
INFO: [Synth 8-3491] module 'design_1_rst_mig_7series_0_100M_0' declared at 'C:/Users/C27John.Alves/ECE383/ece383_wksp/ice1/ublaze1/ublaze1.runs/synth_1/.Xil/Vivado-23064-C27-5CG3121G2J/realtime/design_1_rst_mig_7series_0_100M_0_stub.vhdl:6' bound to instance 'rst_mig_7series_0_100M' of component 'design_1_rst_mig_7series_0_100M_0' [c:/Users/C27John.Alves/ECE383/ece383_wksp/ice1/ublaze1/ublaze1.gen/sources_1/bd/design_1/synth/design_1.vhd:1593]
INFO: [Synth 8-638] synthesizing module 'design_1_rst_mig_7series_0_100M_0' [C:/Users/C27John.Alves/ECE383/ece383_wksp/ice1/ublaze1/ublaze1.runs/synth_1/.Xil/Vivado-23064-C27-5CG3121G2J/realtime/design_1_rst_mig_7series_0_100M_0_stub.vhdl:28]
INFO: [Synth 8-3491] module 'design_1_util_ds_buf_0_0' declared at 'C:/Users/C27John.Alves/ECE383/ece383_wksp/ice1/ublaze1/ublaze1.runs/synth_1/.Xil/Vivado-23064-C27-5CG3121G2J/realtime/design_1_util_ds_buf_0_0_stub.vhdl:6' bound to instance 'util_ds_buf_0' of component 'design_1_util_ds_buf_0_0' [c:/Users/C27John.Alves/ECE383/ece383_wksp/ice1/ublaze1/ublaze1.gen/sources_1/bd/design_1/synth/design_1.vhd:1606]
INFO: [Synth 8-638] synthesizing module 'design_1_util_ds_buf_0_0' [C:/Users/C27John.Alves/ECE383/ece383_wksp/ice1/ublaze1/ublaze1.runs/synth_1/.Xil/Vivado-23064-C27-5CG3121G2J/realtime/design_1_util_ds_buf_0_0_stub.vhdl:20]
INFO: [Synth 8-256] done synthesizing module 'design_1' (0#1) [c:/Users/C27John.Alves/ECE383/ece383_wksp/ice1/ublaze1/ublaze1.gen/sources_1/bd/design_1/synth/design_1.vhd:558]
INFO: [Synth 8-256] done synthesizing module 'design_1_wrapper' (0#1) [c:/Users/C27John.Alves/ECE383/ece383_wksp/ice1/ublaze1/ublaze1.gen/sources_1/bd/design_1/hdl/design_1_wrapper.vhd:38]
---------------------------------------------------------------------------------
Finished RTL Elaboration : Time (s): cpu = 00:00:06 ; elapsed = 00:00:12 . Memory (MB): peak = 1202.977 ; gain = 585.039
---------------------------------------------------------------------------------
---------------------------------------------------------------------------------
Start Handling Custom Attributes
---------------------------------------------------------------------------------
---------------------------------------------------------------------------------
Finished Handling Custom Attributes : Time (s): cpu = 00:00:06 ; elapsed = 00:00:12 . Memory (MB): peak = 1202.977 ; gain = 585.039
---------------------------------------------------------------------------------
---------------------------------------------------------------------------------
Finished RTL Optimization Phase 1 : Time (s): cpu = 00:00:06 ; elapsed = 00:00:12 . Memory (MB): peak = 1202.977 ; gain = 585.039
---------------------------------------------------------------------------------
Netlist sorting complete. Time (s): cpu = 00:00:00 ; elapsed = 00:00:00.018 . Memory (MB): peak = 1202.977 ; gain = 0.000
INFO: [Project 1-570] Preparing netlist for logic optimization

Processing XDC Constraints
Initializing timing engine
Parsing XDC File [c:/Users/C27John.Alves/ECE383/ece383_wksp/ice1/ublaze1/ublaze1.gen/sources_1/bd/design_1/ip/design_1_microblaze_0_0/design_1_microblaze_0_0/design_1_microblaze_0_0_in_context.xdc] for cell 'design_1_i/microblaze_0'
Finished Parsing XDC File [c:/Users/C27John.Alves/ECE383/ece383_wksp/ice1/ublaze1/ublaze1.gen/sources_1/bd/design_1/ip/design_1_microblaze_0_0/design_1_microblaze_0_0/design_1_microblaze_0_0_in_context.xdc] for cell 'design_1_i/microblaze_0'
Parsing XDC File [c:/Users/C27John.Alves/ECE383/ece383_wksp/ice1/ublaze1/ublaze1.gen/sources_1/bd/design_1/ip/design_1_dlmb_v10_0/design_1_dlmb_v10_0/design_1_dlmb_v10_0_in_context.xdc] for cell 'design_1_i/microblaze_0_local_memory/dlmb_v10'
Finished Parsing XDC File [c:/Users/C27John.Alves/ECE383/ece383_wksp/ice1/ublaze1/ublaze1.gen/sources_1/bd/design_1/ip/design_1_dlmb_v10_0/design_1_dlmb_v10_0/design_1_dlmb_v10_0_in_context.xdc] for cell 'design_1_i/microblaze_0_local_memory/dlmb_v10'
Parsing XDC File [c:/Users/C27John.Alves/ECE383/ece383_wksp/ice1/ublaze1/ublaze1.gen/sources_1/bd/design_1/ip/design_1_ilmb_v10_0/design_1_ilmb_v10_0/design_1_dlmb_v10_0_in_context.xdc] for cell 'design_1_i/microblaze_0_local_memory/ilmb_v10'
Finished Parsing XDC File [c:/Users/C27John.Alves/ECE383/ece383_wksp/ice1/ublaze1/ublaze1.gen/sources_1/bd/design_1/ip/design_1_ilmb_v10_0/design_1_ilmb_v10_0/design_1_dlmb_v10_0_in_context.xdc] for cell 'design_1_i/microblaze_0_local_memory/ilmb_v10'
Parsing XDC File [c:/Users/C27John.Alves/ECE383/ece383_wksp/ice1/ublaze1/ublaze1.gen/sources_1/bd/design_1/ip/design_1_dlmb_bram_if_cntlr_0/design_1_dlmb_bram_if_cntlr_0/design_1_dlmb_bram_if_cntlr_0_in_context.xdc] for cell 'design_1_i/microblaze_0_local_memory/dlmb_bram_if_cntlr'
Finished Parsing XDC File [c:/Users/C27John.Alves/ECE383/ece383_wksp/ice1/ublaze1/ublaze1.gen/sources_1/bd/design_1/ip/design_1_dlmb_bram_if_cntlr_0/design_1_dlmb_bram_if_cntlr_0/design_1_dlmb_bram_if_cntlr_0_in_context.xdc] for cell 'design_1_i/microblaze_0_local_memory/dlmb_bram_if_cntlr'
Parsing XDC File [c:/Users/C27John.Alves/ECE383/ece383_wksp/ice1/ublaze1/ublaze1.gen/sources_1/bd/design_1/ip/design_1_ilmb_bram_if_cntlr_0/design_1_ilmb_bram_if_cntlr_0/design_1_ilmb_bram_if_cntlr_0_in_context.xdc] for cell 'design_1_i/microblaze_0_local_memory/ilmb_bram_if_cntlr'
Finished Parsing XDC File [c:/Users/C27John.Alves/ECE383/ece383_wksp/ice1/ublaze1/ublaze1.gen/sources_1/bd/design_1/ip/design_1_ilmb_bram_if_cntlr_0/design_1_ilmb_bram_if_cntlr_0/design_1_ilmb_bram_if_cntlr_0_in_context.xdc] for cell 'design_1_i/microblaze_0_local_memory/ilmb_bram_if_cntlr'
Parsing XDC File [c:/Users/C27John.Alves/ECE383/ece383_wksp/ice1/ublaze1/ublaze1.gen/sources_1/bd/design_1/ip/design_1_lmb_bram_0/design_1_lmb_bram_0/design_1_lmb_bram_0_in_context.xdc] for cell 'design_1_i/microblaze_0_local_memory/lmb_bram'
Finished Parsing XDC File [c:/Users/C27John.Alves/ECE383/ece383_wksp/ice1/ublaze1/ublaze1.gen/sources_1/bd/design_1/ip/design_1_lmb_bram_0/design_1_lmb_bram_0/design_1_lmb_bram_0_in_context.xdc] for cell 'design_1_i/microblaze_0_local_memory/lmb_bram'
Parsing XDC File [c:/Users/C27John.Alves/ECE383/ece383_wksp/ice1/ublaze1/ublaze1.gen/sources_1/bd/design_1/ip/design_1_mdm_1_0/design_1_mdm_1_0/design_1_mdm_1_0_in_context.xdc] for cell 'design_1_i/mdm_1'
Finished Parsing XDC File [c:/Users/C27John.Alves/ECE383/ece383_wksp/ice1/ublaze1/ublaze1.gen/sources_1/bd/design_1/ip/design_1_mdm_1_0/design_1_mdm_1_0/design_1_mdm_1_0_in_context.xdc] for cell 'design_1_i/mdm_1'
Parsing XDC File [c:/Users/C27John.Alves/ECE383/ece383_wksp/ice1/ublaze1/ublaze1.gen/sources_1/bd/design_1/ip/design_1_clk_wiz_1_0/design_1_clk_wiz_1_0/design_1_clk_wiz_1_0_in_context.xdc] for cell 'design_1_i/clk_wiz_1'
Finished Parsing XDC File [c:/Users/C27John.Alves/ECE383/ece383_wksp/ice1/ublaze1/ublaze1.gen/sources_1/bd/design_1/ip/design_1_clk_wiz_1_0/design_1_clk_wiz_1_0/design_1_clk_wiz_1_0_in_context.xdc] for cell 'design_1_i/clk_wiz_1'
Parsing XDC File [c:/Users/C27John.Alves/ECE383/ece383_wksp/ice1/ublaze1/ublaze1.gen/sources_1/bd/design_1/ip/design_1_rst_clk_wiz_1_100M_0/design_1_rst_clk_wiz_1_100M_0/design_1_rst_clk_wiz_1_100M_0_in_context.xdc] for cell 'design_1_i/rst_clk_wiz_1_100M'
Finished Parsing XDC File [c:/Users/C27John.Alves/ECE383/ece383_wksp/ice1/ublaze1/ublaze1.gen/sources_1/bd/design_1/ip/design_1_rst_clk_wiz_1_100M_0/design_1_rst_clk_wiz_1_100M_0/design_1_rst_clk_wiz_1_100M_0_in_context.xdc] for cell 'design_1_i/rst_clk_wiz_1_100M'
Parsing XDC File [c:/Users/C27John.Alves/ECE383/ece383_wksp/ice1/ublaze1/ublaze1.gen/sources_1/bd/design_1/ip/design_1_axi_uartlite_0_0/design_1_axi_uartlite_0_0/design_1_axi_uartlite_0_0_in_context.xdc] for cell 'design_1_i/axi_uartlite_0'
Finished Parsing XDC File [c:/Users/C27John.Alves/ECE383/ece383_wksp/ice1/ublaze1/ublaze1.gen/sources_1/bd/design_1/ip/design_1_axi_uartlite_0_0/design_1_axi_uartlite_0_0/design_1_axi_uartlite_0_0_in_context.xdc] for cell 'design_1_i/axi_uartlite_0'
Parsing XDC File [c:/Users/C27John.Alves/ECE383/ece383_wksp/ice1/ublaze1/ublaze1.gen/sources_1/bd/design_1/ip/design_1_axi_smc_0/design_1_axi_smc_0/design_1_axi_smc_0_in_context.xdc] for cell 'design_1_i/axi_smc'
Finished Parsing XDC File [c:/Users/C27John.Alves/ECE383/ece383_wksp/ice1/ublaze1/ublaze1.gen/sources_1/bd/design_1/ip/design_1_axi_smc_0/design_1_axi_smc_0/design_1_axi_smc_0_in_context.xdc] for cell 'design_1_i/axi_smc'
Parsing XDC File [c:/Users/C27John.Alves/ECE383/ece383_wksp/ice1/ublaze1/ublaze1.gen/sources_1/bd/design_1/ip/design_1_util_ds_buf_0_0/design_1_util_ds_buf_0_0/design_1_util_ds_buf_0_0_in_context.xdc] for cell 'design_1_i/util_ds_buf_0'
Finished Parsing XDC File [c:/Users/C27John.Alves/ECE383/ece383_wksp/ice1/ublaze1/ublaze1.gen/sources_1/bd/design_1/ip/design_1_util_ds_buf_0_0/design_1_util_ds_buf_0_0/design_1_util_ds_buf_0_0_in_context.xdc] for cell 'design_1_i/util_ds_buf_0'
Parsing XDC File [c:/Users/C27John.Alves/ECE383/ece383_wksp/ice1/ublaze1/ublaze1.gen/sources_1/bd/design_1/ip/design_1_mig_7series_0_2/design_1_mig_7series_0_2/design_1_mig_7series_0_2_in_context.xdc] for cell 'design_1_i/mig_7series_0'
Finished Parsing XDC File [c:/Users/C27John.Alves/ECE383/ece383_wksp/ice1/ublaze1/ublaze1.gen/sources_1/bd/design_1/ip/design_1_mig_7series_0_2/design_1_mig_7series_0_2/design_1_mig_7series_0_2_in_context.xdc] for cell 'design_1_i/mig_7series_0'
Parsing XDC File [c:/Users/C27John.Alves/ECE383/ece383_wksp/ice1/ublaze1/ublaze1.gen/sources_1/bd/design_1/ip/design_1_axi_smc_1_0/design_1_axi_smc_1_0/design_1_axi_smc_1_0_in_context.xdc] for cell 'design_1_i/axi_smc_1'
Finished Parsing XDC File [c:/Users/C27John.Alves/ECE383/ece383_wksp/ice1/ublaze1/ublaze1.gen/sources_1/bd/design_1/ip/design_1_axi_smc_1_0/design_1_axi_smc_1_0/design_1_axi_smc_1_0_in_context.xdc] for cell 'design_1_i/axi_smc_1'
Parsing XDC File [c:/Users/C27John.Alves/ECE383/ece383_wksp/ice1/ublaze1/ublaze1.gen/sources_1/bd/design_1/ip/design_1_rst_mig_7series_0_100M_0/design_1_rst_mig_7series_0_100M_0/design_1_rst_mig_7series_0_100M_0_in_context.xdc] for cell 'design_1_i/rst_mig_7series_0_100M'
Finished Parsing XDC File [c:/Users/C27John.Alves/ECE383/ece383_wksp/ice1/ublaze1/ublaze1.gen/sources_1/bd/design_1/ip/design_1_rst_mig_7series_0_100M_0/design_1_rst_mig_7series_0_100M_0/design_1_rst_mig_7series_0_100M_0_in_context.xdc] for cell 'design_1_i/rst_mig_7series_0_100M'
Parsing XDC File [C:/Users/C27John.Alves/ECE383/ece383_wksp/ice1/ublaze1/ublaze1.runs/synth_1/dont_touch.xdc]
Finished Parsing XDC File [C:/Users/C27John.Alves/ECE383/ece383_wksp/ice1/ublaze1/ublaze1.runs/synth_1/dont_touch.xdc]
Completed Processing XDC Constraints

Netlist sorting complete. Time (s): cpu = 00:00:00 ; elapsed = 00:00:00 . Memory (MB): peak = 1212.949 ; gain = 0.000
INFO: [Project 1-111] Unisim Transformation Summary:
No Unisim elements were transformed.

Constraint Validation Runtime : Time (s): cpu = 00:00:00 ; elapsed = 00:00:00.016 . Memory (MB): peak = 1212.949 ; gain = 0.000
WARNING: [Timing 38-316] Clock period '20.000' specified during out-of-context synthesis of instance 'design_1_i/microblaze_0_local_memory/lmb_bram' at clock pin 'clka' is different from the actual clock period '10.000', this can lead to different synthesis results.
---------------------------------------------------------------------------------
Finished Constraint Validation : Time (s): cpu = 00:00:14 ; elapsed = 00:00:24 . Memory (MB): peak = 1213.430 ; gain = 595.492
---------------------------------------------------------------------------------
---------------------------------------------------------------------------------
Start Loading Part and Timing Information
---------------------------------------------------------------------------------
Loading part: xc7a200tsbg484-1
---------------------------------------------------------------------------------
Finished Loading Part and Timing Information : Time (s): cpu = 00:00:14 ; elapsed = 00:00:24 . Memory (MB): peak = 1213.430 ; gain = 595.492
---------------------------------------------------------------------------------
---------------------------------------------------------------------------------
Start Applying 'set_property' XDC Constraints
---------------------------------------------------------------------------------
Applied set_property IO_BUFFER_TYPE = NONE for DDR3_0_addr[0]. (constraint file  c:/Users/C27John.Alves/ECE383/ece383_wksp/ice1/ublaze1/ublaze1.gen/sources_1/bd/design_1/ip/design_1_mig_7series_0_2/design_1_mig_7series_0_2/design_1_mig_7series_0_2_in_context.xdc, line 7).
Applied set_property CLOCK_BUFFER_TYPE = NONE for DDR3_0_addr[0]. (constraint file  c:/Users/C27John.Alves/ECE383/ece383_wksp/ice1/ublaze1/ublaze1.gen/sources_1/bd/design_1/ip/design_1_mig_7series_0_2/design_1_mig_7series_0_2/design_1_mig_7series_0_2_in_context.xdc, line 8).
Applied set_property IO_BUFFER_TYPE = NONE for DDR3_0_addr[10]. (constraint file  c:/Users/C27John.Alves/ECE383/ece383_wksp/ice1/ublaze1/ublaze1.gen/sources_1/bd/design_1/ip/design_1_mig_7series_0_2/design_1_mig_7series_0_2/design_1_mig_7series_0_2_in_context.xdc, line 9).
Applied set_property CLOCK_BUFFER_TYPE = NONE for DDR3_0_addr[10]. (constraint file  c:/Users/C27John.Alves/ECE383/ece383_wksp/ice1/ublaze1/ublaze1.gen/sources_1/bd/design_1/ip/design_1_mig_7series_0_2/design_1_mig_7series_0_2/design_1_mig_7series_0_2_in_context.xdc, line 10).
Applied set_property IO_BUFFER_TYPE = NONE for DDR3_0_addr[11]. (constraint file  c:/Users/C27John.Alves/ECE383/ece383_wksp/ice1/ublaze1/ublaze1.gen/sources_1/bd/design_1/ip/design_1_mig_7series_0_2/design_1_mig_7series_0_2/design_1_mig_7series_0_2_in_context.xdc, line 11).
Applied set_property CLOCK_BUFFER_TYPE = NONE for DDR3_0_addr[11]. (constraint file  c:/Users/C27John.Alves/ECE383/ece383_wksp/ice1/ublaze1/ublaze1.gen/sources_1/bd/design_1/ip/design_1_mig_7series_0_2/design_1_mig_7series_0_2/design_1_mig_7series_0_2_in_context.xdc, line 12).
Applied set_property IO_BUFFER_TYPE = NONE for DDR3_0_addr[12]. (constraint file  c:/Users/C27John.Alves/ECE383/ece383_wksp/ice1/ublaze1/ublaze1.gen/sources_1/bd/design_1/ip/design_1_mig_7series_0_2/design_1_mig_7series_0_2/design_1_mig_7series_0_2_in_context.xdc, line 13).
Applied set_property CLOCK_BUFFER_TYPE = NONE for DDR3_0_addr[12]. (constraint file  c:/Users/C27John.Alves/ECE383/ece383_wksp/ice1/ublaze1/ublaze1.gen/sources_1/bd/design_1/ip/design_1_mig_7series_0_2/design_1_mig_7series_0_2/design_1_mig_7series_0_2_in_context.xdc, line 14).
Applied set_property IO_BUFFER_TYPE = NONE for DDR3_0_addr[13]. (constraint file  c:/Users/C27John.Alves/ECE383/ece383_wksp/ice1/ublaze1/ublaze1.gen/sources_1/bd/design_1/ip/design_1_mig_7series_0_2/design_1_mig_7series_0_2/design_1_mig_7series_0_2_in_context.xdc, line 15).
Applied set_property CLOCK_BUFFER_TYPE = NONE for DDR3_0_addr[13]. (constraint file  c:/Users/C27John.Alves/ECE383/ece383_wksp/ice1/ublaze1/ublaze1.gen/sources_1/bd/design_1/ip/design_1_mig_7series_0_2/design_1_mig_7series_0_2/design_1_mig_7series_0_2_in_context.xdc, line 16).
Applied set_property IO_BUFFER_TYPE = NONE for DDR3_0_addr[14]. (constraint file  c:/Users/C27John.Alves/ECE383/ece383_wksp/ice1/ublaze1/ublaze1.gen/sources_1/bd/design_1/ip/design_1_mig_7series_0_2/design_1_mig_7series_0_2/design_1_mig_7series_0_2_in_context.xdc, line 17).
Applied set_property CLOCK_BUFFER_TYPE = NONE for DDR3_0_addr[14]. (constraint file  c:/Users/C27John.Alves/ECE383/ece383_wksp/ice1/ublaze1/ublaze1.gen/sources_1/bd/design_1/ip/design_1_mig_7series_0_2/design_1_mig_7series_0_2/design_1_mig_7series_0_2_in_context.xdc, line 18).
Applied set_property IO_BUFFER_TYPE = NONE for DDR3_0_addr[1]. (constraint file  c:/Users/C27John.Alves/ECE383/ece383_wksp/ice1/ublaze1/ublaze1.gen/sources_1/bd/design_1/ip/design_1_mig_7series_0_2/design_1_mig_7series_0_2/design_1_mig_7series_0_2_in_context.xdc, line 19).
Applied set_property CLOCK_BUFFER_TYPE = NONE for DDR3_0_addr[1]. (constraint file  c:/Users/C27John.Alves/ECE383/ece383_wksp/ice1/ublaze1/ublaze1.gen/sources_1/bd/design_1/ip/design_1_mig_7series_0_2/design_1_mig_7series_0_2/design_1_mig_7series_0_2_in_context.xdc, line 20).
Applied set_property IO_BUFFER_TYPE = NONE for DDR3_0_addr[2]. (constraint file  c:/Users/C27John.Alves/ECE383/ece383_wksp/ice1/ublaze1/ublaze1.gen/sources_1/bd/design_1/ip/design_1_mig_7series_0_2/design_1_mig_7series_0_2/design_1_mig_7series_0_2_in_context.xdc, line 21).
Applied set_property CLOCK_BUFFER_TYPE = NONE for DDR3_0_addr[2]. (constraint file  c:/Users/C27John.Alves/ECE383/ece383_wksp/ice1/ublaze1/ublaze1.gen/sources_1/bd/design_1/ip/design_1_mig_7series_0_2/design_1_mig_7series_0_2/design_1_mig_7series_0_2_in_context.xdc, line 22).
Applied set_property IO_BUFFER_TYPE = NONE for DDR3_0_addr[3]. (constraint file  c:/Users/C27John.Alves/ECE383/ece383_wksp/ice1/ublaze1/ublaze1.gen/sources_1/bd/design_1/ip/design_1_mig_7series_0_2/design_1_mig_7series_0_2/design_1_mig_7series_0_2_in_context.xdc, line 23).
Applied set_property CLOCK_BUFFER_TYPE = NONE for DDR3_0_addr[3]. (constraint file  c:/Users/C27John.Alves/ECE383/ece383_wksp/ice1/ublaze1/ublaze1.gen/sources_1/bd/design_1/ip/design_1_mig_7series_0_2/design_1_mig_7series_0_2/design_1_mig_7series_0_2_in_context.xdc, line 24).
Applied set_property IO_BUFFER_TYPE = NONE for DDR3_0_addr[4]. (constraint file  c:/Users/C27John.Alves/ECE383/ece383_wksp/ice1/ublaze1/ublaze1.gen/sources_1/bd/design_1/ip/design_1_mig_7series_0_2/design_1_mig_7series_0_2/design_1_mig_7series_0_2_in_context.xdc, line 25).
Applied set_property CLOCK_BUFFER_TYPE = NONE for DDR3_0_addr[4]. (constraint file  c:/Users/C27John.Alves/ECE383/ece383_wksp/ice1/ublaze1/ublaze1.gen/sources_1/bd/design_1/ip/design_1_mig_7series_0_2/design_1_mig_7series_0_2/design_1_mig_7series_0_2_in_context.xdc, line 26).
Applied set_property IO_BUFFER_TYPE = NONE for DDR3_0_addr[5]. (constraint file  c:/Users/C27John.Alves/ECE383/ece383_wksp/ice1/ublaze1/ublaze1.gen/sources_1/bd/design_1/ip/design_1_mig_7series_0_2/design_1_mig_7series_0_2/design_1_mig_7series_0_2_in_context.xdc, line 27).
Applied set_property CLOCK_BUFFER_TYPE = NONE for DDR3_0_addr[5]. (constraint file  c:/Users/C27John.Alves/ECE383/ece383_wksp/ice1/ublaze1/ublaze1.gen/sources_1/bd/design_1/ip/design_1_mig_7series_0_2/design_1_mig_7series_0_2/design_1_mig_7series_0_2_in_context.xdc, line 28).
Applied set_property IO_BUFFER_TYPE = NONE for DDR3_0_addr[6]. (constraint file  c:/Users/C27John.Alves/ECE383/ece383_wksp/ice1/ublaze1/ublaze1.gen/sources_1/bd/design_1/ip/design_1_mig_7series_0_2/design_1_mig_7series_0_2/design_1_mig_7series_0_2_in_context.xdc, line 29).
Applied set_property CLOCK_BUFFER_TYPE = NONE for DDR3_0_addr[6]. (constraint file  c:/Users/C27John.Alves/ECE383/ece383_wksp/ice1/ublaze1/ublaze1.gen/sources_1/bd/design_1/ip/design_1_mig_7series_0_2/design_1_mig_7series_0_2/design_1_mig_7series_0_2_in_context.xdc, line 30).
Applied set_property IO_BUFFER_TYPE = NONE for DDR3_0_addr[7]. (constraint file  c:/Users/C27John.Alves/ECE383/ece383_wksp/ice1/ublaze1/ublaze1.gen/sources_1/bd/design_1/ip/design_1_mig_7series_0_2/design_1_mig_7series_0_2/design_1_mig_7series_0_2_in_context.xdc, line 31).
Applied set_property CLOCK_BUFFER_TYPE = NONE for DDR3_0_addr[7]. (constraint file  c:/Users/C27John.Alves/ECE383/ece383_wksp/ice1/ublaze1/ublaze1.gen/sources_1/bd/design_1/ip/design_1_mig_7series_0_2/design_1_mig_7series_0_2/design_1_mig_7series_0_2_in_context.xdc, line 32).
Applied set_property IO_BUFFER_TYPE = NONE for DDR3_0_addr[8]. (constraint file  c:/Users/C27John.Alves/ECE383/ece383_wksp/ice1/ublaze1/ublaze1.gen/sources_1/bd/design_1/ip/design_1_mig_7series_0_2/design_1_mig_7series_0_2/design_1_mig_7series_0_2_in_context.xdc, line 33).
Applied set_property CLOCK_BUFFER_TYPE = NONE for DDR3_0_addr[8]. (constraint file  c:/Users/C27John.Alves/ECE383/ece383_wksp/ice1/ublaze1/ublaze1.gen/sources_1/bd/design_1/ip/design_1_mig_7series_0_2/design_1_mig_7series_0_2/design_1_mig_7series_0_2_in_context.xdc, line 34).
Applied set_property IO_BUFFER_TYPE = NONE for DDR3_0_addr[9]. (constraint file  c:/Users/C27John.Alves/ECE383/ece383_wksp/ice1/ublaze1/ublaze1.gen/sources_1/bd/design_1/ip/design_1_mig_7series_0_2/design_1_mig_7series_0_2/design_1_mig_7series_0_2_in_context.xdc, line 35).
Applied set_property CLOCK_BUFFER_TYPE = NONE for DDR3_0_addr[9]. (constraint file  c:/Users/C27John.Alves/ECE383/ece383_wksp/ice1/ublaze1/ublaze1.gen/sources_1/bd/design_1/ip/design_1_mig_7series_0_2/design_1_mig_7series_0_2/design_1_mig_7series_0_2_in_context.xdc, line 36).
Applied set_property IO_BUFFER_TYPE = NONE for DDR3_0_ba[0]. (constraint file  c:/Users/C27John.Alves/ECE383/ece383_wksp/ice1/ublaze1/ublaze1.gen/sources_1/bd/design_1/ip/design_1_mig_7series_0_2/design_1_mig_7series_0_2/design_1_mig_7series_0_2_in_context.xdc, line 37).
Applied set_property CLOCK_BUFFER_TYPE = NONE for DDR3_0_ba[0]. (constraint file  c:/Users/C27John.Alves/ECE383/ece383_wksp/ice1/ublaze1/ublaze1.gen/sources_1/bd/design_1/ip/design_1_mig_7series_0_2/design_1_mig_7series_0_2/design_1_mig_7series_0_2_in_context.xdc, line 38).
Applied set_property IO_BUFFER_TYPE = NONE for DDR3_0_ba[1]. (constraint file  c:/Users/C27John.Alves/ECE383/ece383_wksp/ice1/ublaze1/ublaze1.gen/sources_1/bd/design_1/ip/design_1_mig_7series_0_2/design_1_mig_7series_0_2/design_1_mig_7series_0_2_in_context.xdc, line 39).
Applied set_property CLOCK_BUFFER_TYPE = NONE for DDR3_0_ba[1]. (constraint file  c:/Users/C27John.Alves/ECE383/ece383_wksp/ice1/ublaze1/ublaze1.gen/sources_1/bd/design_1/ip/design_1_mig_7series_0_2/design_1_mig_7series_0_2/design_1_mig_7series_0_2_in_context.xdc, line 40).
Applied set_property IO_BUFFER_TYPE = NONE for DDR3_0_ba[2]. (constraint file  c:/Users/C27John.Alves/ECE383/ece383_wksp/ice1/ublaze1/ublaze1.gen/sources_1/bd/design_1/ip/design_1_mig_7series_0_2/design_1_mig_7series_0_2/design_1_mig_7series_0_2_in_context.xdc, line 41).
Applied set_property CLOCK_BUFFER_TYPE = NONE for DDR3_0_ba[2]. (constraint file  c:/Users/C27John.Alves/ECE383/ece383_wksp/ice1/ublaze1/ublaze1.gen/sources_1/bd/design_1/ip/design_1_mig_7series_0_2/design_1_mig_7series_0_2/design_1_mig_7series_0_2_in_context.xdc, line 42).
Applied set_property IO_BUFFER_TYPE = NONE for DDR3_0_cas_n. (constraint file  c:/Users/C27John.Alves/ECE383/ece383_wksp/ice1/ublaze1/ublaze1.gen/sources_1/bd/design_1/ip/design_1_mig_7series_0_2/design_1_mig_7series_0_2/design_1_mig_7series_0_2_in_context.xdc, line 43).
Applied set_property CLOCK_BUFFER_TYPE = NONE for DDR3_0_cas_n. (constraint file  c:/Users/C27John.Alves/ECE383/ece383_wksp/ice1/ublaze1/ublaze1.gen/sources_1/bd/design_1/ip/design_1_mig_7series_0_2/design_1_mig_7series_0_2/design_1_mig_7series_0_2_in_context.xdc, line 44).
Applied set_property IO_BUFFER_TYPE = NONE for DDR3_0_ck_n[0]. (constraint file  c:/Users/C27John.Alves/ECE383/ece383_wksp/ice1/ublaze1/ublaze1.gen/sources_1/bd/design_1/ip/design_1_mig_7series_0_2/design_1_mig_7series_0_2/design_1_mig_7series_0_2_in_context.xdc, line 45).
Applied set_property CLOCK_BUFFER_TYPE = NONE for DDR3_0_ck_n[0]. (constraint file  c:/Users/C27John.Alves/ECE383/ece383_wksp/ice1/ublaze1/ublaze1.gen/sources_1/bd/design_1/ip/design_1_mig_7series_0_2/design_1_mig_7series_0_2/design_1_mig_7series_0_2_in_context.xdc, line 46).
Applied set_property IO_BUFFER_TYPE = NONE for DDR3_0_ck_p[0]. (constraint file  c:/Users/C27John.Alves/ECE383/ece383_wksp/ice1/ublaze1/ublaze1.gen/sources_1/bd/design_1/ip/design_1_mig_7series_0_2/design_1_mig_7series_0_2/design_1_mig_7series_0_2_in_context.xdc, line 47).
Applied set_property CLOCK_BUFFER_TYPE = NONE for DDR3_0_ck_p[0]. (constraint file  c:/Users/C27John.Alves/ECE383/ece383_wksp/ice1/ublaze1/ublaze1.gen/sources_1/bd/design_1/ip/design_1_mig_7series_0_2/design_1_mig_7series_0_2/design_1_mig_7series_0_2_in_context.xdc, line 48).
Applied set_property IO_BUFFER_TYPE = NONE for DDR3_0_cke[0]. (constraint file  c:/Users/C27John.Alves/ECE383/ece383_wksp/ice1/ublaze1/ublaze1.gen/sources_1/bd/design_1/ip/design_1_mig_7series_0_2/design_1_mig_7series_0_2/design_1_mig_7series_0_2_in_context.xdc, line 49).
Applied set_property CLOCK_BUFFER_TYPE = NONE for DDR3_0_cke[0]. (constraint file  c:/Users/C27John.Alves/ECE383/ece383_wksp/ice1/ublaze1/ublaze1.gen/sources_1/bd/design_1/ip/design_1_mig_7series_0_2/design_1_mig_7series_0_2/design_1_mig_7series_0_2_in_context.xdc, line 50).
Applied set_property IO_BUFFER_TYPE = NONE for DDR3_0_dm[0]. (constraint file  c:/Users/C27John.Alves/ECE383/ece383_wksp/ice1/ublaze1/ublaze1.gen/sources_1/bd/design_1/ip/design_1_mig_7series_0_2/design_1_mig_7series_0_2/design_1_mig_7series_0_2_in_context.xdc, line 51).
Applied set_property CLOCK_BUFFER_TYPE = NONE for DDR3_0_dm[0]. (constraint file  c:/Users/C27John.Alves/ECE383/ece383_wksp/ice1/ublaze1/ublaze1.gen/sources_1/bd/design_1/ip/design_1_mig_7series_0_2/design_1_mig_7series_0_2/design_1_mig_7series_0_2_in_context.xdc, line 52).
Applied set_property IO_BUFFER_TYPE = NONE for DDR3_0_dm[1]. (constraint file  c:/Users/C27John.Alves/ECE383/ece383_wksp/ice1/ublaze1/ublaze1.gen/sources_1/bd/design_1/ip/design_1_mig_7series_0_2/design_1_mig_7series_0_2/design_1_mig_7series_0_2_in_context.xdc, line 53).
Applied set_property CLOCK_BUFFER_TYPE = NONE for DDR3_0_dm[1]. (constraint file  c:/Users/C27John.Alves/ECE383/ece383_wksp/ice1/ublaze1/ublaze1.gen/sources_1/bd/design_1/ip/design_1_mig_7series_0_2/design_1_mig_7series_0_2/design_1_mig_7series_0_2_in_context.xdc, line 54).
Applied set_property IO_BUFFER_TYPE = NONE for DDR3_0_dq[0]. (constraint file  c:/Users/C27John.Alves/ECE383/ece383_wksp/ice1/ublaze1/ublaze1.gen/sources_1/bd/design_1/ip/design_1_mig_7series_0_2/design_1_mig_7series_0_2/design_1_mig_7series_0_2_in_context.xdc, line 55).
Applied set_property CLOCK_BUFFER_TYPE = NONE for DDR3_0_dq[0]. (constraint file  c:/Users/C27John.Alves/ECE383/ece383_wksp/ice1/ublaze1/ublaze1.gen/sources_1/bd/design_1/ip/design_1_mig_7series_0_2/design_1_mig_7series_0_2/design_1_mig_7series_0_2_in_context.xdc, line 56).
Applied set_property IO_BUFFER_TYPE = NONE for DDR3_0_dq[10]. (constraint file  c:/Users/C27John.Alves/ECE383/ece383_wksp/ice1/ublaze1/ublaze1.gen/sources_1/bd/design_1/ip/design_1_mig_7series_0_2/design_1_mig_7series_0_2/design_1_mig_7series_0_2_in_context.xdc, line 57).
Applied set_property CLOCK_BUFFER_TYPE = NONE for DDR3_0_dq[10]. (constraint file  c:/Users/C27John.Alves/ECE383/ece383_wksp/ice1/ublaze1/ublaze1.gen/sources_1/bd/design_1/ip/design_1_mig_7series_0_2/design_1_mig_7series_0_2/design_1_mig_7series_0_2_in_context.xdc, line 58).
Applied set_property IO_BUFFER_TYPE = NONE for DDR3_0_dq[11]. (constraint file  c:/Users/C27John.Alves/ECE383/ece383_wksp/ice1/ublaze1/ublaze1.gen/sources_1/bd/design_1/ip/design_1_mig_7series_0_2/design_1_mig_7series_0_2/design_1_mig_7series_0_2_in_context.xdc, line 59).
Applied set_property CLOCK_BUFFER_TYPE = NONE for DDR3_0_dq[11]. (constraint file  c:/Users/C27John.Alves/ECE383/ece383_wksp/ice1/ublaze1/ublaze1.gen/sources_1/bd/design_1/ip/design_1_mig_7series_0_2/design_1_mig_7series_0_2/design_1_mig_7series_0_2_in_context.xdc, line 60).
Applied set_property IO_BUFFER_TYPE = NONE for DDR3_0_dq[12]. (constraint file  c:/Users/C27John.Alves/ECE383/ece383_wksp/ice1/ublaze1/ublaze1.gen/sources_1/bd/design_1/ip/design_1_mig_7series_0_2/design_1_mig_7series_0_2/design_1_mig_7series_0_2_in_context.xdc, line 61).
Applied set_property CLOCK_BUFFER_TYPE = NONE for DDR3_0_dq[12]. (constraint file  c:/Users/C27John.Alves/ECE383/ece383_wksp/ice1/ublaze1/ublaze1.gen/sources_1/bd/design_1/ip/design_1_mig_7series_0_2/design_1_mig_7series_0_2/design_1_mig_7series_0_2_in_context.xdc, line 62).
Applied set_property IO_BUFFER_TYPE = NONE for DDR3_0_dq[13]. (constraint file  c:/Users/C27John.Alves/ECE383/ece383_wksp/ice1/ublaze1/ublaze1.gen/sources_1/bd/design_1/ip/design_1_mig_7series_0_2/design_1_mig_7series_0_2/design_1_mig_7series_0_2_in_context.xdc, line 63).
Applied set_property CLOCK_BUFFER_TYPE = NONE for DDR3_0_dq[13]. (constraint file  c:/Users/C27John.Alves/ECE383/ece383_wksp/ice1/ublaze1/ublaze1.gen/sources_1/bd/design_1/ip/design_1_mig_7series_0_2/design_1_mig_7series_0_2/design_1_mig_7series_0_2_in_context.xdc, line 64).
Applied set_property IO_BUFFER_TYPE = NONE for DDR3_0_dq[14]. (constraint file  c:/Users/C27John.Alves/ECE383/ece383_wksp/ice1/ublaze1/ublaze1.gen/sources_1/bd/design_1/ip/design_1_mig_7series_0_2/design_1_mig_7series_0_2/design_1_mig_7series_0_2_in_context.xdc, line 65).
Applied set_property CLOCK_BUFFER_TYPE = NONE for DDR3_0_dq[14]. (constraint file  c:/Users/C27John.Alves/ECE383/ece383_wksp/ice1/ublaze1/ublaze1.gen/sources_1/bd/design_1/ip/design_1_mig_7series_0_2/design_1_mig_7series_0_2/design_1_mig_7series_0_2_in_context.xdc, line 66).
Applied set_property IO_BUFFER_TYPE = NONE for DDR3_0_dq[15]. (constraint file  c:/Users/C27John.Alves/ECE383/ece383_wksp/ice1/ublaze1/ublaze1.gen/sources_1/bd/design_1/ip/design_1_mig_7series_0_2/design_1_mig_7series_0_2/design_1_mig_7series_0_2_in_context.xdc, line 67).
Applied set_property CLOCK_BUFFER_TYPE = NONE for DDR3_0_dq[15]. (constraint file  c:/Users/C27John.Alves/ECE383/ece383_wksp/ice1/ublaze1/ublaze1.gen/sources_1/bd/design_1/ip/design_1_mig_7series_0_2/design_1_mig_7series_0_2/design_1_mig_7series_0_2_in_context.xdc, line 68).
Applied set_property IO_BUFFER_TYPE = NONE for DDR3_0_dq[1]. (constraint file  c:/Users/C27John.Alves/ECE383/ece383_wksp/ice1/ublaze1/ublaze1.gen/sources_1/bd/design_1/ip/design_1_mig_7series_0_2/design_1_mig_7series_0_2/design_1_mig_7series_0_2_in_context.xdc, line 69).
Applied set_property CLOCK_BUFFER_TYPE = NONE for DDR3_0_dq[1]. (constraint file  c:/Users/C27John.Alves/ECE383/ece383_wksp/ice1/ublaze1/ublaze1.gen/sources_1/bd/design_1/ip/design_1_mig_7series_0_2/design_1_mig_7series_0_2/design_1_mig_7series_0_2_in_context.xdc, line 70).
Applied set_property IO_BUFFER_TYPE = NONE for DDR3_0_dq[2]. (constraint file  c:/Users/C27John.Alves/ECE383/ece383_wksp/ice1/ublaze1/ublaze1.gen/sources_1/bd/design_1/ip/design_1_mig_7series_0_2/design_1_mig_7series_0_2/design_1_mig_7series_0_2_in_context.xdc, line 71).
Applied set_property CLOCK_BUFFER_TYPE = NONE for DDR3_0_dq[2]. (constraint file  c:/Users/C27John.Alves/ECE383/ece383_wksp/ice1/ublaze1/ublaze1.gen/sources_1/bd/design_1/ip/design_1_mig_7series_0_2/design_1_mig_7series_0_2/design_1_mig_7series_0_2_in_context.xdc, line 72).
Applied set_property IO_BUFFER_TYPE = NONE for DDR3_0_dq[3]. (constraint file  c:/Users/C27John.Alves/ECE383/ece383_wksp/ice1/ublaze1/ublaze1.gen/sources_1/bd/design_1/ip/design_1_mig_7series_0_2/design_1_mig_7series_0_2/design_1_mig_7series_0_2_in_context.xdc, line 73).
Applied set_property CLOCK_BUFFER_TYPE = NONE for DDR3_0_dq[3]. (constraint file  c:/Users/C27John.Alves/ECE383/ece383_wksp/ice1/ublaze1/ublaze1.gen/sources_1/bd/design_1/ip/design_1_mig_7series_0_2/design_1_mig_7series_0_2/design_1_mig_7series_0_2_in_context.xdc, line 74).
Applied set_property IO_BUFFER_TYPE = NONE for DDR3_0_dq[4]. (constraint file  c:/Users/C27John.Alves/ECE383/ece383_wksp/ice1/ublaze1/ublaze1.gen/sources_1/bd/design_1/ip/design_1_mig_7series_0_2/design_1_mig_7series_0_2/design_1_mig_7series_0_2_in_context.xdc, line 75).
Applied set_property CLOCK_BUFFER_TYPE = NONE for DDR3_0_dq[4]. (constraint file  c:/Users/C27John.Alves/ECE383/ece383_wksp/ice1/ublaze1/ublaze1.gen/sources_1/bd/design_1/ip/design_1_mig_7series_0_2/design_1_mig_7series_0_2/design_1_mig_7series_0_2_in_context.xdc, line 76).
Applied set_property IO_BUFFER_TYPE = NONE for DDR3_0_dq[5]. (constraint file  c:/Users/C27John.Alves/ECE383/ece383_wksp/ice1/ublaze1/ublaze1.gen/sources_1/bd/design_1/ip/design_1_mig_7series_0_2/design_1_mig_7series_0_2/design_1_mig_7series_0_2_in_context.xdc, line 77).
Applied set_property CLOCK_BUFFER_TYPE = NONE for DDR3_0_dq[5]. (constraint file  c:/Users/C27John.Alves/ECE383/ece383_wksp/ice1/ublaze1/ublaze1.gen/sources_1/bd/design_1/ip/design_1_mig_7series_0_2/design_1_mig_7series_0_2/design_1_mig_7series_0_2_in_context.xdc, line 78).
Applied set_property IO_BUFFER_TYPE = NONE for DDR3_0_dq[6]. (constraint file  c:/Users/C27John.Alves/ECE383/ece383_wksp/ice1/ublaze1/ublaze1.gen/sources_1/bd/design_1/ip/design_1_mig_7series_0_2/design_1_mig_7series_0_2/design_1_mig_7series_0_2_in_context.xdc, line 79).
Applied set_property CLOCK_BUFFER_TYPE = NONE for DDR3_0_dq[6]. (constraint file  c:/Users/C27John.Alves/ECE383/ece383_wksp/ice1/ublaze1/ublaze1.gen/sources_1/bd/design_1/ip/design_1_mig_7series_0_2/design_1_mig_7series_0_2/design_1_mig_7series_0_2_in_context.xdc, line 80).
Applied set_property IO_BUFFER_TYPE = NONE for DDR3_0_dq[7]. (constraint file  c:/Users/C27John.Alves/ECE383/ece383_wksp/ice1/ublaze1/ublaze1.gen/sources_1/bd/design_1/ip/design_1_mig_7series_0_2/design_1_mig_7series_0_2/design_1_mig_7series_0_2_in_context.xdc, line 81).
Applied set_property CLOCK_BUFFER_TYPE = NONE for DDR3_0_dq[7]. (constraint file  c:/Users/C27John.Alves/ECE383/ece383_wksp/ice1/ublaze1/ublaze1.gen/sources_1/bd/design_1/ip/design_1_mig_7series_0_2/design_1_mig_7series_0_2/design_1_mig_7series_0_2_in_context.xdc, line 82).
Applied set_property IO_BUFFER_TYPE = NONE for DDR3_0_dq[8]. (constraint file  c:/Users/C27John.Alves/ECE383/ece383_wksp/ice1/ublaze1/ublaze1.gen/sources_1/bd/design_1/ip/design_1_mig_7series_0_2/design_1_mig_7series_0_2/design_1_mig_7series_0_2_in_context.xdc, line 83).
Applied set_property CLOCK_BUFFER_TYPE = NONE for DDR3_0_dq[8]. (constraint file  c:/Users/C27John.Alves/ECE383/ece383_wksp/ice1/ublaze1/ublaze1.gen/sources_1/bd/design_1/ip/design_1_mig_7series_0_2/design_1_mig_7series_0_2/design_1_mig_7series_0_2_in_context.xdc, line 84).
Applied set_property IO_BUFFER_TYPE = NONE for DDR3_0_dq[9]. (constraint file  c:/Users/C27John.Alves/ECE383/ece383_wksp/ice1/ublaze1/ublaze1.gen/sources_1/bd/design_1/ip/design_1_mig_7series_0_2/design_1_mig_7series_0_2/design_1_mig_7series_0_2_in_context.xdc, line 85).
Applied set_property CLOCK_BUFFER_TYPE = NONE for DDR3_0_dq[9]. (constraint file  c:/Users/C27John.Alves/ECE383/ece383_wksp/ice1/ublaze1/ublaze1.gen/sources_1/bd/design_1/ip/design_1_mig_7series_0_2/design_1_mig_7series_0_2/design_1_mig_7series_0_2_in_context.xdc, line 86).
Applied set_property IO_BUFFER_TYPE = NONE for DDR3_0_dqs_n[0]. (constraint file  c:/Users/C27John.Alves/ECE383/ece383_wksp/ice1/ublaze1/ublaze1.gen/sources_1/bd/design_1/ip/design_1_mig_7series_0_2/design_1_mig_7series_0_2/design_1_mig_7series_0_2_in_context.xdc, line 87).
Applied set_property CLOCK_BUFFER_TYPE = NONE for DDR3_0_dqs_n[0]. (constraint file  c:/Users/C27John.Alves/ECE383/ece383_wksp/ice1/ublaze1/ublaze1.gen/sources_1/bd/design_1/ip/design_1_mig_7series_0_2/design_1_mig_7series_0_2/design_1_mig_7series_0_2_in_context.xdc, line 88).
Applied set_property IO_BUFFER_TYPE = NONE for DDR3_0_dqs_n[1]. (constraint file  c:/Users/C27John.Alves/ECE383/ece383_wksp/ice1/ublaze1/ublaze1.gen/sources_1/bd/design_1/ip/design_1_mig_7series_0_2/design_1_mig_7series_0_2/design_1_mig_7series_0_2_in_context.xdc, line 89).
Applied set_property CLOCK_BUFFER_TYPE = NONE for DDR3_0_dqs_n[1]. (constraint file  c:/Users/C27John.Alves/ECE383/ece383_wksp/ice1/ublaze1/ublaze1.gen/sources_1/bd/design_1/ip/design_1_mig_7series_0_2/design_1_mig_7series_0_2/design_1_mig_7series_0_2_in_context.xdc, line 90).
Applied set_property IO_BUFFER_TYPE = NONE for DDR3_0_dqs_p[0]. (constraint file  c:/Users/C27John.Alves/ECE383/ece383_wksp/ice1/ublaze1/ublaze1.gen/sources_1/bd/design_1/ip/design_1_mig_7series_0_2/design_1_mig_7series_0_2/design_1_mig_7series_0_2_in_context.xdc, line 91).
Applied set_property CLOCK_BUFFER_TYPE = NONE for DDR3_0_dqs_p[0]. (constraint file  c:/Users/C27John.Alves/ECE383/ece383_wksp/ice1/ublaze1/ublaze1.gen/sources_1/bd/design_1/ip/design_1_mig_7series_0_2/design_1_mig_7series_0_2/design_1_mig_7series_0_2_in_context.xdc, line 92).
Applied set_property IO_BUFFER_TYPE = NONE for DDR3_0_dqs_p[1]. (constraint file  c:/Users/C27John.Alves/ECE383/ece383_wksp/ice1/ublaze1/ublaze1.gen/sources_1/bd/design_1/ip/design_1_mig_7series_0_2/design_1_mig_7series_0_2/design_1_mig_7series_0_2_in_context.xdc, line 93).
Applied set_property CLOCK_BUFFER_TYPE = NONE for DDR3_0_dqs_p[1]. (constraint file  c:/Users/C27John.Alves/ECE383/ece383_wksp/ice1/ublaze1/ublaze1.gen/sources_1/bd/design_1/ip/design_1_mig_7series_0_2/design_1_mig_7series_0_2/design_1_mig_7series_0_2_in_context.xdc, line 94).
Applied set_property IO_BUFFER_TYPE = NONE for DDR3_0_odt[0]. (constraint file  c:/Users/C27John.Alves/ECE383/ece383_wksp/ice1/ublaze1/ublaze1.gen/sources_1/bd/design_1/ip/design_1_mig_7series_0_2/design_1_mig_7series_0_2/design_1_mig_7series_0_2_in_context.xdc, line 95).
Applied set_property CLOCK_BUFFER_TYPE = NONE for DDR3_0_odt[0]. (constraint file  c:/Users/C27John.Alves/ECE383/ece383_wksp/ice1/ublaze1/ublaze1.gen/sources_1/bd/design_1/ip/design_1_mig_7series_0_2/design_1_mig_7series_0_2/design_1_mig_7series_0_2_in_context.xdc, line 96).
Applied set_property IO_BUFFER_TYPE = NONE for DDR3_0_ras_n. (constraint file  c:/Users/C27John.Alves/ECE383/ece383_wksp/ice1/ublaze1/ublaze1.gen/sources_1/bd/design_1/ip/design_1_mig_7series_0_2/design_1_mig_7series_0_2/design_1_mig_7series_0_2_in_context.xdc, line 97).
Applied set_property CLOCK_BUFFER_TYPE = NONE for DDR3_0_ras_n. (constraint file  c:/Users/C27John.Alves/ECE383/ece383_wksp/ice1/ublaze1/ublaze1.gen/sources_1/bd/design_1/ip/design_1_mig_7series_0_2/design_1_mig_7series_0_2/design_1_mig_7series_0_2_in_context.xdc, line 98).
Applied set_property IO_BUFFER_TYPE = NONE for DDR3_0_reset_n. (constraint file  c:/Users/C27John.Alves/ECE383/ece383_wksp/ice1/ublaze1/ublaze1.gen/sources_1/bd/design_1/ip/design_1_mig_7series_0_2/design_1_mig_7series_0_2/design_1_mig_7series_0_2_in_context.xdc, line 99).
Applied set_property CLOCK_BUFFER_TYPE = NONE for DDR3_0_reset_n. (constraint file  c:/Users/C27John.Alves/ECE383/ece383_wksp/ice1/ublaze1/ublaze1.gen/sources_1/bd/design_1/ip/design_1_mig_7series_0_2/design_1_mig_7series_0_2/design_1_mig_7series_0_2_in_context.xdc, line 100).
Applied set_property IO_BUFFER_TYPE = NONE for DDR3_0_we_n. (constraint file  c:/Users/C27John.Alves/ECE383/ece383_wksp/ice1/ublaze1/ublaze1.gen/sources_1/bd/design_1/ip/design_1_mig_7series_0_2/design_1_mig_7series_0_2/design_1_mig_7series_0_2_in_context.xdc, line 101).
Applied set_property CLOCK_BUFFER_TYPE = NONE for DDR3_0_we_n. (constraint file  c:/Users/C27John.Alves/ECE383/ece383_wksp/ice1/ublaze1/ublaze1.gen/sources_1/bd/design_1/ip/design_1_mig_7series_0_2/design_1_mig_7series_0_2/design_1_mig_7series_0_2_in_context.xdc, line 102).
Applied set_property KEEP_HIERARCHY = SOFT for design_1_i. (constraint file  auto generated constraint).
Applied set_property KEEP_HIERARCHY = SOFT for design_1_i/microblaze_0. (constraint file  auto generated constraint).
Applied set_property KEEP_HIERARCHY = SOFT for design_1_i/microblaze_0_local_memory/dlmb_v10. (constraint file  auto generated constraint).
Applied set_property KEEP_HIERARCHY = SOFT for design_1_i/microblaze_0_local_memory/ilmb_v10. (constraint file  auto generated constraint).
Applied set_property KEEP_HIERARCHY = SOFT for design_1_i/microblaze_0_local_memory/dlmb_bram_if_cntlr. (constraint file  auto generated constraint).
Applied set_property KEEP_HIERARCHY = SOFT for design_1_i/microblaze_0_local_memory/ilmb_bram_if_cntlr. (constraint file  auto generated constraint).
Applied set_property KEEP_HIERARCHY = SOFT for design_1_i/microblaze_0_local_memory/lmb_bram. (constraint file  auto generated constraint).
Applied set_property KEEP_HIERARCHY = SOFT for design_1_i/mdm_1. (constraint file  auto generated constraint).
Applied set_property KEEP_HIERARCHY = SOFT for design_1_i/clk_wiz_1. (constraint file  auto generated constraint).
Applied set_property KEEP_HIERARCHY = SOFT for design_1_i/rst_clk_wiz_1_100M. (constraint file  auto generated constraint).
Applied set_property KEEP_HIERARCHY = SOFT for design_1_i/axi_uartlite_0. (constraint file  auto generated constraint).
Applied set_property KEEP_HIERARCHY = SOFT for design_1_i/axi_smc. (constraint file  auto generated constraint).
Applied set_property KEEP_HIERARCHY = SOFT for design_1_i/util_ds_buf_0. (constraint file  auto generated constraint).
Applied set_property KEEP_HIERARCHY = SOFT for design_1_i/mig_7series_0. (constraint file  auto generated constraint).
Applied set_property KEEP_HIERARCHY = SOFT for design_1_i/axi_smc_1. (constraint file  auto generated constraint).
Applied set_property KEEP_HIERARCHY = SOFT for design_1_i/rst_mig_7series_0_100M. (constraint file  auto generated constraint).
---------------------------------------------------------------------------------
Finished applying 'set_property' XDC Constraints : Time (s): cpu = 00:00:14 ; elapsed = 00:00:24 . Memory (MB): peak = 1213.430 ; gain = 595.492
---------------------------------------------------------------------------------
---------------------------------------------------------------------------------
Finished RTL Optimization Phase 2 : Time (s): cpu = 00:00:14 ; elapsed = 00:00:24 . Memory (MB): peak = 1213.430 ; gain = 595.492
---------------------------------------------------------------------------------
---------------------------------------------------------------------------------
Start RTL Component Statistics 
---------------------------------------------------------------------------------
Detailed RTL Component Info : 
---------------------------------------------------------------------------------
Finished RTL Component Statistics 
---------------------------------------------------------------------------------
---------------------------------------------------------------------------------
Start Part Resource Summary
---------------------------------------------------------------------------------
Part Resources:
DSPs: 740 (col length:100)
BRAMs: 730 (col length: RAMB18 100 RAMB36 50)
---------------------------------------------------------------------------------
Finished Part Resource Summary
---------------------------------------------------------------------------------
---------------------------------------------------------------------------------
Start Cross Boundary and Area Optimization
---------------------------------------------------------------------------------
WARNING: [Synth 8-7080] Parallel synthesis criteria is not met
---------------------------------------------------------------------------------
Finished Cross Boundary and Area Optimization : Time (s): cpu = 00:00:16 ; elapsed = 00:00:27 . Memory (MB): peak = 1213.430 ; gain = 595.492
---------------------------------------------------------------------------------
---------------------------------------------------------------------------------
Start Applying XDC Timing Constraints
---------------------------------------------------------------------------------
---------------------------------------------------------------------------------
Finished Applying XDC Timing Constraints : Time (s): cpu = 00:00:23 ; elapsed = 00:00:35 . Memory (MB): peak = 1376.180 ; gain = 758.242
---------------------------------------------------------------------------------
---------------------------------------------------------------------------------
Start Timing Optimization
---------------------------------------------------------------------------------
---------------------------------------------------------------------------------
Finished Timing Optimization : Time (s): cpu = 00:00:23 ; elapsed = 00:00:35 . Memory (MB): peak = 1376.227 ; gain = 758.289
---------------------------------------------------------------------------------
---------------------------------------------------------------------------------
Start Technology Mapping
---------------------------------------------------------------------------------
---------------------------------------------------------------------------------
Finished Technology Mapping : Time (s): cpu = 00:00:23 ; elapsed = 00:00:35 . Memory (MB): peak = 1387.633 ; gain = 769.695
---------------------------------------------------------------------------------
---------------------------------------------------------------------------------
Start IO Insertion
---------------------------------------------------------------------------------
---------------------------------------------------------------------------------
Start Flattening Before IO Insertion
---------------------------------------------------------------------------------
---------------------------------------------------------------------------------
Finished Flattening Before IO Insertion
---------------------------------------------------------------------------------
---------------------------------------------------------------------------------
Start Final Netlist Cleanup
---------------------------------------------------------------------------------
---------------------------------------------------------------------------------
Finished Final Netlist Cleanup
---------------------------------------------------------------------------------
---------------------------------------------------------------------------------
Finished IO Insertion : Time (s): cpu = 00:00:27 ; elapsed = 00:00:40 . Memory (MB): peak = 1602.828 ; gain = 984.891
---------------------------------------------------------------------------------
---------------------------------------------------------------------------------
Start Renaming Generated Instances
---------------------------------------------------------------------------------
---------------------------------------------------------------------------------
Finished Renaming Generated Instances : Time (s): cpu = 00:00:27 ; elapsed = 00:00:40 . Memory (MB): peak = 1602.828 ; gain = 984.891
---------------------------------------------------------------------------------
---------------------------------------------------------------------------------
Start Rebuilding User Hierarchy
---------------------------------------------------------------------------------
---------------------------------------------------------------------------------
Finished Rebuilding User Hierarchy : Time (s): cpu = 00:00:27 ; elapsed = 00:00:40 . Memory (MB): peak = 1602.828 ; gain = 984.891
---------------------------------------------------------------------------------
---------------------------------------------------------------------------------
Start Renaming Generated Ports
---------------------------------------------------------------------------------
---------------------------------------------------------------------------------
Finished Renaming Generated Ports : Time (s): cpu = 00:00:27 ; elapsed = 00:00:40 . Memory (MB): peak = 1602.828 ; gain = 984.891
---------------------------------------------------------------------------------
---------------------------------------------------------------------------------
Start Handling Custom Attributes
---------------------------------------------------------------------------------
---------------------------------------------------------------------------------
Finished Handling Custom Attributes : Time (s): cpu = 00:00:27 ; elapsed = 00:00:40 . Memory (MB): peak = 1602.828 ; gain = 984.891
---------------------------------------------------------------------------------
---------------------------------------------------------------------------------
Start Renaming Generated Nets
---------------------------------------------------------------------------------
---------------------------------------------------------------------------------
Finished Renaming Generated Nets : Time (s): cpu = 00:00:27 ; elapsed = 00:00:40 . Memory (MB): peak = 1602.828 ; gain = 984.891
---------------------------------------------------------------------------------
---------------------------------------------------------------------------------
Start Writing Synthesis Report
---------------------------------------------------------------------------------

Report BlackBoxes: 
+------+----------------------------------+----------+
|      |BlackBox name                     |Instances |
+------+----------------------------------+----------+
|1     |design_1_axi_smc_0                |         1|
|2     |design_1_axi_smc_1_0              |         1|
|3     |design_1_axi_uartlite_0_0         |         1|
|4     |design_1_clk_wiz_1_0              |         1|
|5     |design_1_mdm_1_0                  |         1|
|6     |design_1_microblaze_0_0           |         1|
|7     |design_1_mig_7series_0_2          |         1|
|8     |design_1_rst_clk_wiz_1_100M_0     |         1|
|9     |design_1_rst_mig_7series_0_100M_0 |         1|
|10    |design_1_util_ds_buf_0_0          |         1|
|11    |design_1_dlmb_bram_if_cntlr_0     |         1|
|12    |design_1_dlmb_v10_0               |         1|
|13    |design_1_ilmb_bram_if_cntlr_0     |         1|
|14    |design_1_ilmb_v10_0               |         1|
|15    |design_1_lmb_bram_0               |         1|
+------+----------------------------------+----------+

Report Cell Usage: 
+------+---------------------------------------+------+
|      |Cell                                   |Count |
+------+---------------------------------------+------+
|1     |design_1_axi_smc_0_bbox                |     1|
|2     |design_1_axi_smc_1_0_bbox              |     1|
|3     |design_1_axi_uartlite_0_0_bbox         |     1|
|4     |design_1_clk_wiz_1_0_bbox              |     1|
|5     |design_1_dlmb_bram_if_cntlr_0_bbox     |     1|
|6     |design_1_dlmb_v10_0_bbox               |     1|
|7     |design_1_ilmb_bram_if_cntlr_0_bbox     |     1|
|8     |design_1_ilmb_v10_0_bbox               |     1|
|9     |design_1_lmb_bram_0_bbox               |     1|
|10    |design_1_mdm_1_0_bbox                  |     1|
|11    |design_1_microblaze_0_0_bbox           |     1|
|12    |design_1_mig_7series_0_2_bbox          |     1|
|13    |design_1_rst_clk_wiz_1_100M_0_bbox     |     1|
|14    |design_1_rst_mig_7series_0_100M_0_bbox |     1|
|15    |design_1_util_ds_buf_0_0_bbox          |     1|
|16    |IBUF                                   |     3|
|17    |OBUF                                   |     1|
+------+---------------------------------------+------+
---------------------------------------------------------------------------------
Finished Writing Synthesis Report : Time (s): cpu = 00:00:27 ; elapsed = 00:00:40 . Memory (MB): peak = 1602.828 ; gain = 984.891
---------------------------------------------------------------------------------
Synthesis finished with 0 errors, 0 critical warnings and 1 warnings.
Synthesis Optimization Runtime : Time (s): cpu = 00:00:19 ; elapsed = 00:00:37 . Memory (MB): peak = 1602.828 ; gain = 974.438
Synthesis Optimization Complete : Time (s): cpu = 00:00:27 ; elapsed = 00:00:41 . Memory (MB): peak = 1602.828 ; gain = 984.891
INFO: [Project 1-571] Translating synthesized netlist
Netlist sorting complete. Time (s): cpu = 00:00:00 ; elapsed = 00:00:00.017 . Memory (MB): peak = 1602.828 ; gain = 0.000
INFO: [Project 1-570] Preparing netlist for logic optimization
INFO: [Opt 31-138] Pushed 0 inverter(s) to 0 load pin(s).
Netlist sorting complete. Time (s): cpu = 00:00:00 ; elapsed = 00:00:00 . Memory (MB): peak = 1602.828 ; gain = 0.000
INFO: [Project 1-111] Unisim Transformation Summary:
No Unisim elements were transformed.

Synth Design complete | Checksum: 5ae41e3e
INFO: [Common 17-83] Releasing license: Synthesis
52 Infos, 10 Warnings, 0 Critical Warnings and 0 Errors encountered.
synth_design completed successfully
synth_design: Time (s): cpu = 00:00:31 ; elapsed = 00:00:54 . Memory (MB): peak = 1602.828 ; gain = 1242.461
Write ShapeDB Complete: Time (s): cpu = 00:00:00 ; elapsed = 00:00:00.002 . Memory (MB): peak = 1602.828 ; gain = 0.000
INFO: [Common 17-1381] The checkpoint 'C:/Users/C27John.Alves/ECE383/ece383_wksp/ice1/ublaze1/ublaze1.runs/synth_1/design_1_wrapper.dcp' has been generated.
INFO: [Vivado 12-24828] Executing command : report_utilization -file design_1_wrapper_utilization_synth.rpt -pb design_1_wrapper_utilization_synth.pb
INFO: [Common 17-206] Exiting Vivado at Fri Feb 27 08:26:07 2026...
