#-----------------------------------------------------------
# Vivado v2024.2 (64-bit)
# SW Build 5239630 on Fri Nov 08 22:35:27 MST 2024
# IP Build 5239520 on Sun Nov 10 16:12:51 MST 2024
# SharedData Build 5239561 on Fri Nov 08 14:39:27 MST 2024
# Start of session at: Sat Apr 26 23:52:44 2025
# Process ID         : 46448
# Current directory  : C:/383/ece383-lab4
# Command line       : vivado.exe -gui_launcher_event rodinguilauncherevent19240 C:\383\ece383-lab4\Lab4.xpr
# Log file           : C:/383/ece383-lab4/vivado.log
# Journal file       : C:/383/ece383-lab4\vivado.jou
# Running On         : JT-DESKTOP
# Platform           : Windows Server 2016 or Windows 10
# Operating System   : 22621
# Processor Detail   : AMD Ryzen 7 1800X Eight-Core Processor         
# CPU Frequency      : 3600 MHz
# CPU Physical cores : 8
# CPU Logical cores  : 16
# Host memory        : 68669 MB
# Swap memory        : 4294 MB
# Total Virtual      : 72964 MB
# Available Virtual  : 11477 MB
#-----------------------------------------------------------
start_gui
open_project C:/383/ece383-lab4/Lab4.xpr
INFO: [filemgmt 56-3] Default IP Output Path : Could not find the directory 'C:/383/ece383-lab4/Lab4.gen/sources_1'.
Scanning sources...
Finished scanning sources
INFO: [IP_Flow 19-234] Refreshing IP repositories
INFO: [IP_Flow 19-1704] No user IP repositories specified
INFO: [IP_Flow 19-2313] Loaded Vivado IP repository 'C:/Xilinx/Vivado/2024.2/data/ip'.
launch_simulation -simset [get_filesets Lab4_cu ]
Command: launch_simulation  -simset Lab4_cu
INFO: [Vivado 12-12493] Simulation top is 'Lab4_cu_tb'
WARNING: [Vivado 12-13340] Unable to auto find GCC executables from simulator install path! (path not set)
INFO: [Vivado 12-5682] Launching behavioral simulation in 'C:/383/ece383-lab4/Lab4.sim/Lab4_cu/behav/xsim'
INFO: [SIM-utils-51] Simulation object is 'Lab4_cu'
INFO: [SIM-utils-72] Using boost library from 'C:/Xilinx/Vivado/2024.2/tps/boost_1_72_0'
INFO: [SIM-utils-54] Inspecting design source files for 'Lab4_cu_tb' in fileset 'Lab4_cu'...
INFO: [USF-XSim-97] Finding global include files...
INFO: [USF-XSim-100] Fetching design files from 'sources_1'...(this may take a while)...
INFO: [USF-XSim-101] Fetching design files from 'Lab4_cu'...
INFO: [USF-XSim-2] XSim::Compile design
INFO: [USF-XSim-61] Executing 'COMPILE and ANALYZE' step in 'C:/383/ece383-lab4/Lab4.sim/Lab4_cu/behav/xsim'
"xvlog --incr --relax -prj Lab4_cu_tb_vlog.prj"
"xvhdl --incr --relax -prj Lab4_cu_tb_vhdl.prj"
INFO: [USF-XSim-69] 'compile' step finished in '5' seconds
INFO: [USF-XSim-3] XSim::Elaborate design
INFO: [USF-XSim-61] Executing 'ELABORATE' step in 'C:/383/ece383-lab4/Lab4.sim/Lab4_cu/behav/xsim'
"xelab --incr --debug typical --relax --mt 2 -L xil_defaultlib -L unisims_ver -L unimacro_ver -L secureip --snapshot Lab4_cu_tb_behav xil_defaultlib.Lab4_cu_tb xil_defaultlib.glbl -log elaborate.log"
Vivado Simulator v2024.2.0
Copyright 1986-2022 Xilinx, Inc. All Rights Reserved.
Copyright 2022-2024 Advanced Micro Devices, Inc. All Rights Reserved.
Running: C:/Xilinx/Vivado/2024.2/bin/unwrapped/win64.o/xelab.exe --incr --debug typical --relax --mt 2 -L xil_defaultlib -L unisims_ver -L unimacro_ver -L secureip --snapshot Lab4_cu_tb_behav xil_defaultlib.Lab4_cu_tb xil_defaultlib.glbl -log elaborate.log 
Using 2 slave threads.
Starting static elaboration
Pass Through NonSizing Optimizer
ERROR: [VRFC 10-3353] formal port 'sw' has no actual or default value [C:/383/ece383-lab4/Lab4.srcs/sources_1/imports/ece383-lab4/Lab4_cu.vhd:16]
ERROR: [XSIM 43-3322] Static elaboration of top level Verilog design unit(s) in library work failed.
INFO: [USF-XSim-69] 'elaborate' step finished in '2' seconds
INFO: [USF-XSim-99] Step results log file:'C:/383/ece383-lab4/Lab4.sim/Lab4_cu/behav/xsim/elaborate.log'
ERROR: [USF-XSim-62] 'elaborate' step failed with error(s). Please check the Tcl console output or 'C:/383/ece383-lab4/Lab4.sim/Lab4_cu/behav/xsim/elaborate.log' file for more information.
ERROR: [Vivado 12-4473] Detected error while running simulation. Please correct the issue and retry this operation.
launch_simulation: Time (s): cpu = 00:00:00 ; elapsed = 00:00:08 . Memory (MB): peak = 1158.312 ; gain = 0.000
ERROR: [Common 17-39] 'launch_simulation' failed due to earlier errors.
WARNING: [filemgmt 56-199] Attempt to get parsing info during refresh. "On-the-fly" syntax checking information may be incorrect. [C:\383\ece383-lab4\Lab4.srcs\sim_1\new\Lab4_cu_tb.vhd:]
WARNING: [filemgmt 56-199] Attempt to get parsing info during refresh. "On-the-fly" syntax checking information may be incorrect. [C:\383\ece383-lab4\Lab4.srcs\sources_1\imports\ece383-lab4\Lab4_cu.vhd:]
WARNING: [filemgmt 56-199] Attempt to get parsing info during refresh. "On-the-fly" syntax checking information may be incorrect. [C:\383\ece383-lab4\Lab4.srcs\sim_1\new\Lab4_cu_tb.vhd:]
WARNING: [filemgmt 56-199] Attempt to get parsing info during refresh. "On-the-fly" syntax checking information may be incorrect. [C:\383\ece383-lab4\Lab4.srcs\sim_1\new\Lab4_cu_tb.vhd:]
ERROR: [Common 17-180] Spawn failed: No error
launch_simulation -simset [get_filesets Lab4_cu ]
Command: launch_simulation  -simset Lab4_cu
INFO: [Vivado 12-12493] Simulation top is 'Lab4_cu_tb'
WARNING: [Vivado 12-13340] Unable to auto find GCC executables from simulator install path! (path not set)
INFO: [Vivado 12-5682] Launching behavioral simulation in 'C:/383/ece383-lab4/Lab4.sim/Lab4_cu/behav/xsim'
INFO: [SIM-utils-51] Simulation object is 'Lab4_cu'
INFO: [SIM-utils-72] Using boost library from 'C:/Xilinx/Vivado/2024.2/tps/boost_1_72_0'
INFO: [SIM-utils-54] Inspecting design source files for 'Lab4_cu_tb' in fileset 'Lab4_cu'...
INFO: [USF-XSim-97] Finding global include files...
INFO: [USF-XSim-100] Fetching design files from 'sources_1'...(this may take a while)...
INFO: [USF-XSim-101] Fetching design files from 'Lab4_cu'...
INFO: [USF-XSim-2] XSim::Compile design
INFO: [USF-XSim-61] Executing 'COMPILE and ANALYZE' step in 'C:/383/ece383-lab4/Lab4.sim/Lab4_cu/behav/xsim'
"xvlog --incr --relax -prj Lab4_cu_tb_vlog.prj"
"xvhdl --incr --relax -prj Lab4_cu_tb_vhdl.prj"
INFO: [VRFC 10-163] Analyzing VHDL file "C:/383/ece383-lab4/Lab4.srcs/sim_1/new/Lab4_cu_tb.vhd" into library xil_defaultlib
INFO: [VRFC 10-3107] analyzing entity 'Lab4_cu_tb'
run_program: Time (s): cpu = 00:00:00 ; elapsed = 00:00:05 . Memory (MB): peak = 1158.312 ; gain = 0.000
INFO: [USF-XSim-69] 'compile' step finished in '5' seconds
INFO: [USF-XSim-3] XSim::Elaborate design
INFO: [USF-XSim-61] Executing 'ELABORATE' step in 'C:/383/ece383-lab4/Lab4.sim/Lab4_cu/behav/xsim'
"xelab --incr --debug typical --relax --mt 2 -L xil_defaultlib -L unisims_ver -L unimacro_ver -L secureip --snapshot Lab4_cu_tb_behav xil_defaultlib.Lab4_cu_tb xil_defaultlib.glbl -log elaborate.log"
Vivado Simulator v2024.2.0
Copyright 1986-2022 Xilinx, Inc. All Rights Reserved.
Copyright 2022-2024 Advanced Micro Devices, Inc. All Rights Reserved.
Running: C:/Xilinx/Vivado/2024.2/bin/unwrapped/win64.o/xelab.exe --incr --debug typical --relax --mt 2 -L xil_defaultlib -L unisims_ver -L unimacro_ver -L secureip --snapshot Lab4_cu_tb_behav xil_defaultlib.Lab4_cu_tb xil_defaultlib.glbl -log elaborate.log 
Using 2 slave threads.
Starting static elaboration
Pass Through NonSizing Optimizer
Completed static elaboration
Starting simulation data flow analysis
Completed simulation data flow analysis
Time Resolution for simulation is 1ps
Compiling package std.standard
Compiling package std.textio
Compiling package ieee.std_logic_1164
Compiling package ieee.numeric_std
Compiling module xil_defaultlib.glbl
Compiling architecture lab4_cu_arch of entity xil_defaultlib.Lab4_cu [lab4_cu_default]
Compiling architecture behavior of entity xil_defaultlib.lab4_cu_tb
Built simulation snapshot Lab4_cu_tb_behav
INFO: [USF-XSim-69] 'elaborate' step finished in '4' seconds
INFO: [USF-XSim-4] XSim::Simulate design
INFO: [USF-XSim-61] Executing 'SIMULATE' step in 'C:/383/ece383-lab4/Lab4.sim/Lab4_cu/behav/xsim'
INFO: [USF-XSim-98] *** Running xsim
   with args "Lab4_cu_tb_behav -key {Behavioral:Lab4_cu:Functional:Lab4_cu_tb} -tclbatch {Lab4_cu_tb.tcl} -log {simulate.log}"
INFO: [USF-XSim-8] Loading simulator feature
Time resolution is 1 ps
source Lab4_cu_tb.tcl
# set curr_wave [current_wave_config]
# if { [string length $curr_wave] == 0 } {
#   if { [llength [get_objects]] > 0} {
#     add_wave /
#     set_property needs_save false [current_wave_config]
#   } else {
#      send_msg_id Add_Wave-1 WARNING "No top level signals found. Simulator will start without a wave window. If you want to open a wave window go to 'File->New Waveform Configuration' or type 'create_wave_config' in the TCL console."
#   }
# }
# run 1000ns
Note: Cycle 0: inc_phase cw = 10000
Time: 15 ns  Iteration: 1  Process: /Lab4_cu_tb/stim_proc  File: C:/383/ece383-lab4/Lab4.srcs/sim_1/new/Lab4_cu_tb.vhd
Note: Cycle 1: store_base cw = 00100
Time: 25 ns  Iteration: 1  Process: /Lab4_cu_tb/stim_proc  File: C:/383/ece383-lab4/Lab4.srcs/sim_1/new/Lab4_cu_tb.vhd
Note: Cycle 2: store_next cw = 01010
Time: 35 ns  Iteration: 1  Process: /Lab4_cu_tb/stim_proc  File: C:/383/ece383-lab4/Lab4.srcs/sim_1/new/Lab4_cu_tb.vhd
Note: Cycle 3: store_result cw = 00001
Time: 45 ns  Iteration: 1  Process: /Lab4_cu_tb/stim_proc  File: C:/383/ece383-lab4/Lab4.srcs/sim_1/new/Lab4_cu_tb.vhd
Note: Cycle 4: inc_phase again cw = 10000
Time: 55 ns  Iteration: 1  Process: /Lab4_cu_tb/stim_proc  File: C:/383/ece383-lab4/Lab4.srcs/sim_1/new/Lab4_cu_tb.vhd
Note: All Lab4_cu control word transitions verified successfully!
Time: 55 ns  Iteration: 1  Process: /Lab4_cu_tb/stim_proc  File: C:/383/ece383-lab4/Lab4.srcs/sim_1/new/Lab4_cu_tb.vhd
INFO: [USF-XSim-96] XSim completed. Design snapshot 'Lab4_cu_tb_behav' loaded.
INFO: [USF-XSim-97] XSim simulation ran for 1000ns
launch_simulation: Time (s): cpu = 00:00:03 ; elapsed = 00:00:13 . Memory (MB): peak = 1173.926 ; gain = 15.613
current_fileset -simset [ get_filesets Lab4_dp ]
INFO: [Device 21-403] Loading part xc7a200tsbg484-1
create_ip -name clk_wiz -vendor xilinx.com -library ip -version 6.0 -module_name clk_wiz_0
set_property -dict [list \
  CONFIG.CLKOUT1_JITTER {201.426} \
  CONFIG.CLKOUT1_REQUESTED_OUT_FREQ {12.288} \
  CONFIG.CLKOUT2_JITTER {151.636} \
  CONFIG.CLKOUT2_PHASE_ERROR {98.575} \
  CONFIG.CLKOUT2_REQUESTED_OUT_FREQ {50} \
  CONFIG.CLKOUT2_USED {true} \
  CONFIG.CLK_IN1_BOARD_INTERFACE {sys_clock} \
  CONFIG.MMCM_CLKOUT0_DIVIDE_F {81.375} \
  CONFIG.MMCM_CLKOUT1_DIVIDE {20} \
  CONFIG.NUM_OUT_CLKS {2} \
  CONFIG.RESET_BOARD_INTERFACE {reset} \
  CONFIG.RESET_PORT {resetn} \
  CONFIG.RESET_TYPE {ACTIVE_LOW} \
  CONFIG.USE_LOCKED {false} \
] [get_ips clk_wiz_0]
generate_target {instantiation_template} [get_files c:/383/ece383-lab4/Lab4.srcs/sources_1/ip/clk_wiz_0/clk_wiz_0.xci]
INFO: [IP_Flow 19-1686] Generating 'Instantiation Template' target for IP 'clk_wiz_0'...
WARNING: [filemgmt 56-199] Attempt to get parsing info during refresh. "On-the-fly" syntax checking information may be incorrect. [C:\383\ece383-lab4\Lab4.srcs\sources_1\imports\lab2_code_for_cadets\Audio_Codec_Wrapper.vhd:]
WARNING: [filemgmt 56-199] Attempt to get parsing info during refresh. "On-the-fly" syntax checking information may be incorrect. [C:\383\ece383-lab4\Lab4.srcs\sim_1\new\Lab4_dp_tb.vhd:]
WARNING: [filemgmt 56-199] Attempt to get parsing info during refresh. "On-the-fly" syntax checking information may be incorrect. [C:\383\ece383-lab4\Lab4.srcs\sources_1\imports\ece383-lab4\LookupTable.vhd:]
WARNING: [filemgmt 56-199] Attempt to get parsing info during refresh. "On-the-fly" syntax checking information may be incorrect. [C:\383\ece383-lab4\Lab4.srcs\sources_1\imports\ece383-lab4\Lab4_dp.vhd:]
WARNING: [filemgmt 56-199] Attempt to get parsing info during refresh. "On-the-fly" syntax checking information may be incorrect. [C:\383\ece383-lab4\Lab4.srcs\sim_1\new\LookupTable_tb.vhd:]
WARNING: [filemgmt 56-199] Attempt to get parsing info during refresh. "On-the-fly" syntax checking information may be incorrect. [C:\383\ece383-lab4\Lab4.srcs\sources_1\imports\ece383-lab4\Lab4.vhd:]
WARNING: [filemgmt 56-199] Attempt to get parsing info during refresh. "On-the-fly" syntax checking information may be incorrect. [C:\383\ece383-lab4\Lab4.srcs\sources_1\imports\ece383-lab4\Lab4_cu.vhd:]
WARNING: [filemgmt 56-199] Attempt to get parsing info during refresh. "On-the-fly" syntax checking information may be incorrect. [C:\383\ece383-lab4\Lab4.srcs\sim_1\new\Lab4_dp_tb.vhd:]
WARNING: [filemgmt 56-199] Attempt to get parsing info during refresh. "On-the-fly" syntax checking information may be incorrect. [C:\383\ece383-lab4\Lab4.srcs\sim_1\new\Lab4_dp_tb.vhd:]
WARNING: [filemgmt 56-199] Attempt to get parsing info during refresh. "On-the-fly" syntax checking information may be incorrect. [C:\383\ece383-lab4\Lab4.srcs\sources_1\imports\lab2_code_for_cadets\Audio_Codec_Wrapper.vhd:]
WARNING: [filemgmt 56-199] Attempt to get parsing info during refresh. "On-the-fly" syntax checking information may be incorrect. [C:\383\ece383-lab4\Lab4.srcs\sim_1\new\Lab4_dp_tb.vhd:]
WARNING: [filemgmt 56-199] Attempt to get parsing info during refresh. "On-the-fly" syntax checking information may be incorrect. [C:\383\ece383-lab4\Lab4.srcs\sources_1\imports\ece383-lab4\LookupTable.vhd:]
WARNING: [filemgmt 56-199] Attempt to get parsing info during refresh. "On-the-fly" syntax checking information may be incorrect. [C:\383\ece383-lab4\Lab4.srcs\sources_1\imports\ece383-lab4\Lab4_dp.vhd:]
WARNING: [filemgmt 56-199] Attempt to get parsing info during refresh. "On-the-fly" syntax checking information may be incorrect. [C:\383\ece383-lab4\Lab4.srcs\sim_1\new\LookupTable_tb.vhd:]
WARNING: [filemgmt 56-199] Attempt to get parsing info during refresh. "On-the-fly" syntax checking information may be incorrect. [C:\383\ece383-lab4\Lab4.srcs\sources_1\imports\ece383-lab4\Lab4.vhd:]
WARNING: [filemgmt 56-199] Attempt to get parsing info during refresh. "On-the-fly" syntax checking information may be incorrect. [C:\383\ece383-lab4\Lab4.srcs\sources_1\imports\ece383-lab4\Lab4_cu.vhd:]
WARNING: [filemgmt 56-199] Attempt to get parsing info during refresh. "On-the-fly" syntax checking information may be incorrect. [C:\383\ece383-lab4\Lab4.srcs\sources_1\imports\ece383-lab4\LookupTable.vhd:]
WARNING: [filemgmt 56-199] Attempt to get parsing info during refresh. "On-the-fly" syntax checking information may be incorrect. [C:\383\ece383-lab4\Lab4.srcs\sources_1\imports\ece383-lab4\LookupTable.vhd:]
WARNING: [filemgmt 56-199] Attempt to get parsing info during refresh. "On-the-fly" syntax checking information may be incorrect. [C:\383\ece383-lab4\Lab4.srcs\sources_1\imports\lab2_code_for_cadets\Audio_Codec_Wrapper.vhd:]
WARNING: [filemgmt 56-199] Attempt to get parsing info during refresh. "On-the-fly" syntax checking information may be incorrect. [C:\383\ece383-lab4\Lab4.srcs\sim_1\new\Lab4_dp_tb.vhd:]
WARNING: [filemgmt 56-199] Attempt to get parsing info during refresh. "On-the-fly" syntax checking information may be incorrect. [C:\383\ece383-lab4\Lab4.srcs\sources_1\imports\ece383-lab4\LookupTable.vhd:]
WARNING: [filemgmt 56-199] Attempt to get parsing info during refresh. "On-the-fly" syntax checking information may be incorrect. [C:\383\ece383-lab4\Lab4.srcs\sources_1\imports\ece383-lab4\Lab4_dp.vhd:]
WARNING: [filemgmt 56-199] Attempt to get parsing info during refresh. "On-the-fly" syntax checking information may be incorrect. [C:\383\ece383-lab4\Lab4.srcs\sim_1\new\LookupTable_tb.vhd:]
WARNING: [filemgmt 56-199] Attempt to get parsing info during refresh. "On-the-fly" syntax checking information may be incorrect. [C:\383\ece383-lab4\Lab4.srcs\sources_1\imports\ece383-lab4\Lab4.vhd:]
WARNING: [filemgmt 56-199] Attempt to get parsing info during refresh. "On-the-fly" syntax checking information may be incorrect. [C:\383\ece383-lab4\Lab4.srcs\sources_1\imports\ece383-lab4\Lab4_cu.vhd:]
WARNING: [filemgmt 56-199] Attempt to get parsing info during refresh. "On-the-fly" syntax checking information may be incorrect. [C:\383\ece383-lab4\Lab4.srcs\sim_1\new\LookupTable_tb.vhd:]
WARNING: [filemgmt 56-199] Attempt to get parsing info during refresh. "On-the-fly" syntax checking information may be incorrect. [C:\383\ece383-lab4\Lab4.srcs\sim_1\new\LookupTable_tb.vhd:]
WARNING: [filemgmt 56-199] Attempt to get parsing info during refresh. "On-the-fly" syntax checking information may be incorrect. [C:\383\ece383-lab4\Lab4.srcs\sources_1\imports\lab2_code_for_cadets\Audio_Codec_Wrapper.vhd:]
WARNING: [filemgmt 56-199] Attempt to get parsing info during refresh. "On-the-fly" syntax checking information may be incorrect. [C:\383\ece383-lab4\Lab4.srcs\sim_1\new\Lab4_dp_tb.vhd:]
WARNING: [filemgmt 56-199] Attempt to get parsing info during refresh. "On-the-fly" syntax checking information may be incorrect. [C:\383\ece383-lab4\Lab4.srcs\sources_1\imports\ece383-lab4\LookupTable.vhd:]
WARNING: [filemgmt 56-199] Attempt to get parsing info during refresh. "On-the-fly" syntax checking information may be incorrect. [C:\383\ece383-lab4\Lab4.srcs\sources_1\imports\ece383-lab4\Lab4_dp.vhd:]
WARNING: [filemgmt 56-199] Attempt to get parsing info during refresh. "On-the-fly" syntax checking information may be incorrect. [C:\383\ece383-lab4\Lab4.srcs\sim_1\new\LookupTable_tb.vhd:]
WARNING: [filemgmt 56-199] Attempt to get parsing info during refresh. "On-the-fly" syntax checking information may be incorrect. [C:\383\ece383-lab4\Lab4.srcs\sources_1\imports\ece383-lab4\Lab4.vhd:]
WARNING: [filemgmt 56-199] Attempt to get parsing info during refresh. "On-the-fly" syntax checking information may be incorrect. [C:\383\ece383-lab4\Lab4.srcs\sources_1\imports\ece383-lab4\Lab4_cu.vhd:]
WARNING: [filemgmt 56-199] Attempt to get parsing info during refresh. "On-the-fly" syntax checking information may be incorrect. [C:\383\ece383-lab4\Lab4.srcs\sources_1\imports\ece383-lab4\Lab4.vhd:]
WARNING: [filemgmt 56-199] Attempt to get parsing info during refresh. "On-the-fly" syntax checking information may be incorrect. [C:\383\ece383-lab4\Lab4.srcs\sources_1\imports\ece383-lab4\Lab4.vhd:]
WARNING: [filemgmt 56-199] Attempt to get parsing info during refresh. "On-the-fly" syntax checking information may be incorrect. [C:\383\ece383-lab4\Lab4.srcs\sources_1\imports\lab2_code_for_cadets\Audio_Codec_Wrapper.vhd:]
WARNING: [filemgmt 56-199] Attempt to get parsing info during refresh. "On-the-fly" syntax checking information may be incorrect. [C:\383\ece383-lab4\Lab4.srcs\sim_1\new\Lab4_dp_tb.vhd:]
WARNING: [filemgmt 56-199] Attempt to get parsing info during refresh. "On-the-fly" syntax checking information may be incorrect. [C:\383\ece383-lab4\Lab4.srcs\sources_1\imports\ece383-lab4\LookupTable.vhd:]
WARNING: [filemgmt 56-199] Attempt to get parsing info during refresh. "On-the-fly" syntax checking information may be incorrect. [C:\383\ece383-lab4\Lab4.srcs\sources_1\imports\ece383-lab4\Lab4_dp.vhd:]
WARNING: [filemgmt 56-199] Attempt to get parsing info during refresh. "On-the-fly" syntax checking information may be incorrect. [C:\383\ece383-lab4\Lab4.srcs\sim_1\new\LookupTable_tb.vhd:]
WARNING: [filemgmt 56-199] Attempt to get parsing info during refresh. "On-the-fly" syntax checking information may be incorrect. [C:\383\ece383-lab4\Lab4.srcs\sources_1\imports\ece383-lab4\Lab4.vhd:]
WARNING: [filemgmt 56-199] Attempt to get parsing info during refresh. "On-the-fly" syntax checking information may be incorrect. [C:\383\ece383-lab4\Lab4.srcs\sources_1\imports\ece383-lab4\Lab4_cu.vhd:]
WARNING: [filemgmt 56-199] Attempt to get parsing info during refresh. "On-the-fly" syntax checking information may be incorrect. [C:\383\ece383-lab4\Lab4.srcs\sources_1\imports\ece383-lab4\Lab4_cu.vhd:]
WARNING: [filemgmt 56-199] Attempt to get parsing info during refresh. "On-the-fly" syntax checking information may be incorrect. [C:\383\ece383-lab4\Lab4.srcs\sources_1\imports\ece383-lab4\Lab4_cu.vhd:]
WARNING: [filemgmt 56-199] Attempt to get parsing info during refresh. "On-the-fly" syntax checking information may be incorrect. [C:\383\ece383-lab4\Lab4.srcs\sources_1\imports\lab2_code_for_cadets\Audio_Codec_Wrapper.vhd:]
WARNING: [filemgmt 56-199] Attempt to get parsing info during refresh. "On-the-fly" syntax checking information may be incorrect. [C:\383\ece383-lab4\Lab4.srcs\sim_1\new\Lab4_dp_tb.vhd:]
WARNING: [filemgmt 56-199] Attempt to get parsing info during refresh. "On-the-fly" syntax checking information may be incorrect. [C:\383\ece383-lab4\Lab4.srcs\sources_1\imports\ece383-lab4\LookupTable.vhd:]
WARNING: [filemgmt 56-199] Attempt to get parsing info during refresh. "On-the-fly" syntax checking information may be incorrect. [C:\383\ece383-lab4\Lab4.srcs\sources_1\imports\ece383-lab4\Lab4_dp.vhd:]
WARNING: [filemgmt 56-199] Attempt to get parsing info during refresh. "On-the-fly" syntax checking information may be incorrect. [C:\383\ece383-lab4\Lab4.srcs\sim_1\new\LookupTable_tb.vhd:]
WARNING: [filemgmt 56-199] Attempt to get parsing info during refresh. "On-the-fly" syntax checking information may be incorrect. [C:\383\ece383-lab4\Lab4.srcs\sources_1\imports\ece383-lab4\Lab4.vhd:]
WARNING: [filemgmt 56-199] Attempt to get parsing info during refresh. "On-the-fly" syntax checking information may be incorrect. [C:\383\ece383-lab4\Lab4.srcs\sources_1\imports\ece383-lab4\Lab4_cu.vhd:]
WARNING: [filemgmt 56-199] Attempt to get parsing info during refresh. "On-the-fly" syntax checking information may be incorrect. [C:\383\ece383-lab4\Lab4.srcs\sources_1\imports\ece383-lab4\Lab4_dp.vhd:]
WARNING: [filemgmt 56-199] Attempt to get parsing info during refresh. "On-the-fly" syntax checking information may be incorrect. [C:\383\ece383-lab4\Lab4.srcs\sources_1\imports\ece383-lab4\Lab4_dp.vhd:]
WARNING: [filemgmt 56-199] Attempt to get parsing info during refresh. "On-the-fly" syntax checking information may be incorrect. [C:\383\ece383-lab4\Lab4.srcs\sources_1\imports\lab2_code_for_cadets\Audio_Codec_Wrapper.vhd:]
WARNING: [filemgmt 56-199] Attempt to get parsing info during refresh. "On-the-fly" syntax checking information may be incorrect. [C:\383\ece383-lab4\Lab4.srcs\sim_1\new\Lab4_dp_tb.vhd:]
WARNING: [filemgmt 56-199] Attempt to get parsing info during refresh. "On-the-fly" syntax checking information may be incorrect. [C:\383\ece383-lab4\Lab4.srcs\sources_1\imports\ece383-lab4\LookupTable.vhd:]
WARNING: [filemgmt 56-199] Attempt to get parsing info during refresh. "On-the-fly" syntax checking information may be incorrect. [C:\383\ece383-lab4\Lab4.srcs\sources_1\imports\ece383-lab4\Lab4_dp.vhd:]
WARNING: [filemgmt 56-199] Attempt to get parsing info during refresh. "On-the-fly" syntax checking information may be incorrect. [C:\383\ece383-lab4\Lab4.srcs\sim_1\new\LookupTable_tb.vhd:]
WARNING: [filemgmt 56-199] Attempt to get parsing info during refresh. "On-the-fly" syntax checking information may be incorrect. [C:\383\ece383-lab4\Lab4.srcs\sources_1\imports\ece383-lab4\Lab4.vhd:]
WARNING: [filemgmt 56-199] Attempt to get parsing info during refresh. "On-the-fly" syntax checking information may be incorrect. [C:\383\ece383-lab4\Lab4.srcs\sources_1\imports\ece383-lab4\Lab4_cu.vhd:]
WARNING: [filemgmt 56-199] Attempt to get parsing info during refresh. "On-the-fly" syntax checking information may be incorrect. [C:\383\ece383-lab4\Lab4.srcs\sources_1\imports\lab2_code_for_cadets\Audio_Codec_Wrapper.vhd:]
WARNING: [filemgmt 56-199] Attempt to get parsing info during refresh. "On-the-fly" syntax checking information may be incorrect. [C:\383\ece383-lab4\Lab4.srcs\sources_1\imports\lab2_code_for_cadets\Audio_Codec_Wrapper.vhd:]
WARNING: [filemgmt 56-199] Attempt to get parsing info during refresh. "On-the-fly" syntax checking information may be incorrect. [C:\383\ece383-lab4\Lab4.srcs\sources_1\imports\lab2_code_for_cadets\Audio_Codec_Wrapper.vhd:]
WARNING: [filemgmt 56-199] Attempt to get parsing info during refresh. "On-the-fly" syntax checking information may be incorrect. [C:\383\ece383-lab4\Lab4.srcs\sim_1\new\Lab4_dp_tb.vhd:]
WARNING: [filemgmt 56-199] Attempt to get parsing info during refresh. "On-the-fly" syntax checking information may be incorrect. [C:\383\ece383-lab4\Lab4.srcs\sources_1\imports\ece383-lab4\LookupTable.vhd:]
WARNING: [filemgmt 56-199] Attempt to get parsing info during refresh. "On-the-fly" syntax checking information may be incorrect. [C:\383\ece383-lab4\Lab4.srcs\sources_1\imports\ece383-lab4\Lab4_dp.vhd:]
WARNING: [filemgmt 56-199] Attempt to get parsing info during refresh. "On-the-fly" syntax checking information may be incorrect. [C:\383\ece383-lab4\Lab4.srcs\sim_1\new\LookupTable_tb.vhd:]
WARNING: [filemgmt 56-199] Attempt to get parsing info during refresh. "On-the-fly" syntax checking information may be incorrect. [C:\383\ece383-lab4\Lab4.srcs\sources_1\imports\ece383-lab4\Lab4.vhd:]
WARNING: [filemgmt 56-199] Attempt to get parsing info during refresh. "On-the-fly" syntax checking information may be incorrect. [C:\383\ece383-lab4\Lab4.srcs\sources_1\imports\ece383-lab4\Lab4_cu.vhd:]
WARNING: [filemgmt 56-199] Attempt to get parsing info during refresh. "On-the-fly" syntax checking information may be incorrect. [C:\383\ece383-lab4\Lab4.srcs\sources_1\imports\ece383-lab4\LookupTable.vhd:]
WARNING: [filemgmt 56-199] Attempt to get parsing info during refresh. "On-the-fly" syntax checking information may be incorrect. [C:\383\ece383-lab4\Lab4.srcs\sources_1\imports\ece383-lab4\LookupTable.vhd:]
WARNING: [filemgmt 56-199] Attempt to get parsing info during refresh. "On-the-fly" syntax checking information may be incorrect. [C:\383\ece383-lab4\Lab4.srcs\sources_1\imports\lab2_code_for_cadets\Audio_Codec_Wrapper.vhd:]
WARNING: [filemgmt 56-199] Attempt to get parsing info during refresh. "On-the-fly" syntax checking information may be incorrect. [C:\383\ece383-lab4\Lab4.srcs\sim_1\new\Lab4_dp_tb.vhd:]
WARNING: [filemgmt 56-199] Attempt to get parsing info during refresh. "On-the-fly" syntax checking information may be incorrect. [C:\383\ece383-lab4\Lab4.srcs\sources_1\imports\ece383-lab4\LookupTable.vhd:]
WARNING: [filemgmt 56-199] Attempt to get parsing info during refresh. "On-the-fly" syntax checking information may be incorrect. [C:\383\ece383-lab4\Lab4.srcs\sources_1\imports\ece383-lab4\Lab4_dp.vhd:]
WARNING: [filemgmt 56-199] Attempt to get parsing info during refresh. "On-the-fly" syntax checking information may be incorrect. [C:\383\ece383-lab4\Lab4.srcs\sim_1\new\LookupTable_tb.vhd:]
WARNING: [filemgmt 56-199] Attempt to get parsing info during refresh. "On-the-fly" syntax checking information may be incorrect. [C:\383\ece383-lab4\Lab4.srcs\sources_1\imports\ece383-lab4\Lab4.vhd:]
WARNING: [filemgmt 56-199] Attempt to get parsing info during refresh. "On-the-fly" syntax checking information may be incorrect. [C:\383\ece383-lab4\Lab4.srcs\sources_1\imports\ece383-lab4\Lab4_cu.vhd:]
WARNING: [filemgmt 56-199] Attempt to get parsing info during refresh. "On-the-fly" syntax checking information may be incorrect. [C:\383\ece383-lab4\Lab4.srcs\sources_1\imports\ece383-lab4\Lab4.vhd:]
WARNING: [filemgmt 56-199] Attempt to get parsing info during refresh. "On-the-fly" syntax checking information may be incorrect. [C:\383\ece383-lab4\Lab4.srcs\sources_1\imports\ece383-lab4\Lab4.vhd:]
WARNING: [filemgmt 56-199] Attempt to get parsing info during refresh. "On-the-fly" syntax checking information may be incorrect. [C:\383\ece383-lab4\Lab4.srcs\sources_1\imports\lab2_code_for_cadets\Audio_Codec_Wrapper.vhd:]
WARNING: [filemgmt 56-199] Attempt to get parsing info during refresh. "On-the-fly" syntax checking information may be incorrect. [C:\383\ece383-lab4\Lab4.srcs\sim_1\new\Lab4_dp_tb.vhd:]
WARNING: [filemgmt 56-199] Attempt to get parsing info during refresh. "On-the-fly" syntax checking information may be incorrect. [C:\383\ece383-lab4\Lab4.srcs\sources_1\imports\ece383-lab4\LookupTable.vhd:]
WARNING: [filemgmt 56-199] Attempt to get parsing info during refresh. "On-the-fly" syntax checking information may be incorrect. [C:\383\ece383-lab4\Lab4.srcs\sources_1\imports\ece383-lab4\Lab4_dp.vhd:]
WARNING: [filemgmt 56-199] Attempt to get parsing info during refresh. "On-the-fly" syntax checking information may be incorrect. [C:\383\ece383-lab4\Lab4.srcs\sim_1\new\LookupTable_tb.vhd:]
WARNING: [filemgmt 56-199] Attempt to get parsing info during refresh. "On-the-fly" syntax checking information may be incorrect. [C:\383\ece383-lab4\Lab4.srcs\sources_1\imports\ece383-lab4\Lab4.vhd:]
WARNING: [filemgmt 56-199] Attempt to get parsing info during refresh. "On-the-fly" syntax checking information may be incorrect. [C:\383\ece383-lab4\Lab4.srcs\sources_1\imports\ece383-lab4\Lab4_cu.vhd:]
WARNING: [filemgmt 56-199] Attempt to get parsing info during refresh. "On-the-fly" syntax checking information may be incorrect. [C:\383\ece383-lab4\Lab4.srcs\sources_1\imports\ece383-lab4\Lab4_dp.vhd:]
WARNING: [filemgmt 56-199] Attempt to get parsing info during refresh. "On-the-fly" syntax checking information may be incorrect. [C:\383\ece383-lab4\Lab4.srcs\sources_1\imports\ece383-lab4\Lab4_dp.vhd:]
ERROR: [Common 17-180] Spawn failed: No error
WARNING: [filemgmt 56-199] Attempt to get parsing info during refresh. "On-the-fly" syntax checking information may be incorrect. [C:\383\ece383-lab4\Lab4.srcs\sources_1\imports\lab2_code_for_cadets\Audio_Codec_Wrapper.vhd:]
WARNING: [filemgmt 56-199] Attempt to get parsing info during refresh. "On-the-fly" syntax checking information may be incorrect. [C:\383\ece383-lab4\Lab4.srcs\sim_1\new\Lab4_dp_tb.vhd:]
WARNING: [filemgmt 56-199] Attempt to get parsing info during refresh. "On-the-fly" syntax checking information may be incorrect. [C:\383\ece383-lab4\Lab4.srcs\sources_1\imports\ece383-lab4\LookupTable.vhd:]
WARNING: [filemgmt 56-199] Attempt to get parsing info during refresh. "On-the-fly" syntax checking information may be incorrect. [C:\383\ece383-lab4\Lab4.srcs\sources_1\imports\ece383-lab4\Lab4_dp.vhd:]
WARNING: [filemgmt 56-199] Attempt to get parsing info during refresh. "On-the-fly" syntax checking information may be incorrect. [C:\383\ece383-lab4\Lab4.srcs\sim_1\new\LookupTable_tb.vhd:]
WARNING: [filemgmt 56-199] Attempt to get parsing info during refresh. "On-the-fly" syntax checking information may be incorrect. [C:\383\ece383-lab4\Lab4.srcs\sources_1\imports\ece383-lab4\Lab4.vhd:]
WARNING: [filemgmt 56-199] Attempt to get parsing info during refresh. "On-the-fly" syntax checking information may be incorrect. [C:\383\ece383-lab4\Lab4.srcs\sources_1\imports\ece383-lab4\Lab4_cu.vhd:]
WARNING: [filemgmt 56-199] Attempt to get parsing info during refresh. "On-the-fly" syntax checking information may be incorrect. [C:\383\ece383-lab4\Lab4.srcs\sim_1\new\Lab4_dp_tb.vhd:]
WARNING: [filemgmt 56-199] Attempt to get parsing info during refresh. "On-the-fly" syntax checking information may be incorrect. [C:\383\ece383-lab4\Lab4.srcs\sim_1\new\Lab4_dp_tb.vhd:]
ERROR: [Common 17-180] Spawn failed: No error
WARNING: [filemgmt 56-199] Attempt to get parsing info during refresh. "On-the-fly" syntax checking information may be incorrect. [C:\383\ece383-lab4\Lab4.srcs\sources_1\imports\lab2_code_for_cadets\Audio_Codec_Wrapper.vhd:]
WARNING: [filemgmt 56-199] Attempt to get parsing info during refresh. "On-the-fly" syntax checking information may be incorrect. [C:\383\ece383-lab4\Lab4.srcs\sim_1\new\Lab4_dp_tb.vhd:]
WARNING: [filemgmt 56-199] Attempt to get parsing info during refresh. "On-the-fly" syntax checking information may be incorrect. [C:\383\ece383-lab4\Lab4.srcs\sources_1\imports\ece383-lab4\LookupTable.vhd:]
WARNING: [filemgmt 56-199] Attempt to get parsing info during refresh. "On-the-fly" syntax checking information may be incorrect. [C:\383\ece383-lab4\Lab4.srcs\sources_1\imports\ece383-lab4\Lab4_dp.vhd:]
WARNING: [filemgmt 56-199] Attempt to get parsing info during refresh. "On-the-fly" syntax checking information may be incorrect. [C:\383\ece383-lab4\Lab4.srcs\sim_1\new\LookupTable_tb.vhd:]
WARNING: [filemgmt 56-199] Attempt to get parsing info during refresh. "On-the-fly" syntax checking information may be incorrect. [C:\383\ece383-lab4\Lab4.srcs\sources_1\imports\ece383-lab4\Lab4.vhd:]
WARNING: [filemgmt 56-199] Attempt to get parsing info during refresh. "On-the-fly" syntax checking information may be incorrect. [C:\383\ece383-lab4\Lab4.srcs\sources_1\imports\ece383-lab4\Lab4_cu.vhd:]
WARNING: [filemgmt 56-199] Attempt to get parsing info during refresh. "On-the-fly" syntax checking information may be incorrect. [C:\383\ece383-lab4\Lab4.srcs\sim_1\new\LookupTable_tb.vhd:]
WARNING: [filemgmt 56-199] Attempt to get parsing info during refresh. "On-the-fly" syntax checking information may be incorrect. [C:\383\ece383-lab4\Lab4.srcs\sim_1\new\LookupTable_tb.vhd:]
WARNING: [filemgmt 56-199] Attempt to get parsing info during refresh. "On-the-fly" syntax checking information may be incorrect. [C:\383\ece383-lab4\Lab4.srcs\sources_1\imports\lab2_code_for_cadets\Audio_Codec_Wrapper.vhd:]
WARNING: [filemgmt 56-199] Attempt to get parsing info during refresh. "On-the-fly" syntax checking information may be incorrect. [C:\383\ece383-lab4\Lab4.srcs\sim_1\new\Lab4_dp_tb.vhd:]
WARNING: [filemgmt 56-199] Attempt to get parsing info during refresh. "On-the-fly" syntax checking information may be incorrect. [C:\383\ece383-lab4\Lab4.srcs\sources_1\imports\ece383-lab4\LookupTable.vhd:]
WARNING: [filemgmt 56-199] Attempt to get parsing info during refresh. "On-the-fly" syntax checking information may be incorrect. [C:\383\ece383-lab4\Lab4.srcs\sources_1\imports\ece383-lab4\Lab4_dp.vhd:]
WARNING: [filemgmt 56-199] Attempt to get parsing info during refresh. "On-the-fly" syntax checking information may be incorrect. [C:\383\ece383-lab4\Lab4.srcs\sim_1\new\LookupTable_tb.vhd:]
WARNING: [filemgmt 56-199] Attempt to get parsing info during refresh. "On-the-fly" syntax checking information may be incorrect. [C:\383\ece383-lab4\Lab4.srcs\sources_1\imports\ece383-lab4\Lab4.vhd:]
WARNING: [filemgmt 56-199] Attempt to get parsing info during refresh. "On-the-fly" syntax checking information may be incorrect. [C:\383\ece383-lab4\Lab4.srcs\sources_1\imports\ece383-lab4\Lab4_cu.vhd:]
WARNING: [filemgmt 56-199] Attempt to get parsing info during refresh. "On-the-fly" syntax checking information may be incorrect. [C:\383\ece383-lab4\Lab4.srcs\sim_1\new\Lab4_dp_tb.vhd:]
WARNING: [filemgmt 56-199] Attempt to get parsing info during refresh. "On-the-fly" syntax checking information may be incorrect. [C:\383\ece383-lab4\Lab4.srcs\sim_1\new\Lab4_dp_tb.vhd:]
WARNING: [filemgmt 56-199] Attempt to get parsing info during refresh. "On-the-fly" syntax checking information may be incorrect. [C:\383\ece383-lab4\Lab4.srcs\sources_1\imports\lab2_code_for_cadets\Audio_Codec_Wrapper.vhd:]
WARNING: [filemgmt 56-199] Attempt to get parsing info during refresh. "On-the-fly" syntax checking information may be incorrect. [C:\383\ece383-lab4\Lab4.srcs\sim_1\new\Lab4_dp_tb.vhd:]
WARNING: [filemgmt 56-199] Attempt to get parsing info during refresh. "On-the-fly" syntax checking information may be incorrect. [C:\383\ece383-lab4\Lab4.srcs\sources_1\imports\ece383-lab4\LookupTable.vhd:]
WARNING: [filemgmt 56-199] Attempt to get parsing info during refresh. "On-the-fly" syntax checking information may be incorrect. [C:\383\ece383-lab4\Lab4.srcs\sources_1\imports\ece383-lab4\Lab4_dp.vhd:]
WARNING: [filemgmt 56-199] Attempt to get parsing info during refresh. "On-the-fly" syntax checking information may be incorrect. [C:\383\ece383-lab4\Lab4.srcs\sim_1\new\LookupTable_tb.vhd:]
WARNING: [filemgmt 56-199] Attempt to get parsing info during refresh. "On-the-fly" syntax checking information may be incorrect. [C:\383\ece383-lab4\Lab4.srcs\sources_1\imports\ece383-lab4\Lab4.vhd:]
WARNING: [filemgmt 56-199] Attempt to get parsing info during refresh. "On-the-fly" syntax checking information may be incorrect. [C:\383\ece383-lab4\Lab4.srcs\sources_1\imports\ece383-lab4\Lab4_cu.vhd:]
WARNING: [filemgmt 56-199] Attempt to get parsing info during refresh. "On-the-fly" syntax checking information may be incorrect. [C:\383\ece383-lab4\Lab4.srcs\sim_1\new\LookupTable_tb.vhd:]
WARNING: [filemgmt 56-199] Attempt to get parsing info during refresh. "On-the-fly" syntax checking information may be incorrect. [C:\383\ece383-lab4\Lab4.srcs\sim_1\new\LookupTable_tb.vhd:]
WARNING: [filemgmt 56-199] Attempt to get parsing info during refresh. "On-the-fly" syntax checking information may be incorrect. [C:\383\ece383-lab4\Lab4.srcs\sources_1\imports\lab2_code_for_cadets\Audio_Codec_Wrapper.vhd:]
WARNING: [filemgmt 56-199] Attempt to get parsing info during refresh. "On-the-fly" syntax checking information may be incorrect. [C:\383\ece383-lab4\Lab4.srcs\sim_1\new\Lab4_dp_tb.vhd:]
WARNING: [filemgmt 56-199] Attempt to get parsing info during refresh. "On-the-fly" syntax checking information may be incorrect. [C:\383\ece383-lab4\Lab4.srcs\sources_1\imports\ece383-lab4\LookupTable.vhd:]
WARNING: [filemgmt 56-199] Attempt to get parsing info during refresh. "On-the-fly" syntax checking information may be incorrect. [C:\383\ece383-lab4\Lab4.srcs\sources_1\imports\ece383-lab4\Lab4_dp.vhd:]
WARNING: [filemgmt 56-199] Attempt to get parsing info during refresh. "On-the-fly" syntax checking information may be incorrect. [C:\383\ece383-lab4\Lab4.srcs\sim_1\new\LookupTable_tb.vhd:]
WARNING: [filemgmt 56-199] Attempt to get parsing info during refresh. "On-the-fly" syntax checking information may be incorrect. [C:\383\ece383-lab4\Lab4.srcs\sources_1\imports\ece383-lab4\Lab4.vhd:]
WARNING: [filemgmt 56-199] Attempt to get parsing info during refresh. "On-the-fly" syntax checking information may be incorrect. [C:\383\ece383-lab4\Lab4.srcs\sources_1\imports\ece383-lab4\Lab4_cu.vhd:]
WARNING: [filemgmt 56-199] Attempt to get parsing info during refresh. "On-the-fly" syntax checking information may be incorrect. [C:\383\ece383-lab4\Lab4.srcs\sources_1\imports\ece383-lab4\Lab4.vhd:]
WARNING: [filemgmt 56-199] Attempt to get parsing info during refresh. "On-the-fly" syntax checking information may be incorrect. [C:\383\ece383-lab4\Lab4.srcs\sources_1\imports\ece383-lab4\Lab4.vhd:]
WARNING: [filemgmt 56-199] Attempt to get parsing info during refresh. "On-the-fly" syntax checking information may be incorrect. [C:\383\ece383-lab4\Lab4.srcs\sources_1\imports\lab2_code_for_cadets\Audio_Codec_Wrapper.vhd:]
WARNING: [filemgmt 56-199] Attempt to get parsing info during refresh. "On-the-fly" syntax checking information may be incorrect. [C:\383\ece383-lab4\Lab4.srcs\sim_1\new\Lab4_dp_tb.vhd:]
WARNING: [filemgmt 56-199] Attempt to get parsing info during refresh. "On-the-fly" syntax checking information may be incorrect. [C:\383\ece383-lab4\Lab4.srcs\sources_1\imports\ece383-lab4\LookupTable.vhd:]
WARNING: [filemgmt 56-199] Attempt to get parsing info during refresh. "On-the-fly" syntax checking information may be incorrect. [C:\383\ece383-lab4\Lab4.srcs\sources_1\imports\ece383-lab4\Lab4_dp.vhd:]
WARNING: [filemgmt 56-199] Attempt to get parsing info during refresh. "On-the-fly" syntax checking information may be incorrect. [C:\383\ece383-lab4\Lab4.srcs\sim_1\new\LookupTable_tb.vhd:]
WARNING: [filemgmt 56-199] Attempt to get parsing info during refresh. "On-the-fly" syntax checking information may be incorrect. [C:\383\ece383-lab4\Lab4.srcs\sources_1\imports\ece383-lab4\Lab4.vhd:]
WARNING: [filemgmt 56-199] Attempt to get parsing info during refresh. "On-the-fly" syntax checking information may be incorrect. [C:\383\ece383-lab4\Lab4.srcs\sources_1\imports\ece383-lab4\Lab4_cu.vhd:]
WARNING: [filemgmt 56-199] Attempt to get parsing info during refresh. "On-the-fly" syntax checking information may be incorrect. [C:\383\ece383-lab4\Lab4.srcs\sources_1\imports\ece383-lab4\Lab4_dp.vhd:]
WARNING: [filemgmt 56-199] Attempt to get parsing info during refresh. "On-the-fly" syntax checking information may be incorrect. [C:\383\ece383-lab4\Lab4.srcs\sources_1\imports\ece383-lab4\Lab4_dp.vhd:]
WARNING: [filemgmt 56-199] Attempt to get parsing info during refresh. "On-the-fly" syntax checking information may be incorrect. [C:\383\ece383-lab4\Lab4.srcs\sources_1\imports\lab2_code_for_cadets\Audio_Codec_Wrapper.vhd:]
WARNING: [filemgmt 56-199] Attempt to get parsing info during refresh. "On-the-fly" syntax checking information may be incorrect. [C:\383\ece383-lab4\Lab4.srcs\sim_1\new\Lab4_dp_tb.vhd:]
WARNING: [filemgmt 56-199] Attempt to get parsing info during refresh. "On-the-fly" syntax checking information may be incorrect. [C:\383\ece383-lab4\Lab4.srcs\sources_1\imports\ece383-lab4\LookupTable.vhd:]
WARNING: [filemgmt 56-199] Attempt to get parsing info during refresh. "On-the-fly" syntax checking information may be incorrect. [C:\383\ece383-lab4\Lab4.srcs\sources_1\imports\ece383-lab4\Lab4_dp.vhd:]
WARNING: [filemgmt 56-199] Attempt to get parsing info during refresh. "On-the-fly" syntax checking information may be incorrect. [C:\383\ece383-lab4\Lab4.srcs\sim_1\new\LookupTable_tb.vhd:]
WARNING: [filemgmt 56-199] Attempt to get parsing info during refresh. "On-the-fly" syntax checking information may be incorrect. [C:\383\ece383-lab4\Lab4.srcs\sources_1\imports\ece383-lab4\Lab4.vhd:]
WARNING: [filemgmt 56-199] Attempt to get parsing info during refresh. "On-the-fly" syntax checking information may be incorrect. [C:\383\ece383-lab4\Lab4.srcs\sources_1\imports\ece383-lab4\Lab4_cu.vhd:]
WARNING: [filemgmt 56-199] Attempt to get parsing info during refresh. "On-the-fly" syntax checking information may be incorrect. [C:\383\ece383-lab4\Lab4.srcs\sources_1\imports\lab2_code_for_cadets\Audio_Codec_Wrapper.vhd:]
WARNING: [filemgmt 56-199] Attempt to get parsing info during refresh. "On-the-fly" syntax checking information may be incorrect. [C:\383\ece383-lab4\Lab4.srcs\sources_1\imports\lab2_code_for_cadets\Audio_Codec_Wrapper.vhd:]
WARNING: [filemgmt 56-199] Attempt to get parsing info during refresh. "On-the-fly" syntax checking information may be incorrect. [C:\383\ece383-lab4\Lab4.srcs\sources_1\imports\lab2_code_for_cadets\Audio_Codec_Wrapper.vhd:]
WARNING: [filemgmt 56-199] Attempt to get parsing info during refresh. "On-the-fly" syntax checking information may be incorrect. [C:\383\ece383-lab4\Lab4.srcs\sim_1\new\Lab4_dp_tb.vhd:]
WARNING: [filemgmt 56-199] Attempt to get parsing info during refresh. "On-the-fly" syntax checking information may be incorrect. [C:\383\ece383-lab4\Lab4.srcs\sources_1\imports\ece383-lab4\LookupTable.vhd:]
WARNING: [filemgmt 56-199] Attempt to get parsing info during refresh. "On-the-fly" syntax checking information may be incorrect. [C:\383\ece383-lab4\Lab4.srcs\sources_1\imports\ece383-lab4\Lab4_dp.vhd:]
WARNING: [filemgmt 56-199] Attempt to get parsing info during refresh. "On-the-fly" syntax checking information may be incorrect. [C:\383\ece383-lab4\Lab4.srcs\sim_1\new\LookupTable_tb.vhd:]
WARNING: [filemgmt 56-199] Attempt to get parsing info during refresh. "On-the-fly" syntax checking information may be incorrect. [C:\383\ece383-lab4\Lab4.srcs\sources_1\imports\ece383-lab4\Lab4.vhd:]
WARNING: [filemgmt 56-199] Attempt to get parsing info during refresh. "On-the-fly" syntax checking information may be incorrect. [C:\383\ece383-lab4\Lab4.srcs\sources_1\imports\ece383-lab4\Lab4_cu.vhd:]
WARNING: [filemgmt 56-199] Attempt to get parsing info during refresh. "On-the-fly" syntax checking information may be incorrect. [C:\383\ece383-lab4\Lab4.srcs\sources_1\imports\ece383-lab4\LookupTable.vhd:]
WARNING: [filemgmt 56-199] Attempt to get parsing info during refresh. "On-the-fly" syntax checking information may be incorrect. [C:\383\ece383-lab4\Lab4.srcs\sources_1\imports\ece383-lab4\LookupTable.vhd:]
close_sim
INFO: [Simtcl 6-16] Simulation closed
exit
INFO: [Common 17-206] Exiting Vivado at Mon Apr 28 12:52:27 2025...
