
*** Running vivado
    with args -log design_1_wrapper.vdi -applog -m64 -product Vivado -messageDb vivado.pb -mode batch -source design_1_wrapper.tcl -notrace



****** Vivado v2024.2 (64-bit)
  **** SW Build 5239630 on Fri Nov 08 22:35:27 MST 2024
  **** IP Build 5239520 on Sun Nov 10 16:12:51 MST 2024
  **** SharedData Build 5239561 on Fri Nov 08 14:39:27 MST 2024
  **** Start of session at: Sat Mar  7 10:02:12 2026
    ** Copyright 1986-2022 Xilinx, Inc. All Rights Reserved.
    ** Copyright 2022-2024 Advanced Micro Devices, Inc. All Rights Reserved.

source design_1_wrapper.tcl -notrace
INFO: [IP_Flow 19-234] Refreshing IP repositories
INFO: [IP_Flow 19-1700] Loaded user IP repository 'c:/Users/C27John.Alves/ECE383/ece383_wksp/ice2/ip_repo/My_Counter_IP_1_0'.
INFO: [IP_Flow 19-2313] Loaded Vivado IP repository 'C:/Xilinx_383/Vivado/2024.2/data/ip'.
add_files: Time (s): cpu = 00:00:04 ; elapsed = 00:00:27 . Memory (MB): peak = 393.234 ; gain = 97.906
Command: link_design -top design_1_wrapper -part xc7a200tsbg484-1
Design is defaulting to srcset: sources_1
Design is defaulting to constrset: constrs_1
INFO: [Device 21-403] Loading part xc7a200tsbg484-1
INFO: [Project 1-454] Reading design checkpoint 'c:/Users/C27John.Alves/ECE383/ece383_wksp/ice3/ublaze3/ublaze3.gen/sources_1/bd/design_1/ip/design_1_My_Counter_IP_0_0/design_1_My_Counter_IP_0_0.dcp' for cell 'design_1_i/My_Counter_IP_0'
INFO: [Project 1-454] Reading design checkpoint 'c:/Users/C27John.Alves/ECE383/ece383_wksp/ice3/ublaze3/ublaze3.gen/sources_1/bd/design_1/ip/design_1_axi_smc_0/design_1_axi_smc_0.dcp' for cell 'design_1_i/axi_smc'
INFO: [Project 1-454] Reading design checkpoint 'c:/Users/C27John.Alves/ECE383/ece383_wksp/ice3/ublaze3/ublaze3.gen/sources_1/bd/design_1/ip/design_1_axi_smc_1_0/design_1_axi_smc_1_0.dcp' for cell 'design_1_i/axi_smc_1'
INFO: [Project 1-454] Reading design checkpoint 'c:/Users/C27John.Alves/ECE383/ece383_wksp/ice3/ublaze3/ublaze3.gen/sources_1/bd/design_1/ip/design_1_axi_uartlite_0_0/design_1_axi_uartlite_0_0.dcp' for cell 'design_1_i/axi_uartlite_0'
INFO: [Project 1-454] Reading design checkpoint 'c:/Users/C27John.Alves/ECE383/ece383_wksp/ice3/ublaze3/ublaze3.gen/sources_1/bd/design_1/ip/design_1_clk_wiz_1_0/design_1_clk_wiz_1_0.dcp' for cell 'design_1_i/clk_wiz_1'
INFO: [Project 1-454] Reading design checkpoint 'c:/Users/C27John.Alves/ECE383/ece383_wksp/ice3/ublaze3/ublaze3.gen/sources_1/bd/design_1/ip/design_1_mdm_1_0/design_1_mdm_1_0.dcp' for cell 'design_1_i/mdm_1'
INFO: [Project 1-454] Reading design checkpoint 'c:/Users/C27John.Alves/ECE383/ece383_wksp/ice3/ublaze3/ublaze3.gen/sources_1/bd/design_1/ip/design_1_microblaze_0_0/design_1_microblaze_0_0.dcp' for cell 'design_1_i/microblaze_0'
INFO: [Project 1-454] Reading design checkpoint 'c:/Users/C27John.Alves/ECE383/ece383_wksp/ice3/ublaze3/ublaze3.gen/sources_1/bd/design_1/ip/design_1_mig_7series_0_2/design_1_mig_7series_0_2.dcp' for cell 'design_1_i/mig_7series_0'
INFO: [Project 1-454] Reading design checkpoint 'c:/Users/C27John.Alves/ECE383/ece383_wksp/ice3/ublaze3/ublaze3.gen/sources_1/bd/design_1/ip/design_1_rst_clk_wiz_1_100M_0/design_1_rst_clk_wiz_1_100M_0.dcp' for cell 'design_1_i/rst_clk_wiz_1_100M'
INFO: [Project 1-454] Reading design checkpoint 'c:/Users/C27John.Alves/ECE383/ece383_wksp/ice3/ublaze3/ublaze3.gen/sources_1/bd/design_1/ip/design_1_rst_mig_7series_0_100M_0/design_1_rst_mig_7series_0_100M_0.dcp' for cell 'design_1_i/rst_mig_7series_0_100M'
INFO: [Project 1-454] Reading design checkpoint 'c:/Users/C27John.Alves/ECE383/ece383_wksp/ice3/ublaze3/ublaze3.gen/sources_1/bd/design_1/ip/design_1_util_ds_buf_0_0/design_1_util_ds_buf_0_0.dcp' for cell 'design_1_i/util_ds_buf_0'
INFO: [Project 1-454] Reading design checkpoint 'c:/Users/C27John.Alves/ECE383/ece383_wksp/ice3/ublaze3/ublaze3.gen/sources_1/bd/design_1/ip/design_1_dlmb_bram_if_cntlr_0/design_1_dlmb_bram_if_cntlr_0.dcp' for cell 'design_1_i/microblaze_0_local_memory/dlmb_bram_if_cntlr'
INFO: [Project 1-454] Reading design checkpoint 'c:/Users/C27John.Alves/ECE383/ece383_wksp/ice3/ublaze3/ublaze3.gen/sources_1/bd/design_1/ip/design_1_dlmb_v10_0/design_1_dlmb_v10_0.dcp' for cell 'design_1_i/microblaze_0_local_memory/dlmb_v10'
INFO: [Project 1-454] Reading design checkpoint 'c:/Users/C27John.Alves/ECE383/ece383_wksp/ice3/ublaze3/ublaze3.gen/sources_1/bd/design_1/ip/design_1_ilmb_bram_if_cntlr_0/design_1_ilmb_bram_if_cntlr_0.dcp' for cell 'design_1_i/microblaze_0_local_memory/ilmb_bram_if_cntlr'
INFO: [Project 1-454] Reading design checkpoint 'c:/Users/C27John.Alves/ECE383/ece383_wksp/ice3/ublaze3/ublaze3.gen/sources_1/bd/design_1/ip/design_1_ilmb_v10_0/design_1_ilmb_v10_0.dcp' for cell 'design_1_i/microblaze_0_local_memory/ilmb_v10'
INFO: [Project 1-454] Reading design checkpoint 'c:/Users/C27John.Alves/ECE383/ece383_wksp/ice3/ublaze3/ublaze3.gen/sources_1/bd/design_1/ip/design_1_lmb_bram_0/design_1_lmb_bram_0.dcp' for cell 'design_1_i/microblaze_0_local_memory/lmb_bram'
Netlist sorting complete. Time (s): cpu = 00:00:00 ; elapsed = 00:00:01 . Memory (MB): peak = 750.781 ; gain = 0.000
INFO: [Netlist 29-17] Analyzing 976 Unisim elements for replacement
INFO: [Netlist 29-28] Unisim Transformation completed in 0 CPU seconds
INFO: [Project 1-479] Netlist was created with Vivado 2024.2
INFO: [Project 1-570] Preparing netlist for logic optimization
WARNING: [Opt 31-32] Removing redundant IBUF since it is not being driven by a top-level port. design_1_i/clk_wiz_1/inst/clkin1_ibufg 
Resolution: The tool has removed redundant IBUF. To resolve this warning, check for redundant IBUF in the input design.
WARNING: [Constraints 18-550] Could not create 'IBUF_LOW_PWR' constraint because net 'design_1_i/clk_wiz_1/clk_in1' is not directly connected to top level port. 'IBUF_LOW_PWR' is ignored for synthesis but preserved for implementation.
Parsing XDC File [c:/Users/C27John.Alves/ECE383/ece383_wksp/ice3/ublaze3/ublaze3.gen/sources_1/bd/design_1/ip/design_1_microblaze_0_0/design_1_microblaze_0_0.xdc] for cell 'design_1_i/microblaze_0/U0'
Finished Parsing XDC File [c:/Users/C27John.Alves/ECE383/ece383_wksp/ice3/ublaze3/ublaze3.gen/sources_1/bd/design_1/ip/design_1_microblaze_0_0/design_1_microblaze_0_0.xdc] for cell 'design_1_i/microblaze_0/U0'
Parsing XDC File [c:/Users/C27John.Alves/ECE383/ece383_wksp/ice3/ublaze3/ublaze3.gen/sources_1/bd/design_1/ip/design_1_clk_wiz_1_0/design_1_clk_wiz_1_0_board.xdc] for cell 'design_1_i/clk_wiz_1/inst'
Finished Parsing XDC File [c:/Users/C27John.Alves/ECE383/ece383_wksp/ice3/ublaze3/ublaze3.gen/sources_1/bd/design_1/ip/design_1_clk_wiz_1_0/design_1_clk_wiz_1_0_board.xdc] for cell 'design_1_i/clk_wiz_1/inst'
Parsing XDC File [c:/Users/C27John.Alves/ECE383/ece383_wksp/ice3/ublaze3/ublaze3.gen/sources_1/bd/design_1/ip/design_1_clk_wiz_1_0/design_1_clk_wiz_1_0.xdc] for cell 'design_1_i/clk_wiz_1/inst'
INFO: [Timing 38-35] Done setting XDC timing constraints. [c:/Users/C27John.Alves/ECE383/ece383_wksp/ice3/ublaze3/ublaze3.gen/sources_1/bd/design_1/ip/design_1_clk_wiz_1_0/design_1_clk_wiz_1_0.xdc:54]
INFO: [Timing 38-2] Deriving generated clocks [c:/Users/C27John.Alves/ECE383/ece383_wksp/ice3/ublaze3/ublaze3.gen/sources_1/bd/design_1/ip/design_1_clk_wiz_1_0/design_1_clk_wiz_1_0.xdc:54]
get_clocks: Time (s): cpu = 00:00:06 ; elapsed = 00:00:10 . Memory (MB): peak = 1571.621 ; gain = 580.184
Finished Parsing XDC File [c:/Users/C27John.Alves/ECE383/ece383_wksp/ice3/ublaze3/ublaze3.gen/sources_1/bd/design_1/ip/design_1_clk_wiz_1_0/design_1_clk_wiz_1_0.xdc] for cell 'design_1_i/clk_wiz_1/inst'
Parsing XDC File [c:/Users/C27John.Alves/ECE383/ece383_wksp/ice3/ublaze3/ublaze3.gen/sources_1/bd/design_1/ip/design_1_rst_clk_wiz_1_100M_0/design_1_rst_clk_wiz_1_100M_0_board.xdc] for cell 'design_1_i/rst_clk_wiz_1_100M/U0'
Finished Parsing XDC File [c:/Users/C27John.Alves/ECE383/ece383_wksp/ice3/ublaze3/ublaze3.gen/sources_1/bd/design_1/ip/design_1_rst_clk_wiz_1_100M_0/design_1_rst_clk_wiz_1_100M_0_board.xdc] for cell 'design_1_i/rst_clk_wiz_1_100M/U0'
Parsing XDC File [c:/Users/C27John.Alves/ECE383/ece383_wksp/ice3/ublaze3/ublaze3.gen/sources_1/bd/design_1/ip/design_1_rst_clk_wiz_1_100M_0/design_1_rst_clk_wiz_1_100M_0.xdc] for cell 'design_1_i/rst_clk_wiz_1_100M/U0'
Finished Parsing XDC File [c:/Users/C27John.Alves/ECE383/ece383_wksp/ice3/ublaze3/ublaze3.gen/sources_1/bd/design_1/ip/design_1_rst_clk_wiz_1_100M_0/design_1_rst_clk_wiz_1_100M_0.xdc] for cell 'design_1_i/rst_clk_wiz_1_100M/U0'
Parsing XDC File [c:/Users/C27John.Alves/ECE383/ece383_wksp/ice3/ublaze3/ublaze3.gen/sources_1/bd/design_1/ip/design_1_axi_uartlite_0_0/design_1_axi_uartlite_0_0_board.xdc] for cell 'design_1_i/axi_uartlite_0/U0'
Finished Parsing XDC File [c:/Users/C27John.Alves/ECE383/ece383_wksp/ice3/ublaze3/ublaze3.gen/sources_1/bd/design_1/ip/design_1_axi_uartlite_0_0/design_1_axi_uartlite_0_0_board.xdc] for cell 'design_1_i/axi_uartlite_0/U0'
Parsing XDC File [c:/Users/C27John.Alves/ECE383/ece383_wksp/ice3/ublaze3/ublaze3.gen/sources_1/bd/design_1/ip/design_1_axi_uartlite_0_0/design_1_axi_uartlite_0_0.xdc] for cell 'design_1_i/axi_uartlite_0/U0'
Finished Parsing XDC File [c:/Users/C27John.Alves/ECE383/ece383_wksp/ice3/ublaze3/ublaze3.gen/sources_1/bd/design_1/ip/design_1_axi_uartlite_0_0/design_1_axi_uartlite_0_0.xdc] for cell 'design_1_i/axi_uartlite_0/U0'
Parsing XDC File [c:/Users/C27John.Alves/ECE383/ece383_wksp/ice3/ublaze3/ublaze3.gen/sources_1/bd/design_1/ip/design_1_axi_smc_0/bd_0/ip/ip_1/bd_afc3_psr_aclk_0_board.xdc] for cell 'design_1_i/axi_smc/inst/clk_map/psr_aclk/U0'
Finished Parsing XDC File [c:/Users/C27John.Alves/ECE383/ece383_wksp/ice3/ublaze3/ublaze3.gen/sources_1/bd/design_1/ip/design_1_axi_smc_0/bd_0/ip/ip_1/bd_afc3_psr_aclk_0_board.xdc] for cell 'design_1_i/axi_smc/inst/clk_map/psr_aclk/U0'
Parsing XDC File [c:/Users/C27John.Alves/ECE383/ece383_wksp/ice3/ublaze3/ublaze3.gen/sources_1/bd/design_1/ip/design_1_axi_smc_0/bd_0/ip/ip_1/bd_afc3_psr_aclk_0.xdc] for cell 'design_1_i/axi_smc/inst/clk_map/psr_aclk/U0'
Finished Parsing XDC File [c:/Users/C27John.Alves/ECE383/ece383_wksp/ice3/ublaze3/ublaze3.gen/sources_1/bd/design_1/ip/design_1_axi_smc_0/bd_0/ip/ip_1/bd_afc3_psr_aclk_0.xdc] for cell 'design_1_i/axi_smc/inst/clk_map/psr_aclk/U0'
Parsing XDC File [c:/Users/C27John.Alves/ECE383/ece383_wksp/ice3/ublaze3/ublaze3.gen/sources_1/bd/design_1/ip/design_1_axi_smc_0/smartconnect.xdc] for cell 'design_1_i/axi_smc/inst'
Finished Parsing XDC File [c:/Users/C27John.Alves/ECE383/ece383_wksp/ice3/ublaze3/ublaze3.gen/sources_1/bd/design_1/ip/design_1_axi_smc_0/smartconnect.xdc] for cell 'design_1_i/axi_smc/inst'
Parsing XDC File [c:/Users/C27John.Alves/ECE383/ece383_wksp/ice3/ublaze3/ublaze3.gen/sources_1/bd/design_1/ip/design_1_util_ds_buf_0_0/design_1_util_ds_buf_0_0_board.xdc] for cell 'design_1_i/util_ds_buf_0/U0'
Finished Parsing XDC File [c:/Users/C27John.Alves/ECE383/ece383_wksp/ice3/ublaze3/ublaze3.gen/sources_1/bd/design_1/ip/design_1_util_ds_buf_0_0/design_1_util_ds_buf_0_0_board.xdc] for cell 'design_1_i/util_ds_buf_0/U0'
Parsing XDC File [c:/Users/C27John.Alves/ECE383/ece383_wksp/ice3/ublaze3/ublaze3.gen/sources_1/bd/design_1/ip/design_1_mig_7series_0_2/design_1_mig_7series_0_2/user_design/constraints/design_1_mig_7series_0_2.xdc] for cell 'design_1_i/mig_7series_0'
Finished Parsing XDC File [c:/Users/C27John.Alves/ECE383/ece383_wksp/ice3/ublaze3/ublaze3.gen/sources_1/bd/design_1/ip/design_1_mig_7series_0_2/design_1_mig_7series_0_2/user_design/constraints/design_1_mig_7series_0_2.xdc] for cell 'design_1_i/mig_7series_0'
Parsing XDC File [c:/Users/C27John.Alves/ECE383/ece383_wksp/ice3/ublaze3/ublaze3.gen/sources_1/bd/design_1/ip/design_1_mig_7series_0_2/design_1_mig_7series_0_2_board.xdc] for cell 'design_1_i/mig_7series_0'
Finished Parsing XDC File [c:/Users/C27John.Alves/ECE383/ece383_wksp/ice3/ublaze3/ublaze3.gen/sources_1/bd/design_1/ip/design_1_mig_7series_0_2/design_1_mig_7series_0_2_board.xdc] for cell 'design_1_i/mig_7series_0'
Parsing XDC File [c:/Users/C27John.Alves/ECE383/ece383_wksp/ice3/ublaze3/ublaze3.gen/sources_1/bd/design_1/ip/design_1_axi_smc_1_0/bd_0/ip/ip_1/bd_a878_psr0_0_board.xdc] for cell 'design_1_i/axi_smc_1/inst/clk_map/psr0/U0'
Finished Parsing XDC File [c:/Users/C27John.Alves/ECE383/ece383_wksp/ice3/ublaze3/ublaze3.gen/sources_1/bd/design_1/ip/design_1_axi_smc_1_0/bd_0/ip/ip_1/bd_a878_psr0_0_board.xdc] for cell 'design_1_i/axi_smc_1/inst/clk_map/psr0/U0'
Parsing XDC File [c:/Users/C27John.Alves/ECE383/ece383_wksp/ice3/ublaze3/ublaze3.gen/sources_1/bd/design_1/ip/design_1_axi_smc_1_0/bd_0/ip/ip_1/bd_a878_psr0_0.xdc] for cell 'design_1_i/axi_smc_1/inst/clk_map/psr0/U0'
Finished Parsing XDC File [c:/Users/C27John.Alves/ECE383/ece383_wksp/ice3/ublaze3/ublaze3.gen/sources_1/bd/design_1/ip/design_1_axi_smc_1_0/bd_0/ip/ip_1/bd_a878_psr0_0.xdc] for cell 'design_1_i/axi_smc_1/inst/clk_map/psr0/U0'
Parsing XDC File [c:/Users/C27John.Alves/ECE383/ece383_wksp/ice3/ublaze3/ublaze3.gen/sources_1/bd/design_1/ip/design_1_axi_smc_1_0/bd_0/ip/ip_2/bd_a878_psr_aclk_0_board.xdc] for cell 'design_1_i/axi_smc_1/inst/clk_map/psr_aclk/U0'
Finished Parsing XDC File [c:/Users/C27John.Alves/ECE383/ece383_wksp/ice3/ublaze3/ublaze3.gen/sources_1/bd/design_1/ip/design_1_axi_smc_1_0/bd_0/ip/ip_2/bd_a878_psr_aclk_0_board.xdc] for cell 'design_1_i/axi_smc_1/inst/clk_map/psr_aclk/U0'
Parsing XDC File [c:/Users/C27John.Alves/ECE383/ece383_wksp/ice3/ublaze3/ublaze3.gen/sources_1/bd/design_1/ip/design_1_axi_smc_1_0/bd_0/ip/ip_2/bd_a878_psr_aclk_0.xdc] for cell 'design_1_i/axi_smc_1/inst/clk_map/psr_aclk/U0'
Finished Parsing XDC File [c:/Users/C27John.Alves/ECE383/ece383_wksp/ice3/ublaze3/ublaze3.gen/sources_1/bd/design_1/ip/design_1_axi_smc_1_0/bd_0/ip/ip_2/bd_a878_psr_aclk_0.xdc] for cell 'design_1_i/axi_smc_1/inst/clk_map/psr_aclk/U0'
Parsing XDC File [c:/Users/C27John.Alves/ECE383/ece383_wksp/ice3/ublaze3/ublaze3.gen/sources_1/bd/design_1/ip/design_1_axi_smc_1_0/bd_0/ip/ip_3/bd_a878_psr_aclk1_0_board.xdc] for cell 'design_1_i/axi_smc_1/inst/clk_map/psr_aclk1/U0'
Finished Parsing XDC File [c:/Users/C27John.Alves/ECE383/ece383_wksp/ice3/ublaze3/ublaze3.gen/sources_1/bd/design_1/ip/design_1_axi_smc_1_0/bd_0/ip/ip_3/bd_a878_psr_aclk1_0_board.xdc] for cell 'design_1_i/axi_smc_1/inst/clk_map/psr_aclk1/U0'
Parsing XDC File [c:/Users/C27John.Alves/ECE383/ece383_wksp/ice3/ublaze3/ublaze3.gen/sources_1/bd/design_1/ip/design_1_axi_smc_1_0/bd_0/ip/ip_3/bd_a878_psr_aclk1_0.xdc] for cell 'design_1_i/axi_smc_1/inst/clk_map/psr_aclk1/U0'
Finished Parsing XDC File [c:/Users/C27John.Alves/ECE383/ece383_wksp/ice3/ublaze3/ublaze3.gen/sources_1/bd/design_1/ip/design_1_axi_smc_1_0/bd_0/ip/ip_3/bd_a878_psr_aclk1_0.xdc] for cell 'design_1_i/axi_smc_1/inst/clk_map/psr_aclk1/U0'
Parsing XDC File [c:/Users/C27John.Alves/ECE383/ece383_wksp/ice3/ublaze3/ublaze3.gen/sources_1/bd/design_1/ip/design_1_axi_smc_1_0/smartconnect.xdc] for cell 'design_1_i/axi_smc_1/inst'
WARNING: [Vivado_Tcl 4-919] Waiver ID 'CDC-1' -from list should not be empty. [c:/Users/C27John.Alves/ECE383/ece383_wksp/ice3/ublaze3/ublaze3.gen/sources_1/bd/design_1/ip/design_1_axi_smc_1_0/smartconnect.xdc:2]
WARNING: [Vivado_Tcl 4-921] Waiver ID 'CDC-1' -to list should not be empty. [c:/Users/C27John.Alves/ECE383/ece383_wksp/ice3/ublaze3/ublaze3.gen/sources_1/bd/design_1/ip/design_1_axi_smc_1_0/smartconnect.xdc:3]
WARNING: [Vivado_Tcl 4-921] Waiver ID 'CDC-1' -to list should not be empty. [c:/Users/C27John.Alves/ECE383/ece383_wksp/ice3/ublaze3/ublaze3.gen/sources_1/bd/design_1/ip/design_1_axi_smc_1_0/smartconnect.xdc:4]
WARNING: [Vivado_Tcl 4-921] Waiver ID 'CDC-1' -to list should not be empty. [c:/Users/C27John.Alves/ECE383/ece383_wksp/ice3/ublaze3/ublaze3.gen/sources_1/bd/design_1/ip/design_1_axi_smc_1_0/smartconnect.xdc:5]
WARNING: [Vivado_Tcl 4-921] Waiver ID 'CDC-1' -to list should not be empty. [c:/Users/C27John.Alves/ECE383/ece383_wksp/ice3/ublaze3/ublaze3.gen/sources_1/bd/design_1/ip/design_1_axi_smc_1_0/smartconnect.xdc:6]
WARNING: [Vivado_Tcl 4-921] Waiver ID 'CDC-1' -to list should not be empty. [c:/Users/C27John.Alves/ECE383/ece383_wksp/ice3/ublaze3/ublaze3.gen/sources_1/bd/design_1/ip/design_1_axi_smc_1_0/smartconnect.xdc:7]
WARNING: [Vivado_Tcl 4-921] Waiver ID 'CDC-1' -to list should not be empty. [c:/Users/C27John.Alves/ECE383/ece383_wksp/ice3/ublaze3/ublaze3.gen/sources_1/bd/design_1/ip/design_1_axi_smc_1_0/smartconnect.xdc:8]
WARNING: [Vivado_Tcl 4-921] Waiver ID 'CDC-1' -to list should not be empty. [c:/Users/C27John.Alves/ECE383/ece383_wksp/ice3/ublaze3/ublaze3.gen/sources_1/bd/design_1/ip/design_1_axi_smc_1_0/smartconnect.xdc:9]
WARNING: [Vivado_Tcl 4-921] Waiver ID 'CDC-1' -to list should not be empty. [c:/Users/C27John.Alves/ECE383/ece383_wksp/ice3/ublaze3/ublaze3.gen/sources_1/bd/design_1/ip/design_1_axi_smc_1_0/smartconnect.xdc:10]
WARNING: [Vivado_Tcl 4-921] Waiver ID 'CDC-1' -to list should not be empty. [c:/Users/C27John.Alves/ECE383/ece383_wksp/ice3/ublaze3/ublaze3.gen/sources_1/bd/design_1/ip/design_1_axi_smc_1_0/smartconnect.xdc:11]
WARNING: [Vivado_Tcl 4-921] Waiver ID 'CDC-1' -to list should not be empty. [c:/Users/C27John.Alves/ECE383/ece383_wksp/ice3/ublaze3/ublaze3.gen/sources_1/bd/design_1/ip/design_1_axi_smc_1_0/smartconnect.xdc:12]
WARNING: [Vivado_Tcl 4-921] Waiver ID 'CDC-1' -to list should not be empty. [c:/Users/C27John.Alves/ECE383/ece383_wksp/ice3/ublaze3/ublaze3.gen/sources_1/bd/design_1/ip/design_1_axi_smc_1_0/smartconnect.xdc:14]
WARNING: [Vivado_Tcl 4-921] Waiver ID 'CDC-1' -to list should not be empty. [c:/Users/C27John.Alves/ECE383/ece383_wksp/ice3/ublaze3/ublaze3.gen/sources_1/bd/design_1/ip/design_1_axi_smc_1_0/smartconnect.xdc:15]
WARNING: [Vivado_Tcl 4-921] Waiver ID 'CDC-1' -to list should not be empty. [c:/Users/C27John.Alves/ECE383/ece383_wksp/ice3/ublaze3/ublaze3.gen/sources_1/bd/design_1/ip/design_1_axi_smc_1_0/smartconnect.xdc:17]
WARNING: [Vivado_Tcl 4-921] Waiver ID 'CDC-1' -to list should not be empty. [c:/Users/C27John.Alves/ECE383/ece383_wksp/ice3/ublaze3/ublaze3.gen/sources_1/bd/design_1/ip/design_1_axi_smc_1_0/smartconnect.xdc:18]
WARNING: [Vivado_Tcl 4-921] Waiver ID 'CDC-1' -to list should not be empty. [c:/Users/C27John.Alves/ECE383/ece383_wksp/ice3/ublaze3/ublaze3.gen/sources_1/bd/design_1/ip/design_1_axi_smc_1_0/smartconnect.xdc:19]
WARNING: [Vivado_Tcl 4-921] Waiver ID 'CDC-1' -to list should not be empty. [c:/Users/C27John.Alves/ECE383/ece383_wksp/ice3/ublaze3/ublaze3.gen/sources_1/bd/design_1/ip/design_1_axi_smc_1_0/smartconnect.xdc:20]
WARNING: [Vivado_Tcl 4-921] Waiver ID 'CDC-1' -to list should not be empty. [c:/Users/C27John.Alves/ECE383/ece383_wksp/ice3/ublaze3/ublaze3.gen/sources_1/bd/design_1/ip/design_1_axi_smc_1_0/smartconnect.xdc:21]
WARNING: [Vivado_Tcl 4-921] Waiver ID 'CDC-1' -to list should not be empty. [c:/Users/C27John.Alves/ECE383/ece383_wksp/ice3/ublaze3/ublaze3.gen/sources_1/bd/design_1/ip/design_1_axi_smc_1_0/smartconnect.xdc:22]
WARNING: [Vivado_Tcl 4-921] Waiver ID 'CDC-1' -to list should not be empty. [c:/Users/C27John.Alves/ECE383/ece383_wksp/ice3/ublaze3/ublaze3.gen/sources_1/bd/design_1/ip/design_1_axi_smc_1_0/smartconnect.xdc:23]
WARNING: [Vivado_Tcl 4-921] Waiver ID 'CDC-1' -to list should not be empty. [c:/Users/C27John.Alves/ECE383/ece383_wksp/ice3/ublaze3/ublaze3.gen/sources_1/bd/design_1/ip/design_1_axi_smc_1_0/smartconnect.xdc:24]
WARNING: [Vivado_Tcl 4-921] Waiver ID 'CDC-1' -to list should not be empty. [c:/Users/C27John.Alves/ECE383/ece383_wksp/ice3/ublaze3/ublaze3.gen/sources_1/bd/design_1/ip/design_1_axi_smc_1_0/smartconnect.xdc:26]
WARNING: [Vivado_Tcl 4-921] Waiver ID 'CDC-1' -to list should not be empty. [c:/Users/C27John.Alves/ECE383/ece383_wksp/ice3/ublaze3/ublaze3.gen/sources_1/bd/design_1/ip/design_1_axi_smc_1_0/smartconnect.xdc:28]
WARNING: [Vivado_Tcl 4-921] Waiver ID 'CDC-1' -to list should not be empty. [c:/Users/C27John.Alves/ECE383/ece383_wksp/ice3/ublaze3/ublaze3.gen/sources_1/bd/design_1/ip/design_1_axi_smc_1_0/smartconnect.xdc:29]
WARNING: [Vivado_Tcl 4-921] Waiver ID 'CDC-1' -to list should not be empty. [c:/Users/C27John.Alves/ECE383/ece383_wksp/ice3/ublaze3/ublaze3.gen/sources_1/bd/design_1/ip/design_1_axi_smc_1_0/smartconnect.xdc:30]
WARNING: [Vivado_Tcl 4-921] Waiver ID 'CDC-1' -to list should not be empty. [c:/Users/C27John.Alves/ECE383/ece383_wksp/ice3/ublaze3/ublaze3.gen/sources_1/bd/design_1/ip/design_1_axi_smc_1_0/smartconnect.xdc:31]
WARNING: [Vivado_Tcl 4-921] Waiver ID 'CDC-1' -to list should not be empty. [c:/Users/C27John.Alves/ECE383/ece383_wksp/ice3/ublaze3/ublaze3.gen/sources_1/bd/design_1/ip/design_1_axi_smc_1_0/smartconnect.xdc:32]
WARNING: [Vivado_Tcl 4-921] Waiver ID 'CDC-1' -to list should not be empty. [c:/Users/C27John.Alves/ECE383/ece383_wksp/ice3/ublaze3/ublaze3.gen/sources_1/bd/design_1/ip/design_1_axi_smc_1_0/smartconnect.xdc:33]
WARNING: [Vivado_Tcl 4-921] Waiver ID 'CDC-1' -to list should not be empty. [c:/Users/C27John.Alves/ECE383/ece383_wksp/ice3/ublaze3/ublaze3.gen/sources_1/bd/design_1/ip/design_1_axi_smc_1_0/smartconnect.xdc:34]
WARNING: [Vivado_Tcl 4-921] Waiver ID 'CDC-1' -to list should not be empty. [c:/Users/C27John.Alves/ECE383/ece383_wksp/ice3/ublaze3/ublaze3.gen/sources_1/bd/design_1/ip/design_1_axi_smc_1_0/smartconnect.xdc:35]
WARNING: [Vivado_Tcl 4-921] Waiver ID 'CDC-1' -to list should not be empty. [c:/Users/C27John.Alves/ECE383/ece383_wksp/ice3/ublaze3/ublaze3.gen/sources_1/bd/design_1/ip/design_1_axi_smc_1_0/smartconnect.xdc:36]
WARNING: [Vivado_Tcl 4-921] Waiver ID 'CDC-1' -to list should not be empty. [c:/Users/C27John.Alves/ECE383/ece383_wksp/ice3/ublaze3/ublaze3.gen/sources_1/bd/design_1/ip/design_1_axi_smc_1_0/smartconnect.xdc:37]
WARNING: [Vivado_Tcl 4-921] Waiver ID 'CDC-2' -to list should not be empty. [c:/Users/C27John.Alves/ECE383/ece383_wksp/ice3/ublaze3/ublaze3.gen/sources_1/bd/design_1/ip/design_1_axi_smc_1_0/smartconnect.xdc:38]
WARNING: [Vivado_Tcl 4-921] Waiver ID 'CDC-2' -to list should not be empty. [c:/Users/C27John.Alves/ECE383/ece383_wksp/ice3/ublaze3/ublaze3.gen/sources_1/bd/design_1/ip/design_1_axi_smc_1_0/smartconnect.xdc:39]
WARNING: [Vivado_Tcl 4-921] Waiver ID 'CDC-2' -to list should not be empty. [c:/Users/C27John.Alves/ECE383/ece383_wksp/ice3/ublaze3/ublaze3.gen/sources_1/bd/design_1/ip/design_1_axi_smc_1_0/smartconnect.xdc:40]
WARNING: [Vivado_Tcl 4-921] Waiver ID 'CDC-10' -to list should not be empty. [c:/Users/C27John.Alves/ECE383/ece383_wksp/ice3/ublaze3/ublaze3.gen/sources_1/bd/design_1/ip/design_1_axi_smc_1_0/smartconnect.xdc:41]
WARNING: [Vivado_Tcl 4-921] Waiver ID 'CDC-10' -to list should not be empty. [c:/Users/C27John.Alves/ECE383/ece383_wksp/ice3/ublaze3/ublaze3.gen/sources_1/bd/design_1/ip/design_1_axi_smc_1_0/smartconnect.xdc:42]
WARNING: [Vivado_Tcl 4-921] Waiver ID 'CDC-10' -to list should not be empty. [c:/Users/C27John.Alves/ECE383/ece383_wksp/ice3/ublaze3/ublaze3.gen/sources_1/bd/design_1/ip/design_1_axi_smc_1_0/smartconnect.xdc:43]
WARNING: [Vivado_Tcl 4-921] Waiver ID 'CDC-4' -to list should not be empty. [c:/Users/C27John.Alves/ECE383/ece383_wksp/ice3/ublaze3/ublaze3.gen/sources_1/bd/design_1/ip/design_1_axi_smc_1_0/smartconnect.xdc:44]
WARNING: [Vivado_Tcl 4-921] Waiver ID 'CDC-4' -to list should not be empty. [c:/Users/C27John.Alves/ECE383/ece383_wksp/ice3/ublaze3/ublaze3.gen/sources_1/bd/design_1/ip/design_1_axi_smc_1_0/smartconnect.xdc:45]
WARNING: [Vivado_Tcl 4-921] Waiver ID 'CDC-4' -to list should not be empty. [c:/Users/C27John.Alves/ECE383/ece383_wksp/ice3/ublaze3/ublaze3.gen/sources_1/bd/design_1/ip/design_1_axi_smc_1_0/smartconnect.xdc:46]
WARNING: [Vivado_Tcl 4-921] Waiver ID 'CDC-13' -to list should not be empty. [c:/Users/C27John.Alves/ECE383/ece383_wksp/ice3/ublaze3/ublaze3.gen/sources_1/bd/design_1/ip/design_1_axi_smc_1_0/smartconnect.xdc:47]
WARNING: [Vivado_Tcl 4-921] Waiver ID 'CDC-13' -to list should not be empty. [c:/Users/C27John.Alves/ECE383/ece383_wksp/ice3/ublaze3/ublaze3.gen/sources_1/bd/design_1/ip/design_1_axi_smc_1_0/smartconnect.xdc:48]
Finished Parsing XDC File [c:/Users/C27John.Alves/ECE383/ece383_wksp/ice3/ublaze3/ublaze3.gen/sources_1/bd/design_1/ip/design_1_axi_smc_1_0/smartconnect.xdc] for cell 'design_1_i/axi_smc_1/inst'
Parsing XDC File [c:/Users/C27John.Alves/ECE383/ece383_wksp/ice3/ublaze3/ublaze3.gen/sources_1/bd/design_1/ip/design_1_rst_mig_7series_0_100M_0/design_1_rst_mig_7series_0_100M_0_board.xdc] for cell 'design_1_i/rst_mig_7series_0_100M/U0'
Finished Parsing XDC File [c:/Users/C27John.Alves/ECE383/ece383_wksp/ice3/ublaze3/ublaze3.gen/sources_1/bd/design_1/ip/design_1_rst_mig_7series_0_100M_0/design_1_rst_mig_7series_0_100M_0_board.xdc] for cell 'design_1_i/rst_mig_7series_0_100M/U0'
Parsing XDC File [c:/Users/C27John.Alves/ECE383/ece383_wksp/ice3/ublaze3/ublaze3.gen/sources_1/bd/design_1/ip/design_1_rst_mig_7series_0_100M_0/design_1_rst_mig_7series_0_100M_0.xdc] for cell 'design_1_i/rst_mig_7series_0_100M/U0'
Finished Parsing XDC File [c:/Users/C27John.Alves/ECE383/ece383_wksp/ice3/ublaze3/ublaze3.gen/sources_1/bd/design_1/ip/design_1_rst_mig_7series_0_100M_0/design_1_rst_mig_7series_0_100M_0.xdc] for cell 'design_1_i/rst_mig_7series_0_100M/U0'
Parsing XDC File [C:/Users/C27John.Alves/ECE383/ece383_wksp/ice2/ice2/ice2.xdc]
Finished Parsing XDC File [C:/Users/C27John.Alves/ECE383/ece383_wksp/ice2/ice2/ice2.xdc]
Parsing XDC File [c:/Users/C27John.Alves/ECE383/ece383_wksp/ice3/ublaze3/ublaze3.gen/sources_1/bd/design_1/ip/design_1_mdm_1_0/design_1_mdm_1_0.xdc] for cell 'design_1_i/mdm_1/U0'
Finished Parsing XDC File [c:/Users/C27John.Alves/ECE383/ece383_wksp/ice3/ublaze3/ublaze3.gen/sources_1/bd/design_1/ip/design_1_mdm_1_0/design_1_mdm_1_0.xdc] for cell 'design_1_i/mdm_1/U0'
INFO: [Project 1-1714] 106 XPM XDC files have been applied to the design.
INFO: [Opt 31-138] Pushed 0 inverter(s) to 0 load pin(s).
Generating merged BMM file for the design top 'design_1_wrapper'...
INFO: [Memdata 28-144] Successfully populated the BRAM INIT strings from the following elf files: c:/Users/C27John.Alves/ECE383/ece383_wksp/ice3/ublaze3/ublaze3.gen/sources_1/bd/design_1/ip/design_1_microblaze_0_0/data/mb_bootloop_le.elf 
INFO: [Project 1-1687] 48 scoped IP constraints or related sub-commands were skipped due to synthesis logic optimizations usually triggered by constant connectivity or unconnected output pins. To review the skipped constraints and messages, run the command 'set_param netlist.IPMsgFiltering false' before opening the design.
Netlist sorting complete. Time (s): cpu = 00:00:00 ; elapsed = 00:00:00.020 . Memory (MB): peak = 1571.621 ; gain = 0.000
INFO: [Project 1-111] Unisim Transformation Summary:
  A total of 384 instances were transformed.
  IOBUFDS_DIFF_OUT_INTERMDISABLE => IOBUFDS_DIFF_OUT_INTERMDISABLE (IBUFDS_INTERMDISABLE_INT(x2), INV, OBUFTDS(x2)): 2 instances
  IOBUF_INTERMDISABLE => IOBUF_INTERMDISABLE (IBUF_INTERMDISABLE, OBUFT): 16 instances
  LUT6_2 => LUT6_2 (LUT5, LUT6): 88 instances
  OBUFDS => OBUFDS_DUAL_BUF (INV, OBUFDS(x2)): 1 instance 
  RAM16X1D => RAM32X1D (RAMD32(x2)): 1 instance 
  RAM32M => RAM32M (RAMD32(x6), RAMS32(x2)): 231 instances
  RAM32X1D => RAM32X1D (RAMD32(x2)): 45 instances

31 Infos, 45 Warnings, 0 Critical Warnings and 0 Errors encountered.
link_design completed successfully
link_design: Time (s): cpu = 00:00:18 ; elapsed = 00:00:57 . Memory (MB): peak = 1571.621 ; gain = 1178.387
Command: opt_design
Attempting to get a license for feature 'Implementation' and/or device 'xc7a200t'
INFO: [Common 17-349] Got license for feature 'Implementation' and/or device 'xc7a200t'
Running DRC as a precondition to command opt_design

Starting DRC Task
INFO: [DRC 23-27] Running DRC with 2 threads
INFO: [Project 1-461] DRC finished with 0 Errors
INFO: [Project 1-462] Please refer to the DRC report (report_drc) for more information.

Time (s): cpu = 00:00:02 ; elapsed = 00:00:03 . Memory (MB): peak = 1571.621 ; gain = 0.000

Starting Cache Timing Information Task
INFO: [Timing 38-35] Done setting XDC timing constraints.
Ending Cache Timing Information Task | Checksum: 2d6fd5d7b

Time (s): cpu = 00:00:01 ; elapsed = 00:00:01 . Memory (MB): peak = 1571.621 ; gain = 0.000

Starting Logic Optimization Task

Phase 1 Initialization

Phase 1.1 Core Generation And Design Setup
Phase 1.1 Core Generation And Design Setup | Checksum: 2d6fd5d7b

Time (s): cpu = 00:00:00 ; elapsed = 00:00:00.052 . Memory (MB): peak = 1956.637 ; gain = 0.000

Phase 1.2 Setup Constraints And Sort Netlist
Phase 1.2 Setup Constraints And Sort Netlist | Checksum: 2d6fd5d7b

Time (s): cpu = 00:00:00 ; elapsed = 00:00:00.090 . Memory (MB): peak = 1956.637 ; gain = 0.000
Phase 1 Initialization | Checksum: 2d6fd5d7b

Time (s): cpu = 00:00:00 ; elapsed = 00:00:00.095 . Memory (MB): peak = 1956.637 ; gain = 0.000

Phase 2 Timer Update And Timing Data Collection

Phase 2.1 Timer Update
Phase 2.1 Timer Update | Checksum: 2d6fd5d7b

Time (s): cpu = 00:00:00 ; elapsed = 00:00:00.620 . Memory (MB): peak = 1956.637 ; gain = 0.000

Phase 2.2 Timing Data Collection
Phase 2.2 Timing Data Collection | Checksum: 2d6fd5d7b

Time (s): cpu = 00:00:00 ; elapsed = 00:00:00.755 . Memory (MB): peak = 1956.637 ; gain = 0.000
Phase 2 Timer Update And Timing Data Collection | Checksum: 2d6fd5d7b

Time (s): cpu = 00:00:00 ; elapsed = 00:00:00.761 . Memory (MB): peak = 1956.637 ; gain = 0.000

Phase 3 Retarget
INFO: [Opt 31-1851] Number of loadless carry chains removed were: 0
INFO: [Opt 31-1834] Total Chains To Be Transformed Were: 0 AND Number of Transformed insts Created are: 0
INFO: [Opt 31-1566] Pulled 13 inverters resulting in an inversion of 152 pins
INFO: [Opt 31-138] Pushed 25 inverter(s) to 108 load pin(s).
INFO: [Opt 31-49] Retargeted 0 cell(s).
Phase 3 Retarget | Checksum: 29b6ade82

Time (s): cpu = 00:00:01 ; elapsed = 00:00:02 . Memory (MB): peak = 1956.637 ; gain = 0.000
Retarget | Checksum: 29b6ade82
INFO: [Opt 31-389] Phase Retarget created 155 cells and removed 248 cells
INFO: [Opt 31-1021] In phase Retarget, 145 netlist objects are constrained preventing optimization. Please run opt_design with -debug_log to get more detail. 

Phase 4 Constant propagation
INFO: [Opt 31-138] Pushed 12 inverter(s) to 33 load pin(s).
Phase 4 Constant propagation | Checksum: 2a76a4b3c

Time (s): cpu = 00:00:01 ; elapsed = 00:00:02 . Memory (MB): peak = 1956.637 ; gain = 0.000
Constant propagation | Checksum: 2a76a4b3c
INFO: [Opt 31-389] Phase Constant propagation created 389 cells and removed 1515 cells
INFO: [Opt 31-1021] In phase Constant propagation, 124 netlist objects are constrained preventing optimization. Please run opt_design with -debug_log to get more detail. 

Phase 5 Sweep
INFO: [Constraints 18-11670] Building netlist checker database with flags, 0x8
Done building netlist checker database: Time (s): cpu = 00:00:00 ; elapsed = 00:00:00.019 . Memory (MB): peak = 1956.637 ; gain = 0.000
INFO: [Constraints 18-11670] Building netlist checker database with flags, 0x8
Done building netlist checker database: Time (s): cpu = 00:00:00 ; elapsed = 00:00:00.023 . Memory (MB): peak = 1956.637 ; gain = 0.000
Phase 5 Sweep | Checksum: 2e4101f5e

Time (s): cpu = 00:00:02 ; elapsed = 00:00:04 . Memory (MB): peak = 1956.637 ; gain = 0.000
Sweep | Checksum: 2e4101f5e
INFO: [Opt 31-389] Phase Sweep created 1 cells and removed 789 cells
INFO: [Opt 31-1021] In phase Sweep, 161 netlist objects are constrained preventing optimization. Please run opt_design with -debug_log to get more detail. 

Phase 6 BUFG optimization
INFO: [Opt 31-194] Inserted BUFG design_1_i/mdm_1/U0/Use_E2.BSCAN_I/Dbg_Update_0_BUFG_inst to drive 40 load(s) on clock net design_1_i/mdm_1/U0/Use_E2.BSCAN_I/Dbg_Update_0_BUFG
INFO: [Opt 31-193] Inserted 1 BUFG(s) on clock nets
Phase 6 BUFG optimization | Checksum: 312284551

Time (s): cpu = 00:00:02 ; elapsed = 00:00:04 . Memory (MB): peak = 1956.637 ; gain = 0.000
BUFG optimization | Checksum: 312284551
INFO: [Opt 31-662] Phase BUFG optimization created 1 cells of which 1 are BUFGs and removed 0 cells.

Phase 7 Shift Register Optimization
INFO: [Opt 31-1064] SRL Remap converted 0 SRLs to 0 registers and converted 0 registers of register chains to 0 SRLs
Phase 7 Shift Register Optimization | Checksum: 312284551

Time (s): cpu = 00:00:02 ; elapsed = 00:00:04 . Memory (MB): peak = 1956.637 ; gain = 0.000
Shift Register Optimization | Checksum: 312284551
INFO: [Opt 31-389] Phase Shift Register Optimization created 0 cells and removed 0 cells

Phase 8 Post Processing Netlist
Phase 8 Post Processing Netlist | Checksum: 2ea284885

Time (s): cpu = 00:00:02 ; elapsed = 00:00:05 . Memory (MB): peak = 1956.637 ; gain = 0.000
Post Processing Netlist | Checksum: 2ea284885
INFO: [Opt 31-389] Phase Post Processing Netlist created 0 cells and removed 0 cells
INFO: [Opt 31-1021] In phase Post Processing Netlist, 139 netlist objects are constrained preventing optimization. Please run opt_design with -debug_log to get more detail. 

Phase 9 Finalization

Phase 9.1 Finalizing Design Cores and Updating Shapes
Phase 9.1 Finalizing Design Cores and Updating Shapes | Checksum: 23bdba242

Time (s): cpu = 00:00:03 ; elapsed = 00:00:05 . Memory (MB): peak = 1956.637 ; gain = 0.000

Phase 9.2 Verifying Netlist Connectivity

Starting Connectivity Check Task

Time (s): cpu = 00:00:00 ; elapsed = 00:00:00.065 . Memory (MB): peak = 1956.637 ; gain = 0.000
Phase 9.2 Verifying Netlist Connectivity | Checksum: 23bdba242

Time (s): cpu = 00:00:03 ; elapsed = 00:00:05 . Memory (MB): peak = 1956.637 ; gain = 0.000
Phase 9 Finalization | Checksum: 23bdba242

Time (s): cpu = 00:00:03 ; elapsed = 00:00:05 . Memory (MB): peak = 1956.637 ; gain = 0.000
Opt_design Change Summary
=========================


-------------------------------------------------------------------------------------------------------------------------
|  Phase                        |  #Cells created  |  #Cells Removed  |  #Constrained objects preventing optimizations  |
-------------------------------------------------------------------------------------------------------------------------
|  Retarget                     |             155  |             248  |                                            145  |
|  Constant propagation         |             389  |            1515  |                                            124  |
|  Sweep                        |               1  |             789  |                                            161  |
|  BUFG optimization            |               1  |               0  |                                              0  |
|  Shift Register Optimization  |               0  |               0  |                                              0  |
|  Post Processing Netlist      |               0  |               0  |                                            139  |
-------------------------------------------------------------------------------------------------------------------------


Ending Logic Optimization Task | Checksum: 23bdba242

Time (s): cpu = 00:00:03 ; elapsed = 00:00:05 . Memory (MB): peak = 1956.637 ; gain = 0.000

Starting Power Optimization Task
INFO: [Pwropt 34-132] Skipping clock gating for clocks with a period < 2.00 ns.
INFO: [Pwropt 34-9] Applying IDT optimizations ...
INFO: [Pwropt 34-10] Applying ODC optimizations ...
INFO: [Timing 38-35] Done setting XDC timing constraints.
Running Vector-less Activity Propagation...

Finished Running Vector-less Activity Propagation


Starting PowerOpt Patch Enables Task
INFO: [Pwropt 34-162] WRITE_MODE attribute of 0 BRAM(s) out of a total of 18 has been updated to save power. Run report_power_opt to get a complete listing of the BRAMs updated.
INFO: [Pwropt 34-201] Structural ODC has moved 4 WE to EN ports
Number of BRAM Ports augmented: 8 newly gated: 8 Total Ports: 36
Ending PowerOpt Patch Enables Task | Checksum: 2832c8759

Time (s): cpu = 00:00:00 ; elapsed = 00:00:00.249 . Memory (MB): peak = 2187.098 ; gain = 0.000
Ending Power Optimization Task | Checksum: 2832c8759

Time (s): cpu = 00:00:06 ; elapsed = 00:00:07 . Memory (MB): peak = 2187.098 ; gain = 230.461

Starting Final Cleanup Task

Starting Logic Optimization Task
INFO: [Timing 38-35] Done setting XDC timing constraints.
Ending Logic Optimization Task | Checksum: 2faf8a9fe

Time (s): cpu = 00:00:02 ; elapsed = 00:00:02 . Memory (MB): peak = 2187.098 ; gain = 0.000
Ending Final Cleanup Task | Checksum: 2faf8a9fe

Time (s): cpu = 00:00:05 ; elapsed = 00:00:07 . Memory (MB): peak = 2187.098 ; gain = 0.000

Starting Netlist Obfuscation Task
Netlist sorting complete. Time (s): cpu = 00:00:00 ; elapsed = 00:00:00.020 . Memory (MB): peak = 2187.098 ; gain = 0.000
Ending Netlist Obfuscation Task | Checksum: 2faf8a9fe

Time (s): cpu = 00:00:00 ; elapsed = 00:00:00.026 . Memory (MB): peak = 2187.098 ; gain = 0.000
INFO: [Common 17-83] Releasing license: Implementation
65 Infos, 45 Warnings, 0 Critical Warnings and 0 Errors encountered.
opt_design completed successfully
opt_design: Time (s): cpu = 00:00:20 ; elapsed = 00:00:27 . Memory (MB): peak = 2187.098 ; gain = 615.477
INFO: [Vivado 12-24828] Executing command : report_drc -file design_1_wrapper_drc_opted.rpt -pb design_1_wrapper_drc_opted.pb -rpx design_1_wrapper_drc_opted.rpx
Command: report_drc -file design_1_wrapper_drc_opted.rpt -pb design_1_wrapper_drc_opted.pb -rpx design_1_wrapper_drc_opted.rpx
INFO: [IP_Flow 19-1839] IP Catalog is up to date.
INFO: [DRC 23-27] Running DRC with 2 threads
INFO: [Vivado_Tcl 2-168] The results of DRC are in file C:/Users/C27John.Alves/ECE383/ece383_wksp/ice3/ublaze3/ublaze3.runs/impl_1/design_1_wrapper_drc_opted.rpt.
report_drc completed successfully
INFO: [Timing 38-35] Done setting XDC timing constraints.
INFO: [Timing 38-480] Writing timing data to binary archive.
Wrote PlaceDB: Time (s): cpu = 00:00:00 ; elapsed = 00:00:00.032 . Memory (MB): peak = 2187.098 ; gain = 0.000
Wrote PulsedLatchDB: Time (s): cpu = 00:00:00 ; elapsed = 00:00:00 . Memory (MB): peak = 2187.098 ; gain = 0.000
Writing XDEF routing.
Write ShapeDB Complete: Time (s): cpu = 00:00:00 ; elapsed = 00:00:00.072 . Memory (MB): peak = 2187.098 ; gain = 0.000
Writing XDEF routing logical nets.
Writing XDEF routing special nets.
Wrote RouteStorage: Time (s): cpu = 00:00:00 ; elapsed = 00:00:00.076 . Memory (MB): peak = 2187.098 ; gain = 0.000
Wrote Netlist Cache: Time (s): cpu = 00:00:00 ; elapsed = 00:00:00.001 . Memory (MB): peak = 2187.098 ; gain = 0.000
Wrote Device Cache: Time (s): cpu = 00:00:00 ; elapsed = 00:00:00.011 . Memory (MB): peak = 2187.098 ; gain = 0.000
Write Physdb Complete: Time (s): cpu = 00:00:00 ; elapsed = 00:00:00.137 . Memory (MB): peak = 2187.098 ; gain = 0.000
INFO: [Common 17-1381] The checkpoint 'C:/Users/C27John.Alves/ECE383/ece383_wksp/ice3/ublaze3/ublaze3.runs/impl_1/design_1_wrapper_opt.dcp' has been generated.
write_checkpoint: Time (s): cpu = 00:00:04 ; elapsed = 00:00:06 . Memory (MB): peak = 2187.098 ; gain = 0.000
Command: place_design
Attempting to get a license for feature 'Implementation' and/or device 'xc7a200t'
INFO: [Common 17-349] Got license for feature 'Implementation' and/or device 'xc7a200t'
INFO: [Common 17-83] Releasing license: Implementation
INFO: [DRC 23-27] Running DRC with 2 threads
INFO: [Vivado_Tcl 4-198] DRC finished with 0 Errors
INFO: [Vivado_Tcl 4-199] Please refer to the DRC report (report_drc) for more information.
Running DRC as a precondition to command place_design
INFO: [DRC 23-27] Running DRC with 2 threads
INFO: [Vivado_Tcl 4-198] DRC finished with 0 Errors
INFO: [Vivado_Tcl 4-199] Please refer to the DRC report (report_drc) for more information.
INFO: [Place 30-611] Multithreading enabled for place_design using a maximum of 2 CPUs

Starting Placer Task

Phase 1 Placer Initialization

Phase 1.1 Placer Initialization Netlist Sorting
Netlist sorting complete. Time (s): cpu = 00:00:00 ; elapsed = 00:00:00.020 . Memory (MB): peak = 2187.098 ; gain = 0.000
Phase 1.1 Placer Initialization Netlist Sorting | Checksum: 210f6ae1d

Time (s): cpu = 00:00:00 ; elapsed = 00:00:00.031 . Memory (MB): peak = 2187.098 ; gain = 0.000
Netlist sorting complete. Time (s): cpu = 00:00:00 ; elapsed = 00:00:00.017 . Memory (MB): peak = 2187.098 ; gain = 0.000

Phase 1.2 IO Placement/ Clock Placement/ Build Placer Device
Phase 1.2 IO Placement/ Clock Placement/ Build Placer Device | Checksum: 1cbba3d26

Time (s): cpu = 00:00:02 ; elapsed = 00:00:02 . Memory (MB): peak = 2187.098 ; gain = 0.000

Phase 1.3 Build Placer Netlist Model
Phase 1.3 Build Placer Netlist Model | Checksum: 26eea96d5

Time (s): cpu = 00:00:07 ; elapsed = 00:00:08 . Memory (MB): peak = 2187.098 ; gain = 0.000

Phase 1.4 Constrain Clocks/Macros
Phase 1.4 Constrain Clocks/Macros | Checksum: 26eea96d5

Time (s): cpu = 00:00:07 ; elapsed = 00:00:08 . Memory (MB): peak = 2187.098 ; gain = 0.000
Phase 1 Placer Initialization | Checksum: 26eea96d5

Time (s): cpu = 00:00:07 ; elapsed = 00:00:08 . Memory (MB): peak = 2187.098 ; gain = 0.000

Phase 2 Global Placement

Phase 2.1 Floorplanning
Phase 2.1 Floorplanning | Checksum: 253f74455

Time (s): cpu = 00:00:08 ; elapsed = 00:00:09 . Memory (MB): peak = 2187.098 ; gain = 0.000

Phase 2.2 Update Timing before SLR Path Opt
Phase 2.2 Update Timing before SLR Path Opt | Checksum: 2739a1618

Time (s): cpu = 00:00:08 ; elapsed = 00:00:10 . Memory (MB): peak = 2187.098 ; gain = 0.000

Phase 2.3 Post-Processing in Floorplanning
Phase 2.3 Post-Processing in Floorplanning | Checksum: 2739a1618

Time (s): cpu = 00:00:09 ; elapsed = 00:00:10 . Memory (MB): peak = 2187.098 ; gain = 0.000

Phase 2.4 Global Place Phase1
Phase 2.4 Global Place Phase1 | Checksum: 1b29d4c22

Time (s): cpu = 00:00:19 ; elapsed = 00:00:22 . Memory (MB): peak = 2187.098 ; gain = 0.000

Phase 2.5 Global Place Phase2

Phase 2.5.1 UpdateTiming Before Physical Synthesis
Phase 2.5.1 UpdateTiming Before Physical Synthesis | Checksum: 179f96a8e

Time (s): cpu = 00:00:21 ; elapsed = 00:00:23 . Memory (MB): peak = 2187.098 ; gain = 0.000

Phase 2.5.2 Physical Synthesis In Placer
INFO: [Physopt 32-1035] Found 0 LUTNM shape to break, 1239 LUT instances to create LUTNM shape
INFO: [Physopt 32-1044] Break lutnm for timing: one critical 0, two critical 0, total 0, new lutff created 0
INFO: [Physopt 32-1138] End 1 Pass. Optimized 536 nets or LUTs. Breaked 0 LUT, combined 536 existing LUTs and moved 0 existing LUT
INFO: [Physopt 32-65] No nets found for high-fanout optimization.
INFO: [Physopt 32-232] Optimized 0 net. Created 0 new instance.
INFO: [Physopt 32-775] End 1 Pass. Optimized 0 net or cell. Created 0 new cell, deleted 0 existing cell and moved 0 existing cell
INFO: [Physopt 32-670] No setup violation found.  DSP Register Optimization was not performed.
INFO: [Physopt 32-670] No setup violation found.  Shift Register to Pipeline Optimization was not performed.
INFO: [Physopt 32-670] No setup violation found.  Shift Register Optimization was not performed.
INFO: [Physopt 32-670] No setup violation found.  BRAM Register Optimization was not performed.
INFO: [Physopt 32-670] No setup violation found.  URAM Register Optimization was not performed.
INFO: [Physopt 32-949] No candidate nets found for dynamic/static region interface net replication
INFO: [Physopt 32-775] End 1 Pass. Optimized 0 net or cell. Created 0 new cell, deleted 0 existing cell and moved 0 existing cell
Netlist sorting complete. Time (s): cpu = 00:00:00 ; elapsed = 00:00:00.021 . Memory (MB): peak = 2187.098 ; gain = 0.000

Summary of Physical Synthesis Optimizations
============================================


-----------------------------------------------------------------------------------------------------------------------------------------------------------
|  Optimization                                     |  Added Cells  |  Removed Cells  |  Optimized Cells/Nets  |  Dont Touch  |  Iterations  |  Elapsed   |
-----------------------------------------------------------------------------------------------------------------------------------------------------------
|  LUT Combining                                    |            0  |            536  |                   536  |           0  |           1  |  00:00:01  |
|  Retime                                           |            0  |              0  |                     0  |           0  |           1  |  00:00:00  |
|  Very High Fanout                                 |            0  |              0  |                     0  |           0  |           1  |  00:00:00  |
|  DSP Register                                     |            0  |              0  |                     0  |           0  |           0  |  00:00:00  |
|  Shift Register to Pipeline                       |            0  |              0  |                     0  |           0  |           0  |  00:00:00  |
|  Shift Register                                   |            0  |              0  |                     0  |           0  |           0  |  00:00:00  |
|  BRAM Register                                    |            0  |              0  |                     0  |           0  |           0  |  00:00:00  |
|  URAM Register                                    |            0  |              0  |                     0  |           0  |           0  |  00:00:00  |
|  Dynamic/Static Region Interface Net Replication  |            0  |              0  |                     0  |           0  |           1  |  00:00:00  |
|  Total                                            |            0  |            536  |                   536  |           0  |           4  |  00:00:01  |
-----------------------------------------------------------------------------------------------------------------------------------------------------------


Phase 2.5.2 Physical Synthesis In Placer | Checksum: 1d3c5aac1

Time (s): cpu = 00:00:22 ; elapsed = 00:00:26 . Memory (MB): peak = 2187.098 ; gain = 0.000
Phase 2.5 Global Place Phase2 | Checksum: fdec139e

Time (s): cpu = 00:00:23 ; elapsed = 00:00:27 . Memory (MB): peak = 2187.098 ; gain = 0.000
Phase 2 Global Placement | Checksum: fdec139e

Time (s): cpu = 00:00:23 ; elapsed = 00:00:27 . Memory (MB): peak = 2187.098 ; gain = 0.000

Phase 3 Detail Placement

Phase 3.1 Commit Multi Column Macros
Phase 3.1 Commit Multi Column Macros | Checksum: 1cbbabce8

Time (s): cpu = 00:00:24 ; elapsed = 00:00:28 . Memory (MB): peak = 2187.098 ; gain = 0.000

Phase 3.2 Commit Most Macros & LUTRAMs
Phase 3.2 Commit Most Macros & LUTRAMs | Checksum: 18391bed5

Time (s): cpu = 00:00:25 ; elapsed = 00:00:30 . Memory (MB): peak = 2187.098 ; gain = 0.000

Phase 3.3 Area Swap Optimization
Phase 3.3 Area Swap Optimization | Checksum: 221fc1951

Time (s): cpu = 00:00:25 ; elapsed = 00:00:30 . Memory (MB): peak = 2187.098 ; gain = 0.000

Phase 3.4 Pipeline Register Optimization
Phase 3.4 Pipeline Register Optimization | Checksum: 24a308b47

Time (s): cpu = 00:00:25 ; elapsed = 00:00:30 . Memory (MB): peak = 2187.098 ; gain = 0.000

Phase 3.5 Small Shape Detail Placement
Phase 3.5 Small Shape Detail Placement | Checksum: 24bff4e87

Time (s): cpu = 00:00:29 ; elapsed = 00:00:39 . Memory (MB): peak = 2187.098 ; gain = 0.000

Phase 3.6 Re-assign LUT pins
Phase 3.6 Re-assign LUT pins | Checksum: 20a6cbb2b

Time (s): cpu = 00:00:29 ; elapsed = 00:00:40 . Memory (MB): peak = 2187.098 ; gain = 0.000

Phase 3.7 Pipeline Register Optimization
Phase 3.7 Pipeline Register Optimization | Checksum: 1b118a02c

Time (s): cpu = 00:00:29 ; elapsed = 00:00:40 . Memory (MB): peak = 2187.098 ; gain = 0.000
Phase 3 Detail Placement | Checksum: 1b118a02c

Time (s): cpu = 00:00:29 ; elapsed = 00:00:40 . Memory (MB): peak = 2187.098 ; gain = 0.000

Phase 4 Post Placement Optimization and Clean-Up

Phase 4.1 Post Commit Optimization
INFO: [Timing 38-35] Done setting XDC timing constraints.

Phase 4.1.1 Post Placement Optimization
Post Placement Optimization Initialization | Checksum: 2c3227589

Phase 4.1.1.1 BUFG Insertion

Starting Physical Synthesis Task

Phase 1 Physical Synthesis Initialization
INFO: [Physopt 32-721] Multithreading enabled for phys_opt_design using a maximum of 2 CPUs
INFO: [Physopt 32-619] Estimated Timing Summary | WNS=0.745 | TNS=0.000 |
Phase 1 Physical Synthesis Initialization | Checksum: 25ce9c0c4

Time (s): cpu = 00:00:00 ; elapsed = 00:00:00.737 . Memory (MB): peak = 2187.098 ; gain = 0.000
INFO: [Place 46-33] Processed net design_1_i/My_Counter_IP_0/U0/My_Counter_IP_slave_lite_v1_0_S00_AXI_inst/counter/SR[0], BUFG insertion was skipped due to placement/routing conflicts.
INFO: [Place 46-56] BUFG insertion identified 1 candidate nets. Inserted BUFG: 0, Replicated BUFG Driver: 0, Skipped due to Placement/Routing Conflicts: 1, Skipped due to Timing Degradation: 0, Skipped due to netlist editing failed: 0.
Ending Physical Synthesis Task | Checksum: 2f5a24a64

Time (s): cpu = 00:00:01 ; elapsed = 00:00:01 . Memory (MB): peak = 2187.098 ; gain = 0.000
Phase 4.1.1.1 BUFG Insertion | Checksum: 2c3227589

Time (s): cpu = 00:00:35 ; elapsed = 00:00:47 . Memory (MB): peak = 2187.098 ; gain = 0.000

Phase 4.1.1.2 Post Placement Timing Optimization
INFO: [Place 30-746] Post Placement Timing Summary WNS=0.745. For the most accurate timing information please run report_timing.
Phase 4.1.1.2 Post Placement Timing Optimization | Checksum: 22a70f3cf

Time (s): cpu = 00:00:35 ; elapsed = 00:00:47 . Memory (MB): peak = 2187.098 ; gain = 0.000

Time (s): cpu = 00:00:35 ; elapsed = 00:00:47 . Memory (MB): peak = 2187.098 ; gain = 0.000
Phase 4.1 Post Commit Optimization | Checksum: 22a70f3cf

Time (s): cpu = 00:00:35 ; elapsed = 00:00:47 . Memory (MB): peak = 2187.098 ; gain = 0.000

Phase 4.2 Post Placement Cleanup
Phase 4.2 Post Placement Cleanup | Checksum: 22a70f3cf

Time (s): cpu = 00:00:35 ; elapsed = 00:00:47 . Memory (MB): peak = 2187.098 ; gain = 0.000

Phase 4.3 Placer Reporting

Phase 4.3.1 Print Estimated Congestion
INFO: [Place 30-612] Post-Placement Estimated Congestion 
 ____________________________________________________
|           | Global Congestion | Short Congestion  |
| Direction | Region Size       | Region Size       |
|___________|___________________|___________________|
|      North|                1x1|                1x1|
|___________|___________________|___________________|
|      South|                1x1|                4x4|
|___________|___________________|___________________|
|       East|                1x1|                2x2|
|___________|___________________|___________________|
|       West|                1x1|                1x1|
|___________|___________________|___________________|

Phase 4.3.1 Print Estimated Congestion | Checksum: 22a70f3cf

Time (s): cpu = 00:00:35 ; elapsed = 00:00:48 . Memory (MB): peak = 2187.098 ; gain = 0.000
Phase 4.3 Placer Reporting | Checksum: 22a70f3cf

Time (s): cpu = 00:00:35 ; elapsed = 00:00:48 . Memory (MB): peak = 2187.098 ; gain = 0.000

Phase 4.4 Final Placement Cleanup
Netlist sorting complete. Time (s): cpu = 00:00:00 ; elapsed = 00:00:00.018 . Memory (MB): peak = 2187.098 ; gain = 0.000

Time (s): cpu = 00:00:35 ; elapsed = 00:00:48 . Memory (MB): peak = 2187.098 ; gain = 0.000
Phase 4 Post Placement Optimization and Clean-Up | Checksum: 20ebd8cf1

Time (s): cpu = 00:00:35 ; elapsed = 00:00:48 . Memory (MB): peak = 2187.098 ; gain = 0.000
Ending Placer Task | Checksum: 1efece7a5

Time (s): cpu = 00:00:35 ; elapsed = 00:00:48 . Memory (MB): peak = 2187.098 ; gain = 0.000
101 Infos, 45 Warnings, 0 Critical Warnings and 0 Errors encountered.
place_design completed successfully
place_design: Time (s): cpu = 00:00:39 ; elapsed = 00:00:51 . Memory (MB): peak = 2187.098 ; gain = 0.000
INFO: [Vivado 12-24838] Running report commands "report_control_sets, report_io, report_utilization" in parallel.
Running report generation with 2 threads.
INFO: [Vivado 12-24828] Executing command : report_io -file design_1_wrapper_io_placed.rpt
report_io: Time (s): cpu = 00:00:00 ; elapsed = 00:00:00.124 . Memory (MB): peak = 2187.098 ; gain = 0.000
INFO: [Vivado 12-24828] Executing command : report_control_sets -verbose -file design_1_wrapper_control_sets_placed.rpt
report_control_sets: Time (s): cpu = 00:00:01 ; elapsed = 00:00:00.108 . Memory (MB): peak = 2187.098 ; gain = 0.000
INFO: [Vivado 12-24828] Executing command : report_utilization -file design_1_wrapper_utilization_placed.rpt -pb design_1_wrapper_utilization_placed.pb
INFO: [Timing 38-480] Writing timing data to binary archive.
Write ShapeDB Complete: Time (s): cpu = 00:00:00 ; elapsed = 00:00:00.139 . Memory (MB): peak = 2187.098 ; gain = 0.000
Wrote PlaceDB: Time (s): cpu = 00:00:04 ; elapsed = 00:00:02 . Memory (MB): peak = 2187.098 ; gain = 0.000
Wrote PulsedLatchDB: Time (s): cpu = 00:00:00 ; elapsed = 00:00:00 . Memory (MB): peak = 2187.098 ; gain = 0.000
Writing XDEF routing.
Writing XDEF routing logical nets.
Writing XDEF routing special nets.
Wrote RouteStorage: Time (s): cpu = 00:00:00 ; elapsed = 00:00:00.055 . Memory (MB): peak = 2187.098 ; gain = 0.000
Wrote Netlist Cache: Time (s): cpu = 00:00:00 ; elapsed = 00:00:00.061 . Memory (MB): peak = 2187.098 ; gain = 0.000
Wrote Device Cache: Time (s): cpu = 00:00:00 ; elapsed = 00:00:00.010 . Memory (MB): peak = 2187.098 ; gain = 0.000
Write Physdb Complete: Time (s): cpu = 00:00:05 ; elapsed = 00:00:02 . Memory (MB): peak = 2187.098 ; gain = 0.000
INFO: [Common 17-1381] The checkpoint 'C:/Users/C27John.Alves/ECE383/ece383_wksp/ice3/ublaze3/ublaze3.runs/impl_1/design_1_wrapper_placed.dcp' has been generated.
write_checkpoint: Time (s): cpu = 00:00:06 ; elapsed = 00:00:06 . Memory (MB): peak = 2187.098 ; gain = 0.000
Command: phys_opt_design
Attempting to get a license for feature 'Implementation' and/or device 'xc7a200t'
INFO: [Common 17-349] Got license for feature 'Implementation' and/or device 'xc7a200t'

Starting Initial Update Timing Task

Time (s): cpu = 00:00:04 ; elapsed = 00:00:03 . Memory (MB): peak = 2187.098 ; gain = 0.000
INFO: [Vivado_Tcl 4-2279] Estimated Timing Summary | WNS= 0.745 | TNS= 0.000 | 
INFO: [Vivado_Tcl 4-383] Design worst setup slack (WNS) is greater than or equal to 0.000 ns. All physical synthesis setup optimizations will be skipped.
INFO: [Vivado_Tcl 4-232] No setup violation found. The netlist was not modified.
INFO: [Common 17-83] Releasing license: Implementation
112 Infos, 45 Warnings, 0 Critical Warnings and 0 Errors encountered.
phys_opt_design completed successfully
INFO: [Timing 38-480] Writing timing data to binary archive.
Write ShapeDB Complete: Time (s): cpu = 00:00:00 ; elapsed = 00:00:00.133 . Memory (MB): peak = 2188.320 ; gain = 1.223
Wrote PlaceDB: Time (s): cpu = 00:00:04 ; elapsed = 00:00:02 . Memory (MB): peak = 2197.855 ; gain = 10.758
Wrote PulsedLatchDB: Time (s): cpu = 00:00:00 ; elapsed = 00:00:00 . Memory (MB): peak = 2197.855 ; gain = 0.000
Writing XDEF routing.
Writing XDEF routing logical nets.
Writing XDEF routing special nets.
Wrote RouteStorage: Time (s): cpu = 00:00:00 ; elapsed = 00:00:00.055 . Memory (MB): peak = 2197.855 ; gain = 0.000
Wrote Netlist Cache: Time (s): cpu = 00:00:00 ; elapsed = 00:00:00.062 . Memory (MB): peak = 2197.855 ; gain = 0.000
Wrote Device Cache: Time (s): cpu = 00:00:00 ; elapsed = 00:00:00.010 . Memory (MB): peak = 2197.855 ; gain = 0.000
Write Physdb Complete: Time (s): cpu = 00:00:04 ; elapsed = 00:00:02 . Memory (MB): peak = 2197.855 ; gain = 10.758
INFO: [Common 17-1381] The checkpoint 'C:/Users/C27John.Alves/ECE383/ece383_wksp/ice3/ublaze3/ublaze3.runs/impl_1/design_1_wrapper_physopt.dcp' has been generated.
Command: route_design
Attempting to get a license for feature 'Implementation' and/or device 'xc7a200t'
INFO: [Common 17-349] Got license for feature 'Implementation' and/or device 'xc7a200t'


Starting Routing Task
INFO: [Route 35-254] Multithreading enabled for route_design using a maximum of 2 CPUs

Phase 1 Build RT Design
Checksum: PlaceDB: b81fc542 ConstDB: 0 ShapeSum: 9fb236ff RouteDB: 981aeb64
Post Restoration Checksum: NetGraph: d64815 | NumContArr: 9c351e0a | Constraints: c2a8fa9d | Timing: c2a8fa9d
Phase 1 Build RT Design | Checksum: 2225d5b59

Time (s): cpu = 00:00:55 ; elapsed = 00:01:11 . Memory (MB): peak = 2383.738 ; gain = 185.883

Phase 2 Router Initialization

Phase 2.1 Fix Topology Constraints
Phase 2.1 Fix Topology Constraints | Checksum: 2225d5b59

Time (s): cpu = 00:00:55 ; elapsed = 00:01:12 . Memory (MB): peak = 2383.738 ; gain = 185.883

Phase 2.2 Pre Route Cleanup
Phase 2.2 Pre Route Cleanup | Checksum: 2225d5b59

Time (s): cpu = 00:00:55 ; elapsed = 00:01:12 . Memory (MB): peak = 2383.738 ; gain = 185.883
 Number of Nodes with overlaps = 0

Phase 2.3 Update Timing
Phase 2.3 Update Timing | Checksum: 20451bfe9

Time (s): cpu = 00:01:01 ; elapsed = 00:01:19 . Memory (MB): peak = 2465.188 ; gain = 267.332
INFO: [Route 35-416] Intermediate Timing Summary | WNS=0.883  | TNS=0.000  | WHS=-0.245 | THS=-240.241|


Phase 2.4 Update Timing for Bus Skew

Phase 2.4.1 Update Timing
Phase 2.4.1 Update Timing | Checksum: 146fbed7f

Time (s): cpu = 00:01:04 ; elapsed = 00:01:23 . Memory (MB): peak = 2465.188 ; gain = 267.332
INFO: [Route 35-416] Intermediate Timing Summary | WNS=0.883  | TNS=0.000  | WHS=-0.102 | THS=-0.414 |

Phase 2.4 Update Timing for Bus Skew | Checksum: 146fbed7f

Time (s): cpu = 00:01:04 ; elapsed = 00:01:23 . Memory (MB): peak = 2465.188 ; gain = 267.332

Router Utilization Summary
  Global Vertical Routing Utilization    = 0.000870533 %
  Global Horizontal Routing Utilization  = 0.00181758 %
  Routable Net Status*
  *Does not include unroutable nets such as driverless and loadless.
  Run report_route_status for detailed report.
  Number of Failed Nets               = 21084
    (Failed Nets is the sum of unrouted and partially routed nets)
  Number of Unrouted Nets             = 21084
  Number of Partially Routed Nets     = 0
  Number of Node Overlaps             = 0

Phase 2 Router Initialization | Checksum: 21ceaaf77

Time (s): cpu = 00:01:05 ; elapsed = 00:01:24 . Memory (MB): peak = 2478.605 ; gain = 280.750

Phase 3 Global Routing
Phase 3 Global Routing | Checksum: 21ceaaf77

Time (s): cpu = 00:01:05 ; elapsed = 00:01:24 . Memory (MB): peak = 2478.605 ; gain = 280.750

Phase 4 Initial Routing

Phase 4.1 Initial Net Routing Pass
Phase 4.1 Initial Net Routing Pass | Checksum: 25d1d863f

Time (s): cpu = 00:01:08 ; elapsed = 00:01:27 . Memory (MB): peak = 2478.605 ; gain = 280.750
Phase 4 Initial Routing | Checksum: 25d1d863f

Time (s): cpu = 00:01:08 ; elapsed = 00:01:27 . Memory (MB): peak = 2478.605 ; gain = 280.750

Phase 5 Rip-up And Reroute

Phase 5.1 Global Iteration 0
 Number of Nodes with overlaps = 1623
 Number of Nodes with overlaps = 95
 Number of Nodes with overlaps = 27
 Number of Nodes with overlaps = 9
 Number of Nodes with overlaps = 1
 Number of Nodes with overlaps = 0
INFO: [Route 35-416] Intermediate Timing Summary | WNS=1.098  | TNS=0.000  | WHS=N/A    | THS=N/A    |

Phase 5.1 Global Iteration 0 | Checksum: 1e72f132f

Time (s): cpu = 00:01:15 ; elapsed = 00:01:37 . Memory (MB): peak = 2478.605 ; gain = 280.750

Phase 5.2 Global Iteration 1
 Number of Nodes with overlaps = 0
INFO: [Route 35-416] Intermediate Timing Summary | WNS=1.098  | TNS=0.000  | WHS=N/A    | THS=N/A    |

Phase 5.2 Global Iteration 1 | Checksum: 22efc5ce3

Time (s): cpu = 00:01:16 ; elapsed = 00:01:38 . Memory (MB): peak = 2478.605 ; gain = 280.750

Phase 5.3 Global Iteration 2
 Number of Nodes with overlaps = 1
 Number of Nodes with overlaps = 0
INFO: [Route 35-416] Intermediate Timing Summary | WNS=1.098  | TNS=0.000  | WHS=N/A    | THS=N/A    |

Phase 5.3 Global Iteration 2 | Checksum: 294bf6122

Time (s): cpu = 00:01:16 ; elapsed = 00:01:38 . Memory (MB): peak = 2478.605 ; gain = 280.750
Phase 5 Rip-up And Reroute | Checksum: 294bf6122

Time (s): cpu = 00:01:16 ; elapsed = 00:01:38 . Memory (MB): peak = 2478.605 ; gain = 280.750

Phase 6 Delay and Skew Optimization

Phase 6.1 Delay CleanUp
Phase 6.1 Delay CleanUp | Checksum: 294bf6122

Time (s): cpu = 00:01:16 ; elapsed = 00:01:38 . Memory (MB): peak = 2478.605 ; gain = 280.750

Phase 6.2 Clock Skew Optimization
Phase 6.2 Clock Skew Optimization | Checksum: 294bf6122

Time (s): cpu = 00:01:16 ; elapsed = 00:01:38 . Memory (MB): peak = 2478.605 ; gain = 280.750
Phase 6 Delay and Skew Optimization | Checksum: 294bf6122

Time (s): cpu = 00:01:16 ; elapsed = 00:01:38 . Memory (MB): peak = 2478.605 ; gain = 280.750

Phase 7 Post Hold Fix

Phase 7.1 Hold Fix Iter
INFO: [Route 35-416] Intermediate Timing Summary | WNS=1.098  | TNS=0.000  | WHS=0.036  | THS=0.000  |

Phase 7.1 Hold Fix Iter | Checksum: 28046e1ec

Time (s): cpu = 00:01:17 ; elapsed = 00:01:39 . Memory (MB): peak = 2478.605 ; gain = 280.750
Phase 7 Post Hold Fix | Checksum: 28046e1ec

Time (s): cpu = 00:01:17 ; elapsed = 00:01:39 . Memory (MB): peak = 2478.605 ; gain = 280.750

Phase 8 Route finalize

Router Utilization Summary
  Global Vertical Routing Utilization    = 1.6773 %
  Global Horizontal Routing Utilization  = 2.97231 %
  Routable Net Status*
  *Does not include unroutable nets such as driverless and loadless.
  Run report_route_status for detailed report.
  Number of Failed Nets               = 0
    (Failed Nets is the sum of unrouted and partially routed nets)
  Number of Unrouted Nets             = 0
  Number of Partially Routed Nets     = 0
  Number of Node Overlaps             = 0

Phase 8 Route finalize | Checksum: 28046e1ec

Time (s): cpu = 00:01:17 ; elapsed = 00:01:39 . Memory (MB): peak = 2478.605 ; gain = 280.750

Phase 9 Verifying routed nets

 Verification completed successfully
Phase 9 Verifying routed nets | Checksum: 28046e1ec

Time (s): cpu = 00:01:17 ; elapsed = 00:01:40 . Memory (MB): peak = 2478.605 ; gain = 280.750

Phase 10 Depositing Routes
Phase 10 Depositing Routes | Checksum: 23906acd8

Time (s): cpu = 00:01:19 ; elapsed = 00:01:41 . Memory (MB): peak = 2478.605 ; gain = 280.750

Phase 11 Post Process Routing
Phase 11 Post Process Routing | Checksum: 23906acd8

Time (s): cpu = 00:01:19 ; elapsed = 00:01:41 . Memory (MB): peak = 2478.605 ; gain = 280.750

Phase 12 Post Router Timing
INFO: [Route 35-57] Estimated Timing Summary | WNS=1.098  | TNS=0.000  | WHS=0.036  | THS=0.000  |

INFO: [Route 35-327] The final timing numbers are based on the router estimated timing analysis. For a complete and accurate timing signoff, please run report_timing_summary.
Phase 12 Post Router Timing | Checksum: 23906acd8

Time (s): cpu = 00:01:19 ; elapsed = 00:01:41 . Memory (MB): peak = 2478.605 ; gain = 280.750
Total Elapsed time in route_design: 101.282 secs

Phase 13 Post-Route Event Processing
Phase 13 Post-Route Event Processing | Checksum: 1ad829585

Time (s): cpu = 00:01:19 ; elapsed = 00:01:41 . Memory (MB): peak = 2478.605 ; gain = 280.750
INFO: [Route 35-16] Router Completed Successfully
Ending Routing Task | Checksum: 1ad829585

Time (s): cpu = 00:01:19 ; elapsed = 00:01:42 . Memory (MB): peak = 2478.605 ; gain = 280.750

Routing Is Done.
INFO: [Common 17-83] Releasing license: Implementation
126 Infos, 45 Warnings, 0 Critical Warnings and 0 Errors encountered.
route_design completed successfully
route_design: Time (s): cpu = 00:01:19 ; elapsed = 00:01:42 . Memory (MB): peak = 2478.605 ; gain = 280.750
INFO: [Vivado 12-24828] Executing command : report_drc -file design_1_wrapper_drc_routed.rpt -pb design_1_wrapper_drc_routed.pb -rpx design_1_wrapper_drc_routed.rpx
Command: report_drc -file design_1_wrapper_drc_routed.rpt -pb design_1_wrapper_drc_routed.pb -rpx design_1_wrapper_drc_routed.rpx
INFO: [IP_Flow 19-1839] IP Catalog is up to date.
INFO: [DRC 23-27] Running DRC with 2 threads
INFO: [Vivado_Tcl 2-168] The results of DRC are in file C:/Users/C27John.Alves/ECE383/ece383_wksp/ice3/ublaze3/ublaze3.runs/impl_1/design_1_wrapper_drc_routed.rpt.
report_drc completed successfully
report_drc: Time (s): cpu = 00:00:07 ; elapsed = 00:00:06 . Memory (MB): peak = 2478.605 ; gain = 0.000
INFO: [Vivado 12-24828] Executing command : report_methodology -file design_1_wrapper_methodology_drc_routed.rpt -pb design_1_wrapper_methodology_drc_routed.pb -rpx design_1_wrapper_methodology_drc_routed.rpx
Command: report_methodology -file design_1_wrapper_methodology_drc_routed.rpt -pb design_1_wrapper_methodology_drc_routed.pb -rpx design_1_wrapper_methodology_drc_routed.rpx
INFO: [Timing 38-35] Done setting XDC timing constraints.
INFO: [DRC 23-133] Running Methodology with 2 threads
INFO: [Vivado_Tcl 2-1520] The results of Report Methodology are in file C:/Users/C27John.Alves/ECE383/ece383_wksp/ice3/ublaze3/ublaze3.runs/impl_1/design_1_wrapper_methodology_drc_routed.rpt.
report_methodology completed successfully
report_drc: Time (s): cpu = 00:00:12 ; elapsed = 00:00:11 . Memory (MB): peak = 2502.359 ; gain = 23.754
INFO: [Vivado 12-24828] Executing command : report_timing_summary -max_paths 10 -report_unconstrained -file design_1_wrapper_timing_summary_routed.rpt -pb design_1_wrapper_timing_summary_routed.pb -rpx design_1_wrapper_timing_summary_routed.rpx -warn_on_violation 
INFO: [Timing 38-35] Done setting XDC timing constraints.
INFO: [Timing 38-91] UpdateTimingParams: Speed grade: -1, Delay Type: min_max.
INFO: [Timing 38-191] Multithreading enabled for timing update using a maximum of 2 CPUs
WARNING: [Timing 38-436] There are set_bus_skew constraint(s) in this design. Please run report_bus_skew to ensure that bus skew requirements are met.
INFO: [Vivado 12-24838] Running report commands "report_incremental_reuse, report_route_status" in parallel.
Running report generation with 2 threads.
INFO: [Vivado 12-24828] Executing command : report_incremental_reuse -file design_1_wrapper_incremental_reuse_routed.rpt
INFO: [Vivado_Tcl 4-1062] Incremental flow is disabled. No incremental reuse Info to report.
INFO: [Vivado 12-24828] Executing command : report_route_status -file design_1_wrapper_route_status.rpt -pb design_1_wrapper_route_status.pb
INFO: [Vivado 12-24828] Executing command : report_power -file design_1_wrapper_power_routed.rpt -pb design_1_wrapper_power_summary_routed.pb -rpx design_1_wrapper_power_routed.rpx
Command: report_power -file design_1_wrapper_power_routed.rpt -pb design_1_wrapper_power_summary_routed.pb -rpx design_1_wrapper_power_routed.rpx
Running Vector-less Activity Propagation...

Finished Running Vector-less Activity Propagation
WARNING: [Power 33-332] Found switching activity that implies high-fanout reset nets being asserted for excessive periods of time which may result in inaccurate power analysis.
Resolution: To review and fix problems, please run Power Constraints Advisor in the GUI from Tools > Power Constraints Advisor or run report_power with the -advisory option to generate a text report.
143 Infos, 47 Warnings, 0 Critical Warnings and 0 Errors encountered.
report_power completed successfully
report_power: Time (s): cpu = 00:00:07 ; elapsed = 00:00:06 . Memory (MB): peak = 2538.375 ; gain = 36.016
INFO: [Vivado 12-24828] Executing command : report_clock_utilization -file design_1_wrapper_clock_utilization_routed.rpt
INFO: [Vivado 12-24828] Executing command : report_bus_skew -warn_on_violation -file design_1_wrapper_bus_skew_routed.rpt -pb design_1_wrapper_bus_skew_routed.pb -rpx design_1_wrapper_bus_skew_routed.rpx
INFO: [Timing 38-91] UpdateTimingParams: Speed grade: -1, Delay Type: min_max.
INFO: [Timing 38-191] Multithreading enabled for timing update using a maximum of 2 CPUs
generate_parallel_reports: Time (s): cpu = 00:00:30 ; elapsed = 00:00:28 . Memory (MB): peak = 2541.668 ; gain = 63.062
INFO: [Timing 38-480] Writing timing data to binary archive.
Write ShapeDB Complete: Time (s): cpu = 00:00:01 ; elapsed = 00:00:00.121 . Memory (MB): peak = 2571.363 ; gain = 12.160
Wrote PlaceDB: Time (s): cpu = 00:00:04 ; elapsed = 00:00:02 . Memory (MB): peak = 2585.449 ; gain = 26.246
Wrote PulsedLatchDB: Time (s): cpu = 00:00:00 ; elapsed = 00:00:00 . Memory (MB): peak = 2585.449 ; gain = 0.000
Writing XDEF routing.
Writing XDEF routing logical nets.
Writing XDEF routing special nets.
Wrote RouteStorage: Time (s): cpu = 00:00:01 ; elapsed = 00:00:00.314 . Memory (MB): peak = 2585.449 ; gain = 0.000
Wrote Netlist Cache: Time (s): cpu = 00:00:00 ; elapsed = 00:00:00.052 . Memory (MB): peak = 2585.449 ; gain = 0.000
Wrote Device Cache: Time (s): cpu = 00:00:00 ; elapsed = 00:00:00.008 . Memory (MB): peak = 2585.449 ; gain = 0.000
Write Physdb Complete: Time (s): cpu = 00:00:05 ; elapsed = 00:00:03 . Memory (MB): peak = 2585.449 ; gain = 26.246
INFO: [Common 17-1381] The checkpoint 'C:/Users/C27John.Alves/ECE383/ece383_wksp/ice3/ublaze3/ublaze3.runs/impl_1/design_1_wrapper_routed.dcp' has been generated.
write_checkpoint: Time (s): cpu = 00:00:06 ; elapsed = 00:00:05 . Memory (MB): peak = 2585.449 ; gain = 43.781
INFO: [Memdata 28-167] Found XPM memory block design_1_i/axi_smc_1/inst/s01_nodes/s01_r_node/inst/inst_mi_handler/gen_normal_area.inst_fifo_node_payld/gen_xpm_memory_fifo.inst_fifo/gen_mem_rep[0].inst_xpm_memory/xpm_memory_base_inst with a P_MEMORY_PRIMITIVE property set to distributed. A value of block is required. You will not be able to use the updatemem program to update the bitstream with new data for the design_1_i/axi_smc_1/inst/s01_nodes/s01_r_node/inst/inst_mi_handler/gen_normal_area.inst_fifo_node_payld/gen_xpm_memory_fifo.inst_fifo/gen_mem_rep[0].inst_xpm_memory/xpm_memory_base_inst block.
INFO: [Memdata 28-167] Found XPM memory block design_1_i/axi_smc_1/inst/s01_nodes/s01_ar_node/inst/inst_mi_handler/gen_normal_area.inst_fifo_node_payld/gen_xpm_memory_fifo.inst_fifo/gen_mem_rep[0].inst_xpm_memory/xpm_memory_base_inst with a P_MEMORY_PRIMITIVE property set to distributed. A value of block is required. You will not be able to use the updatemem program to update the bitstream with new data for the design_1_i/axi_smc_1/inst/s01_nodes/s01_ar_node/inst/inst_mi_handler/gen_normal_area.inst_fifo_node_payld/gen_xpm_memory_fifo.inst_fifo/gen_mem_rep[0].inst_xpm_memory/xpm_memory_base_inst block.
INFO: [Memdata 28-167] Found XPM memory block design_1_i/axi_smc_1/inst/s00_nodes/s00_w_node/inst/inst_mi_handler/gen_normal_area.inst_fifo_node_payld/gen_xpm_memory_fifo.inst_fifo/gen_mem_rep[0].inst_xpm_memory/xpm_memory_base_inst with a P_MEMORY_PRIMITIVE property set to distributed. A value of block is required. You will not be able to use the updatemem program to update the bitstream with new data for the design_1_i/axi_smc_1/inst/s00_nodes/s00_w_node/inst/inst_mi_handler/gen_normal_area.inst_fifo_node_payld/gen_xpm_memory_fifo.inst_fifo/gen_mem_rep[0].inst_xpm_memory/xpm_memory_base_inst block.
INFO: [Memdata 28-167] Found XPM memory block design_1_i/axi_smc_1/inst/s00_nodes/s00_w_node/inst/inst_mi_handler/gen_normal_area.gen_fifo_req.inst_fifo_req/gen_xpm_memory_fifo.inst_fifo/gen_mem_rep[0].inst_xpm_memory/xpm_memory_base_inst with a P_MEMORY_PRIMITIVE property set to distributed. A value of block is required. You will not be able to use the updatemem program to update the bitstream with new data for the design_1_i/axi_smc_1/inst/s00_nodes/s00_w_node/inst/inst_mi_handler/gen_normal_area.gen_fifo_req.inst_fifo_req/gen_xpm_memory_fifo.inst_fifo/gen_mem_rep[0].inst_xpm_memory/xpm_memory_base_inst block.
INFO: [Memdata 28-167] Found XPM memory block design_1_i/axi_smc_1/inst/s00_nodes/s00_r_node/inst/inst_mi_handler/gen_normal_area.inst_fifo_node_payld/gen_xpm_memory_fifo.inst_fifo/gen_mem_rep[0].inst_xpm_memory/xpm_memory_base_inst with a P_MEMORY_PRIMITIVE property set to distributed. A value of block is required. You will not be able to use the updatemem program to update the bitstream with new data for the design_1_i/axi_smc_1/inst/s00_nodes/s00_r_node/inst/inst_mi_handler/gen_normal_area.inst_fifo_node_payld/gen_xpm_memory_fifo.inst_fifo/gen_mem_rep[0].inst_xpm_memory/xpm_memory_base_inst block.
INFO: [Memdata 28-167] Found XPM memory block design_1_i/axi_smc_1/inst/s00_nodes/s00_aw_node/inst/inst_mi_handler/gen_normal_area.inst_fifo_node_payld/gen_xpm_memory_fifo.inst_fifo/gen_mem_rep[0].inst_xpm_memory/xpm_memory_base_inst with a P_MEMORY_PRIMITIVE property set to distributed. A value of block is required. You will not be able to use the updatemem program to update the bitstream with new data for the design_1_i/axi_smc_1/inst/s00_nodes/s00_aw_node/inst/inst_mi_handler/gen_normal_area.inst_fifo_node_payld/gen_xpm_memory_fifo.inst_fifo/gen_mem_rep[0].inst_xpm_memory/xpm_memory_base_inst block.
INFO: [Memdata 28-167] Found XPM memory block design_1_i/axi_smc_1/inst/s00_nodes/s00_ar_node/inst/inst_mi_handler/gen_normal_area.inst_fifo_node_payld/gen_xpm_memory_fifo.inst_fifo/gen_mem_rep[0].inst_xpm_memory/xpm_memory_base_inst with a P_MEMORY_PRIMITIVE property set to distributed. A value of block is required. You will not be able to use the updatemem program to update the bitstream with new data for the design_1_i/axi_smc_1/inst/s00_nodes/s00_ar_node/inst/inst_mi_handler/gen_normal_area.inst_fifo_node_payld/gen_xpm_memory_fifo.inst_fifo/gen_mem_rep[0].inst_xpm_memory/xpm_memory_base_inst block.
INFO: [Memdata 28-167] Found XPM memory block design_1_i/axi_smc_1/inst/m00_nodes/m00_w_node/inst/inst_si_handler/gen_si_handler.gen_request_fifos.gen_req_fifo[0].inst_req_fifo/gen_xpm_memory_fifo.inst_fifo/gen_mem_rep[0].inst_xpm_memory/xpm_memory_base_inst with a P_MEMORY_PRIMITIVE property set to distributed. A value of block is required. You will not be able to use the updatemem program to update the bitstream with new data for the design_1_i/axi_smc_1/inst/m00_nodes/m00_w_node/inst/inst_si_handler/gen_si_handler.gen_request_fifos.gen_req_fifo[0].inst_req_fifo/gen_xpm_memory_fifo.inst_fifo/gen_mem_rep[0].inst_xpm_memory/xpm_memory_base_inst block.
INFO: [Memdata 28-167] Found XPM memory block design_1_i/axi_smc_1/inst/m00_nodes/m00_w_node/inst/inst_mi_handler/gen_normal_area.inst_fifo_node_payld/gen_xpm_memory_fifo.inst_fifo/gen_mem_rep[0].inst_xpm_memory/xpm_memory_base_inst with a P_MEMORY_PRIMITIVE property set to distributed. A value of block is required. You will not be able to use the updatemem program to update the bitstream with new data for the design_1_i/axi_smc_1/inst/m00_nodes/m00_w_node/inst/inst_mi_handler/gen_normal_area.inst_fifo_node_payld/gen_xpm_memory_fifo.inst_fifo/gen_mem_rep[0].inst_xpm_memory/xpm_memory_base_inst block.
INFO: [Memdata 28-167] Found XPM memory block design_1_i/axi_smc_1/inst/m00_nodes/m00_r_node/inst/inst_mi_handler/gen_normal_area.inst_fifo_node_payld/gen_xpm_memory_fifo.inst_fifo/gen_mem_rep[0].inst_xpm_memory/xpm_memory_base_inst with a P_MEMORY_PRIMITIVE property set to distributed. A value of block is required. You will not be able to use the updatemem program to update the bitstream with new data for the design_1_i/axi_smc_1/inst/m00_nodes/m00_r_node/inst/inst_mi_handler/gen_normal_area.inst_fifo_node_payld/gen_xpm_memory_fifo.inst_fifo/gen_mem_rep[0].inst_xpm_memory/xpm_memory_base_inst block.
INFO: [Memdata 28-167] Found XPM memory block design_1_i/axi_smc_1/inst/m00_nodes/m00_r_node/inst/inst_mi_handler/gen_normal_area.gen_fifo_req.inst_fifo_req/gen_xpm_memory_fifo.inst_fifo/gen_mem_rep[0].inst_xpm_memory/xpm_memory_base_inst with a P_MEMORY_PRIMITIVE property set to distributed. A value of block is required. You will not be able to use the updatemem program to update the bitstream with new data for the design_1_i/axi_smc_1/inst/m00_nodes/m00_r_node/inst/inst_mi_handler/gen_normal_area.gen_fifo_req.inst_fifo_req/gen_xpm_memory_fifo.inst_fifo/gen_mem_rep[0].inst_xpm_memory/xpm_memory_base_inst block.
INFO: [Memdata 28-167] Found XPM memory block design_1_i/axi_smc_1/inst/m00_nodes/m00_b_node/inst/inst_mi_handler/gen_normal_area.gen_fifo_req.inst_fifo_req/gen_xpm_memory_fifo.inst_fifo/gen_mem_rep[0].inst_xpm_memory/xpm_memory_base_inst with a P_MEMORY_PRIMITIVE property set to distributed. A value of block is required. You will not be able to use the updatemem program to update the bitstream with new data for the design_1_i/axi_smc_1/inst/m00_nodes/m00_b_node/inst/inst_mi_handler/gen_normal_area.gen_fifo_req.inst_fifo_req/gen_xpm_memory_fifo.inst_fifo/gen_mem_rep[0].inst_xpm_memory/xpm_memory_base_inst block.
INFO: [Memdata 28-167] Found XPM memory block design_1_i/axi_smc_1/inst/m00_nodes/m00_aw_node/inst/inst_mi_handler/gen_normal_area.inst_fifo_node_payld/gen_xpm_memory_fifo.inst_fifo/gen_mem_rep[0].inst_xpm_memory/xpm_memory_base_inst with a P_MEMORY_PRIMITIVE property set to distributed. A value of block is required. You will not be able to use the updatemem program to update the bitstream with new data for the design_1_i/axi_smc_1/inst/m00_nodes/m00_aw_node/inst/inst_mi_handler/gen_normal_area.inst_fifo_node_payld/gen_xpm_memory_fifo.inst_fifo/gen_mem_rep[0].inst_xpm_memory/xpm_memory_base_inst block.
INFO: [Memdata 28-167] Found XPM memory block design_1_i/axi_smc_1/inst/m00_nodes/m00_ar_node/inst/inst_mi_handler/gen_normal_area.inst_fifo_node_payld/gen_xpm_memory_fifo.inst_fifo/gen_mem_rep[0].inst_xpm_memory/xpm_memory_base_inst with a P_MEMORY_PRIMITIVE property set to distributed. A value of block is required. You will not be able to use the updatemem program to update the bitstream with new data for the design_1_i/axi_smc_1/inst/m00_nodes/m00_ar_node/inst/inst_mi_handler/gen_normal_area.inst_fifo_node_payld/gen_xpm_memory_fifo.inst_fifo/gen_mem_rep[0].inst_xpm_memory/xpm_memory_base_inst block.
Command: write_bitstream -force design_1_wrapper.bit
Attempting to get a license for feature 'Implementation' and/or device 'xc7a200t'
INFO: [Common 17-349] Got license for feature 'Implementation' and/or device 'xc7a200t'
Running DRC as a precondition to command write_bitstream
INFO: [IP_Flow 19-1839] IP Catalog is up to date.
INFO: [DRC 23-27] Running DRC with 2 threads
INFO: [Vivado 12-3199] DRC finished with 0 Errors
INFO: [Vivado 12-3200] Please refer to the DRC report (report_drc) for more information.
INFO: [Designutils 20-2272] Running write_bitstream with 2 threads.
Loading data files...
Loading site data...
Loading route data...
Processing options...
Creating bitmap...
Creating bitstream...
Writing bitstream ./design_1_wrapper.bit...
INFO: [Vivado 12-1842] Bitgen Completed Successfully.
INFO: [Project 1-1876] WebTalk data collection is mandatory when using a ULT device. To see the specific WebTalk data collected for your design, open the usage_statistics_webtalk.html or usage_statistics_webtalk.xml file in the implementation directory.
INFO: [Common 17-83] Releasing license: Implementation
172 Infos, 47 Warnings, 0 Critical Warnings and 0 Errors encountered.
write_bitstream completed successfully
write_bitstream: Time (s): cpu = 00:00:35 ; elapsed = 00:00:34 . Memory (MB): peak = 3139.910 ; gain = 554.461
INFO: [Common 17-206] Exiting Vivado at Sat Mar  7 10:08:23 2026...
